LAB05/outputs/tables/q10_transformed_avocado.csv
Date,AveragePrice,Total Volume,4046,4225,4770,Total Bags,Small Bags,Large Bags,XLarge Bags,type,year,region
150,86,-0.22771640721428826,-0.2308159720360114,-0.1999021968853109,-0.21209136049959212,-0.23417028109650084,-0.23264650427562397,-0.22235201761713783,-0.1755796145322505,0,-1.2212820385676062,0
111,88,-0.23042663554195472,-0.23110251200429172,-0.20805446218132292,-0.2119967216235014,-0.23335028779804026,-0.231568381513163,-0.22233463766750677,-0.1755796145322505,0,-1.2212820385676062,0
72,46,-0.21208462202282627,-0.23100731489845847,-0.1544779032844675,-0.21132512991381944,-0.23472950985408036,-0.23339890517073644,-0.22231147806481447,-0.1755796145322505,0,-1.2212820385676062,0
33,61,-0.22344371559412635,-0.23074066497487805,-0.18535046262995009,-0.21186411552868406,-0.237096325515624,-0.23656822021815435,-0.22218596531535628,-0.1755796145322505,0,-1.2212820385676062,0
160,82,-0.2315378081917597,-0.2308912790971447,-0.20871921458537118,-0.21183433731791806,-0.23671832491992834,-0.23615428647906092,-0.22192391338613157,-0.1755796145322505,0,-1.2212820385676062,0
122,68,-0.2301073027684986,-0.23069934332795972,-0.2052065127936087,-0.212133701393025,-0.23621137683166418,-0.2353900918362828,-0.22221187127801387,-0.1755796145322505,0,-1.2212820385676062,0
83,261,-0.22215178750618705,-0.23055336968909487,-0.1839416695581739,-0.2116716738416088,-0.2345535746536749,-0.233191710467428,-0.22223396512907787,-0.1755796145322505,0,-1.2212820385676062,0
44,68,-0.21463044956872843,-0.23107921472220483,-0.1605690806720081,-0.21179506730247039,-0.2360640357909696,-0.2357782401543435,-0.22042907375607257,-0.1755796145322505,0,-1.2212820385676062,0
5,68,-0.21741517439859567,-0.23082750604841884,-0.17261122137400825,-0.21174537491325462,-0.23144117134755662,-0.22929478819896754,-0.22157082167358005,-0.1755796145322505,0,-1.2212820385676062,0
138,260,-0.2247911765432312,-0.2309696060299296,-0.19134584962959067,-0.21148797950394602,-0.23424222278556064,-0.23337309294573177,-0.22042054774304604,-0.1755796145322505,0,-1.2212820385676062,0
99,68,-0.22174938419768467,-0.23090441791045604,-0.18234450145792985,-0.211450105342128,-0.2346683568834363,-0.23361916681037903,-0.22139058667705244,-0.1755796145322505,0,-1.2212820385676062,0
60,68,-0.2276432774609909,-0.23038489721588337,-0.2013779452290873,-0.21155944720978442,-0.2327233050776281,-0.23095430251538862,-0.22167821664535683,-0.1755796145322505,0,-1.2212820385676062,0
21,84,-0.22865156461230415,-0.22984235592903487,-0.20370107391430756,-0.21159629774560734,-0.2341095641360935,-0.23294622629016404,-0.2211898564569033,-0.1755796145322505,0,-1.2212820385676062,0
148,52,-0.2153905414896169,-0.23068305025080293,-0.16256739905110992,-0.21109862939818053,-0.23686990438571487,-0.23628480842055646,-0.2221374736162678,-0.1755796145322505,0,-1.2212820385676062,0
109,86,-0.22611731389291884,-0.2308228576595939,-0.19586738183569252,-0.2111390160965319,-0.23359181718964064,-0.23279998381910963,-0.21954413099054268,-0.1755796145322505,0,-1.2212820385676062,0
70,81,-0.22427791889517293,-0.2308562975996101,-0.1905656571014042,-0.21121811446887911,-0.2335722271483068,-0.23256398824792215,-0.22018673823197177,-0.1755796145322505,0,-1.2212820385676062,0
31,64,-0.2176000503530215,-0.23094031643707857,-0.17032978401419618,-0.21029880526838743,-0.23488692982908438,-0.2337732762472059,-0.22180282760497563,-0.1755796145322505,0,-1.2212820385676062,0
163,60,-0.21571182882983111,-0.23109086731595985,-0.16675857318109888,-0.20941811468498292,-0.23253791960883588,-0.23048166807768647,-0.22237435741088526,-0.1755796145322505,0,-1.2212820385676062,0
125,87,-0.22315416752240919,-0.23105596487265695,-0.18870787669213446,-0.20840053738896347,-0.2319562718132703,-0.22977557104414778,-0.2221826450891296,-0.1755796145322505,0,-1.2212820385676062,0
86,86,-0.22313919988452383,-0.2312089427164519,-0.18809976469431802,-0.2088647052492785,-0.23239952184788065,-0.2303761274380646,-0.222137678568504,-0.1755796145322505,0,-1.2212820385676062,0
47,65,-0.2141345397865187,-0.23117338412302574,-0.16127824845619237,-0.20910618792720906,-0.23363386682805232,-0.2319593576502663,-0.22228520318813166,-0.1755796145322505,0,-1.2212820385676062,0
8,98,-0.22456116312713845,-0.23123242972869495,-0.19360679844362944,-0.20564326118584894,-0.23097610052156406,-0.22840490973163402,-0.2224124785268213,-0.1755796145322505,0,-1.2212820385676062,0
144,64,-0.21540394547409578,-0.231122694549649,-0.16876309542874257,-0.20354454872520633,-0.22961162169538904,-0.226672019541952,-0.22219662283163946,-0.1755796145322505,0,-1.2212820385676062,0
105,79,-0.21834016804946946,-0.2308117347291914,-0.17698479920518045,-0.19171320030333053,-0.23154346137704715,-0.22929618200550986,-0.22198007029885453,-0.1755796145322505,0,-1.2212820385676062,0
66,58,-0.210394981586604,-0.23110411680519558,-0.1664838007705152,-0.17291924091982025,-0.21821531794488971,-0.21162353257019342,-0.22228954817553945,-0.1736957558480727,0,-1.2212820385676062,0
27,88,-0.21468147389590533,-0.23094822186025024,-0.18483211155743481,-0.15779265430596037,-0.21267184323606186,-0.20442249807929072,-0.22176782176303012,-0.1755796145322505,0,-1.2212820385676062,0
154,90,-0.22039092555295423,-0.23111045695457927,-0.19733515733636292,-0.1691497847213876,-0.21595396606176903,-0.20891407986783517,-0.22129827618986112,-0.1755796145322505,0,-1.2212820385676062,0
115,80,-0.21595635237040509,-0.23099995494948564,-0.18143700920148506,-0.1615333559196221,-0.2208072974044971,-0.21514568170260495,-0.22185849263233168,-0.1755796145322505,0,-1.2212820385676062,0
76,85,-0.22036298538310403,-0.23096313939377516,-0.19911646489217477,-0.17180674557698414,-0.21358074206372282,-0.20619162723907267,-0.2200311384942372,-0.1755796145322505,0,-1.2212820385676062,0
37,60,-0.2107749638426502,-0.23111640183280432,-0.16272385779201928,-0.21169903257275005,-0.21989516398926603,-0.21427054541985352,-0.22084779117466016,-0.1755796145322505,0,-1.2212820385676062,0
166,76,-0.21877259929468515,-0.23090638636082578,-0.18660180035542873,-0.21206911989842628,-0.21897670335571592,-0.21305431519183024,-0.2208547595506915,-0.1755796145322505,0,-1.2212820385676062,0
129,72,-0.2169346434372041,-0.23109777665581188,-0.1858484331222758,-0.21199327851788158,-0.21322327450824505,-0.20563052629189196,-0.22030220832185538,-0.1755796145322505,0,-1.2212820385676062,0
90,96,-0.2145061854533848,-0.23072600041489463,-0.17706306594833718,-0.21166180980929253,-0.2159586709164165,-0.20894936729693034,-0.22120936790979098,-0.1755796145322505,0,-1.2212820385676062,0
51,79,-0.2114453512841327,-0.2305126488543376,-0.16041530446060207,-0.21081182800574047,-0.22593229354402436,-0.22201614280723306,-0.2215629515077094,-0.1755796145322505,0,-1.2212820385676062,0
12,73,-0.22917551301661557,-0.2309083627166187,-0.20734750353908254,-0.21051795428824346,-0.23024249808861288,-0.22782402745314126,-0.22122350961408985,-0.1755796145322505,0,-1.2212820385676062,0
142,75,-0.23195887688888833,-0.2309433204978838,-0.2153604600119079,-0.21170554655635512,-0.23003166178972345,-0.2279917131017697,-0.21985832276866055,-0.1755796145322505,0,-1.2212820385676062,0
103,72,-0.2321096623033985,-0.23102356054307624,-0.21693861786437119,-0.21210075924736513,-0.2284868876607757,-0.22594638241284906,-0.21986922622762722,-0.1755796145322505,0,-1.2212820385676062,0
64,66,-0.23231248552414527,-0.23095231686945317,-0.21990132636254164,-0.21233945021803638,-0.22564526699121026,-0.2221462224831911,-0.22000478163665993,-0.1755796145322505,0,-1.2212820385676062,0
25,69,-0.2326026764311518,-0.23087523899352938,-0.2155797879427256,-0.2116670209961766,-0.23210980825523556,-0.2309504293414393,-0.21963697435354818,-0.1696917789747707,0,-1.2212820385676062,0
157,55,-0.22668484189679972,-0.23052699719739414,-0.19644034688348355,-0.21170666323925882,-0.23519722716081215,-0.2345162555461718,-0.22078478885724764,-0.1755796145322505,0,-1.2212820385676062,0
119,65,-0.23289666643680512,-0.22994235162673332,-0.21662962866879118,-0.211219975607052,-0.23310277594040107,-0.231776742189252,-0.22069678236701684,-0.1755796145322505,0,-1.2212820385676062,0
80,64,-0.23385253934680236,-0.22995307928597727,-0.21984068292466707,-0.21161202436316814,-0.23247306562106612,-0.23078902922423727,-0.22117210759324707,-0.1755796145322505,0,-1.2212820385676062,0
41,60,-0.23458758096098822,-0.23100654016698766,-0.21990424143330228,-0.2110594524396415,-0.2336783804312902,-0.23234639360349038,-0.221281388125597,-0.1755796145322505,0,-1.2212820385676062,0
2,52,-0.2302185074822437,-0.23113794411094712,-0.20722850055068134,-0.2108506327366449,-0.23370934729787068,-0.2321339587236623,-0.22205631253072658,-0.1755796145322505,0,-1.2212820385676062,0
118,60,-0.23309119650318869,-0.2307751484307529,-0.21601292094950114,-0.21113436325109972,-0.23347806921671985,-0.23211506192342524,-0.22117915795017287,-0.1755796145322505,0,-1.2212820385676062,0
79,59,-0.2342805663015898,-0.23085556239525512,-0.22017426335820198,-0.21046975080956604,-0.2325315315518792,-0.23080205595461345,-0.22136861579733016,-0.1755796145322505,0,-1.2212820385676062,0
40,52,-0.23147573404717703,-0.23056250045285814,-0.21264466049867475,-0.21102036853801112,-0.23221870941668762,-0.23062350129535225,-0.22065013523805424,-0.1755796145322505,0,-1.2212820385676062,0
1,52,-0.22579456714285862,-0.23056524363469869,-0.1952826402342304,-0.2108708260858206,-0.23353521697704982,-0.23188634363062693,-0.22210972308348423,-0.1755796145322505,0,-1.2212820385676062,0
133,59,-0.23324395675403814,-0.23089135815137643,-0.21755763438614398,-0.21101208647314185,-0.23199129458902962,-0.23063656823168638,-0.2196908358012255,-0.1755796145322505,0,-1.2212820385676062,0
94,70,-0.2334281840818657,-0.23091289252409605,-0.21893281694120167,-0.21127608892296418,-0.23090103578243654,-0.22856228925304092,-0.22162767542390616,-0.1755796145322505,0,-1.2212820385676062,0
55,77,-0.23438844101271,-0.2308427635151402,-0.21884974988209155,-0.21135658314894104,-0.23444618431839198,-0.2334071741960884,-0.22114083188200062,-0.1755796145322505,0,-1.2212820385676062,0
16,75,-0.2344816231731182,-0.2294066248146588,-0.22163436499738293,-0.2120751685974881,-0.2331364399865855,-0.23186475303120715,-0.2205636863848187,-0.1755796145322505,0,-1.2212820385676062,0
