LAB05/outputs/tables/q10_transformed_avocado.csv
Date,AveragePrice,Total Volume,4046,4225,4770,Total Bags,Small Bags,Large Bags,XLarge Bags,type,year,region
150,52,-0.1345157522610683,-0.0007202350651559905,-0.22241213245245803,-0.20976735726312293,-0.1757069460652851,-0.1790354376779789,-0.14998293211464023,-0.1755796145322505,0,-1.2212820385676062,1
111,61,-0.15036163056042154,-0.03259743893416639,-0.22793371664043777,-0.2115804780711379,-0.1833690046541382,-0.18128119506728615,-0.17408838937708793,-0.1755796145322505,0,-1.2212820385676062,1
72,49,-0.12534464125794365,0.02523715867563618,-0.21936570910167505,-0.20997301303122565,-0.18058316287555481,-0.1920385537548589,-0.12998020871674792,-0.17481487981887137,0,-1.2212820385676062,1
33,60,-0.14275784754927917,-0.007893102198622914,-0.2254103117974051,-0.21084663128957326,-0.19159016018352243,-0.19454593131255457,-0.1667631915025214,-0.175426441503924,0,-1.2212820385676062,1
160,52,-0.14981051223034533,-0.033771789546317925,-0.22113422688833778,-0.20967495175283968,-0.188442125715268,-0.19990799889471408,-0.13772600957047523,-0.17419992684905877,0,-1.2212820385676062,1
122,53,-0.1431117689152174,-0.018348008532309754,-0.22043438566957846,-0.20787588253802997,-0.1858185608629303,-0.19460003512997087,-0.14325467812327403,-0.1755796145322505,0,-1.2212820385676062,1
83,66,-0.1479052034502075,-0.022998966619782343,-0.22150561188626675,-0.20829640670819108,-0.19528464729544306,-0.19907077683031063,-0.1678477987365721,-0.1755796145322505,0,-1.2212820385676062,1
44,65,-0.149590207943645,-0.033651050018217,-0.2164886339214894,-0.20799611206399768,-0.1936803628390687,-0.19638165494068968,-0.16968802387510087,-0.17418918778065212,0,-1.2212820385676062,1
5,52,-0.12496349494880593,-0.0020166137893854095,-0.19282196339534272,-0.21018713697801492,-0.1766762373806191,-0.19129179509584562,-0.11644852425377175,-0.17511500852013104,0,-1.2212820385676062,1
138,62,-0.14251424772247678,-0.04442384132305987,-0.1914699851357413,-0.20970724250013908,-0.18544401792980963,-0.20152272377397754,-0.12056728538319912,-0.1755796145322505,0,-1.2212820385676062,1
99,62,-0.14523778447802504,-0.050830404166804184,-0.19551967452077923,-0.20982951927809698,-0.18180614117025276,-0.1947447095686652,-0.12659181537629693,-0.1755796145322505,0,-1.2212820385676062,1
60,48,-0.12068206134784001,-0.029309439044875023,-0.16951198624269329,-0.20695880670334577,-0.1554884416041881,-0.1890145430394766,-0.03772735409425728,-0.1755796145322505,0,-1.2212820385676062,1
21,49,-0.12508119751115127,-0.021511711453072947,-0.16807271365612664,-0.20654265620789086,-0.18269720413729973,-0.22424075186265796,-0.039979287284895144,-0.1755796145322505,0,-1.2212820385676062,1
148,60,-0.139084898088826,-0.024428535913608083,-0.1937433582969535,-0.20620420823115354,-0.19668817438723743,-0.21665759994738723,-0.11974309046048343,-0.17542248500503735,0,-1.2212820385676062,1
109,46,-0.09677607674720862,0.041985770031868576,-0.17639238374222885,-0.19998233026232334,-0.15558187961189576,-0.19901447508719297,-0.007771125344575034,-0.1721159823640412,0,-1.2212820385676062,1
70,60,-0.12550109057257058,-0.011826643133266474,-0.19323231566395202,-0.20588660500195238,-0.16594365274791933,-0.18213884175832884,-0.10107968893581003,-0.17479170603967809,0,-1.2212820385676062,1
31,50,-0.10960268799703195,0.007988284235677313,-0.18393907007911955,-0.20405971177145815,-0.1472325573524599,-0.1773902098786165,-0.04012316375471819,-0.17258567530330066,0,-1.2212820385676062,1
163,68,-0.1354214463749899,-0.01358954459512564,-0.20788810382689035,-0.20291660070567827,-0.18085092385976942,-0.18100268839655834,-0.1648864848659463,-0.17384610280576585,0,-1.2212820385676062,1
125,65,-0.13655608830416432,-0.014661401395856507,-0.20673821222489003,-0.2036982787382858,-0.1847680702458358,-0.18315231334040435,-0.17402128801495106,-0.1755796145322505,0,-1.2212820385676062,1
86,62,-0.11160726849889989,0.0549988871147541,-0.21025228434906135,-0.19927928531751976,-0.18294411774833505,-0.18377665825944225,-0.1647383043991627,-0.1755796145322505,0,-1.2212820385676062,1
47,54,-0.10043643879773967,0.07274513915898172,-0.20606020496917812,-0.17297414449592008,-0.17457343098729958,-0.18276856087374624,-0.134324089382434,-0.17087307649950265,0,-1.2212820385676062,1
8,68,-0.12878295004648266,0.010735118381752012,-0.21032342536369214,-0.17982555245172524,-0.18834717688139116,-0.18771922769216332,-0.17469221965542509,-0.17323114983595322,0,-1.2212820385676062,1
144,61,-0.11966762961777021,0.033490214925856895,-0.2085126847287475,-0.20595109343964252,-0.1849783995560779,-0.18371504932987506,-0.17315040497282555,-0.1755796145322505,0,-1.2212820385676062,1
105,50,-0.08496748494332662,0.12102550320246888,-0.2053971717094246,-0.19409536410770206,-0.18083963829247926,-0.18373428117976173,-0.15636047183939505,-0.1755796145322505,0,-1.2212820385676062,1
66,67,-0.12840465016567565,0.013496063708188169,-0.21360685808588922,-0.20446720797440918,-0.18386992971727176,-0.18249631293047283,-0.17239691857160408,-0.1755796145322505,0,-1.2212820385676062,1
27,54,-0.08344745746689028,0.11333964525396911,-0.19971904573008645,-0.20464317858865452,-0.1714419750478137,-0.1762494462336676,-0.14136411671553079,-0.17418070956875212,0,-1.2212820385676062,1
154,66,-0.12029512952109836,0.030313349475512855,-0.2138183958845888,-0.2049408676394059,-0.17673321276480897,-0.17435303841299812,-0.1690038523201674,-0.16798313666985934,0,-1.2212820385676062,1
115,52,-0.08567669731976102,0.12356417174558716,-0.22001956528681188,-0.206226541889228,-0.16740470277164274,-0.16981646615750629,-0.1448080931024433,-0.1729491079867469,0,-1.2212820385676062,1
76,63,-0.1114361440074877,0.07380667147705033,-0.23042633468201867,-0.20814984207707718,-0.1808710006102047,-0.17902715525064097,-0.17117532126286716,-0.17156489859054183,0,-1.2212820385676062,1
37,52,-0.08676393159417461,0.12850857914119215,-0.22651212549446756,-0.20566559484392347,-0.1696880072631939,-0.1758874585922471,-0.13530167055873318,-0.17527157283321754,0,-1.2212820385676062,1
166,63,-0.11465112544607389,0.07106387700221635,-0.2288964955807954,-0.2076744143308162,-0.19053057419009437,-0.18989210508169108,-0.17682515757771636,-0.17388905907939248,0,-1.2212820385676062,1
129,49,-0.06585644061800262,0.1937765591996608,-0.22246735269601162,-0.20080690752981567,-0.18565856538559772,-0.19878855780946528,-0.12988617663077237,-0.17435196944913195,0,-1.2212820385676062,1
90,64,-0.11565050266862467,0.07383069605806905,-0.22966416410126958,-0.2047350257574859,-0.1969619583965826,-0.1989987009496901,-0.17484884415434068,-0.1755796145322505,0,-1.2212820385676062,1
51,63,-0.1073050875337536,0.09521650216003218,-0.2294633564205834,-0.20240255434233015,-0.195668153787849,-0.19846498025987414,-0.17125098962847782,-0.1755796145322505,0,-1.2212820385676062,1
12,53,-0.06267091377654738,0.1939951757720502,-0.22140112611635432,-0.20267800279191567,-0.17588203966453597,-0.20059270635862272,-0.08475708789139737,-0.1755796145322505,0,-1.2212820385676062,1
142,65,-0.11641899198743684,0.07483936481138873,-0.22987387479009072,-0.20284503994293124,-0.20089664658984754,-0.20220835597491904,-0.18093813905408251,-0.1755796145322505,0,-1.2212820385676062,1
103,65,-0.12152415241162595,0.05984502219491205,-0.23014418739156203,-0.20441342108121308,-0.1990402975177807,-0.2044244681712303,-0.16665571454985015,-0.1755796145322505,0,-1.2212820385676062,1
64,52,-0.11569359290259094,0.06685620761367196,-0.22650732517851416,-0.21050027347560119,-0.1913931646747058,-0.20955561953489021,-0.12004805938797161,-0.1755796145322505,0,-1.2212820385676062,1
25,57,-0.13537315554561988,0.02013119605209493,-0.2291363369725211,-0.20905444828600314,-0.19732209271234544,-0.20583065814858695,-0.1559611429023534,-0.16796504981780605,0,-1.2212820385676062,1
157,64,-0.14041661826030563,0.00950268662555824,-0.2312976418578253,-0.21011064419910977,-0.19859653035475003,-0.2048905892437444,-0.16343611987114598,-0.1755796145322505,0,-1.2212820385676062,1
119,53,-0.10744424110431224,0.079514805994424,-0.22567711136488278,-0.20970231048398097,-0.17984317238564698,-0.18990556067561876,-0.13351223258433847,-0.17481996674601138,0,-1.2212820385676062,1
80,65,-0.13061654215269788,0.0341226962121295,-0.23141705179342667,-0.20964824442005894,-0.19576248409557606,-0.19738845233374522,-0.17507900551561034,-0.17345497463011297,0,-1.2212820385676062,1
41,63,-0.124460351821764,0.05419230469397178,-0.23201459977412772,-0.21033435300748934,-0.19914289174045968,-0.19881491951589525,-0.18422745848354705,-0.1755796145322505,0,-1.2212820385676062,1
2,52,-0.09790542831569113,0.11742365801326225,-0.22753403635452757,-0.2093031894028079,-0.19284047530608583,-0.2010482666661816,-0.15192989637778992,-0.175428137146304,0,-1.2212820385676062,1
118,63,-0.1214250573248177,0.060324596786198184,-0.22990839886174846,-0.21032970016205715,-0.1989516353431311,-0.19938261424018,-0.18171798231288125,-0.1755796145322505,0,-1.2212820385676062,1
79,59,-0.12255936625372962,0.05647503516190731,-0.23065946559746356,-0.2066008167757932,-0.1974754060793059,-0.20835669127077192,-0.14830273368214825,-0.1755796145322505,0,-1.2212820385676062,1
40,56,-0.12067932495437869,0.06660157393331251,-0.23087366101053178,-0.20765543072145293,-0.20350425143956644,-0.2199939707500923,-0.13708155775892025,-0.1755796145322505,0,-1.2212820385676062,1
1,49,-0.06193012718391995,0.20569131259792095,-0.21889705541785354,-0.20979490210808152,-0.19057167068984907,-0.23003296958695124,-0.05409643830584354,-0.1755796145322505,0,-1.2212820385676062,1
133,63,-0.11620584575855283,0.07937024742630681,-0.2295815870398087,-0.20700961577546523,-0.2058648108612017,-0.2265180843309429,-0.1266699841591894,-0.1755796145322505,0,-1.2212820385676062,1
94,64,-0.1213722319005689,0.06263347839398556,-0.2295951823983133,-0.2077778936132281,-0.20238857222219486,-0.22168489932165925,-0.1273996141201154,-0.1755796145322505,0,-1.2212820385676062,1
55,64,-0.1312024778319583,0.029568508409701304,-0.22938230748738447,-0.20197588841619854,-0.19529316470471864,-0.21561795428668554,-0.1172721043197788,-0.1755796145322505,0,-1.2212820385676062,1
16,53,-0.1203499210947231,0.056360896662154734,-0.22534361398179686,-0.21177506006711197,-0.19551856171756016,-0.22178616472775228,-0.09931759158972644,-0.1755796145322505,0,-1.2212820385676062,1
