LAB05/outputs/tables/q10_transformed_avocado.csv
Date,AveragePrice,Total Volume,4046,4225,4770,Total Bags,Small Bags,Large Bags,XLarge Bags,type,year,region
150,70,-0.07349883718132162,-0.19965773478277166,0.08217796389340232,-0.05105051750632748,-0.0960521446598315,-0.05313995555793938,-0.21303091288541343,-0.1755796145322505,0,-1.2212820385676062,2
111,64,-0.06021849714775549,-0.19626561256488625,0.11580243308735207,-0.03468785597495262,-0.09673458179849148,-0.054201352641892665,-0.2125433725059048,-0.1755796145322505,0,-1.2212820385676062,2
72,68,-0.06692861748924277,-0.19653527445469507,0.08695134658615823,0.01350687535310058,-0.0899123296244377,-0.04439312260168753,-0.21496295662576664,-0.1755796145322505,0,-1.2212820385676062,2
33,57,-0.058348237369158396,-0.19121569148620898,0.1315784306218109,0.02717963388321904,-0.12266512455388928,-0.08722269353500316,-0.21637171631661528,-0.1755796145322505,0,-1.2212820385676062,2
160,69,-0.08827227800053368,-0.199201070107837,0.06976364090916258,-0.025052836710886758,-0.13604626857924132,-0.10531111278149276,-0.21514147002351006,-0.1755796145322505,0,-1.2212820385676062,2
122,65,-0.08067994440711206,-0.19932783356839473,0.07556196580336778,0.00468777906402317,-0.11961735216053593,-0.0846832316228625,-0.21181800555149202,-0.1755796145322505,0,-1.2212820385676062,2
83,57,-0.03831342715045018,-0.19439330795175433,0.17300696779921018,0.14098637201635997,-0.11141465101791542,-0.07625330202718186,-0.20444148763697723,-0.1755796145322505,0,-1.2212820385676062,2
44,58,-0.005697716440819734,-0.1853261670341614,0.23366919999044458,0.2623767829194238,-0.09612402551025365,-0.05818747852906083,-0.19788346697301135,-0.1755796145322505,0,-1.2212820385676062,2
5,65,-0.03139565363658274,-0.1906379789716697,0.1483817289904712,0.3329206197688134,-0.08285563576007354,-0.03950675851202041,-0.201381099855365,-0.1755796145322505,0,-1.2212820385676062,2
138,68,-0.05610387930437057,-0.18913106301753238,0.08533996855408678,0.24423719971749638,-0.08467776309844385,-0.043163959457189954,-0.19756144601947007,-0.1755796145322505,0,-1.2212820385676062,2
99,260,0.04487099398564333,-0.1848974717464081,0.3739186110374708,0.24503367379857835,-0.08893956036698283,-0.04794381796424439,-0.2001705699673837,-0.1755796145322505,0,-1.2212820385676062,2
60,259,-0.057068679517057026,-0.20419819086515065,0.08043770817454117,0.3317512666547959,-0.0722811504671653,-0.024828085941496787,-0.20352854839598036,-0.1755796145322505,0,-1.2212820385676062,2
21,259,-0.055944036282720676,-0.20369594352020812,0.09339469940276937,0.18069784943863107,-0.06834732415460089,-0.019701022183561945,-0.203307199980868,-0.1755796145322505,0,-1.2212820385676062,2
148,68,-0.044697960104855425,-0.2045128029911136,0.12948101644693802,0.33666941733352707,-0.08897253490860689,-0.047445545527355366,-0.20182785473986686,-0.1755796145322505,0,-1.2212820385676062,2
109,68,-0.0409374286797128,-0.20031437504225688,0.12883486734347027,0.20934439513861633,-0.06652662652421613,-0.017831217305070188,-0.20166581950191512,-0.1755796145322505,0,-1.2212820385676062,2
70,259,0.02152907418616286,-0.18760294471844863,0.31589879498271517,0.1808164039402432,-0.08937159581271371,-0.04892886393404838,-0.19890429307115187,-0.1755796145322505,0,-1.2212820385676062,2
31,71,-0.007824247430120593,-0.18111695608809855,0.18886824153472304,0.4219257375533118,-0.07165611458315897,-0.022110739469394135,-0.20933562406645384,-0.17526648590607755,0,-1.2212820385676062,2
163,77,-0.033567214948335686,-0.19332963326400618,0.13541615865085924,0.1853191485787886,-0.05509441783771106,-0.00030274643496671234,-0.20978578115807686,-0.16560075912596212,0,-1.2212820385676062,2
125,69,-0.019316520836835657,-0.184802235113459,0.16937792063341514,0.22683965230509434,-0.062118715127509154,-0.009579118661407642,-0.21018937310163177,-0.16036518067065492,0,-1.2212820385676062,2
86,67,0.009298151179809228,-0.16325994906523586,0.2508374054220103,0.18856004153612474,-0.08483324637681497,-0.03891676288305875,-0.21126996327185266,-0.17434179559485194,0,-1.2212820385676062,2
47,69,-0.008432308805082682,-0.18707841989100835,0.21776606052358055,0.18698979925967,-0.07582148261097085,-0.02764813183219279,-0.2092152761133483,-0.1755796145322505,0,-1.2212820385676062,2
8,70,-0.014490081632351083,-0.18897976902887295,0.19933148523526362,0.20388623521902546,-0.07392937055971954,-0.024829868405632644,-0.21018609386585235,-0.1755796145322505,0,-1.2212820385676062,2
144,73,-0.022504416323636294,-0.18993728969427195,0.16722546892597648,0.20631716084352625,-0.0618312728440042,-0.009944121749674474,-0.20682979604559265,-0.17527383368972418,0,-1.2212820385676062,2
105,71,-0.01460848204742042,-0.1897724379048731,0.16697450707912692,0.25572135281322234,-0.03947019380008905,0.019624411886504333,-0.20690366083152462,-0.1748182711036314,0,-1.2212820385676062,2
66,63,8.326946392103442e-05,-0.18512954334903564,0.2096050832354664,0.25906367780098016,-0.04639152169560913,0.009437187084665354,-0.20467365753016176,-0.16174317271146663,0,-1.2212820385676062,2
27,69,0.013220040053882491,-0.1790608029536863,0.22630095584831889,0.30899336213378753,-0.03399897511328237,0.023993981994652913,-0.19858854365603879,-0.16877839294607844,0,-1.2212820385676062,2
154,68,0.003364063336993165,-0.18020923958868107,0.19880669775294924,0.2630729416529877,-0.028466978627430688,0.03375076181066654,-0.20624580514372112,-0.16630840721254797,0,-1.2212820385676062,2
115,69,0.003531747790911081,-0.1854688678278332,0.1932683041540878,0.2709166154256613,-0.01522636171535276,0.05187863650389223,-0.2084352688927606,-0.16257912440480568,0,-1.2212820385676062,2
76,62,0.03023144533284253,-0.18103677928629147,0.2477769133251633,0.2373427994698978,0.009691572614680939,0.08414781773763798,-0.20769772777551665,-0.1446838799404332,0,-1.2212820385676062,2
37,79,-0.016312299607861385,-0.1821591122139734,0.13935573144554114,0.1943141224252027,-0.014790239941124226,0.052229098437366714,-0.20786943675901776,-0.16085126481958767,0,-1.2212820385676062,2
166,72,0.02853176566261983,-0.17808039608820533,0.26796999882103606,0.2139663456771344,-0.022159106995211335,0.03965996547061178,-0.19924582547758085,-0.16042961508109482,0,-1.2212820385676062,2
129,71,0.016799955032304737,-0.18134906721784194,0.22056991842791,0.2509630739035412,-0.005207819893589165,0.06251793709693432,-0.19998890030520258,-0.16928991173071115,0,-1.2212820385676062,2
90,80,-0.017313162301148342,-0.18142421617051185,0.13289075229200514,0.2047367753640294,-0.012480065051263164,0.053565611489593955,-0.20161519629956998,-0.17468205449910487,0,-1.2212820385676062,2
51,79,0.0013209416743100106,-0.16903087635886205,0.1760250792519221,0.20054511997108002,-0.015331480741495561,0.04473226871381712,-0.18605997741799418,-0.1755796145322505,0,-1.2212820385676062,2
12,70,0.013414998677125624,-0.1738955654672039,0.2006128623081529,0.5089998314265435,-0.030371694416455264,0.026374563362956495,-0.19089512859388807,-0.17306780295334676,0,-1.2212820385676062,2
142,82,-0.02976817421457688,-0.18577315547113396,0.11326279188153587,0.15915368617706319,-0.0215849423520807,0.04003179016974432,-0.19738457223961636,-0.16977034373837727,0,-1.2212820385676062,2
103,81,-0.025418458185873672,-0.17828440343857344,0.11001585152663836,0.1794653106836445,-0.014207760684176942,0.050513684437407516,-0.19919995716711592,-0.1755796145322505,0,-1.2212820385676062,2
64,68,-0.0037685185114162737,-0.1756677558012898,0.18936794778143326,0.1808191025905939,-0.03878178433516321,0.018604172301507065,-0.20094508446804085,-0.1755796145322505,0,-1.2212820385676062,2
25,82,-0.04707713404982616,-0.189278957674228,0.08813720733762921,0.17706258130246272,-0.0489745680152501,0.0025656404191725653,-0.19667638028259846,-0.12620194321258138,0,-1.2212820385676062,2
157,78,-0.054139093781697505,-0.1857065127537968,0.08545584054055991,0.19467453183238,-0.0769310475452553,-0.03113362653293882,-0.2030402291979741,-0.1755796145322505,0,-1.2212820385676062,2
119,63,-0.012088431617489504,-0.18012464365532105,0.1908637777237827,0.18184859117091973,-0.06413769601787482,-0.01406503140988096,-0.20352748264435205,-0.1755796145322505,0,-1.2212820385676062,2
80,77,-0.04544610455545667,-0.18942048846527038,0.08361721986987916,0.22107049619681604,-0.042358335747935884,0.014656697741915966,-0.20332994967908785,-0.1755796145322505,0,-1.2212820385676062,2
41,79,-0.055856628057298616,-0.1879305849817985,0.06022516395846297,0.18079258137163043,-0.047775509444934396,0.008282163726629727,-0.2057323588015549,-0.1755796145322505,0,-1.2212820385676062,2
2,69,-0.02331835004348782,-0.18496205905372062,0.1691887981509061,0.16193683220078067,-0.0686240892571925,-0.01872322668817512,-0.20741665627877118,-0.1755796145322505,0,-1.2212820385676062,2
118,64,-0.029187682365694533,-0.19171232598069962,0.12525335825469447,0.37010476460922864,-0.049559815430211956,0.006409209381431825,-0.20721699181025036,-0.1755796145322505,0,-1.2212820385676062,2
79,78,-0.06177145400667047,-0.19230470305522238,0.05524748546616204,0.2145921533877637,-0.06048275402044796,-0.009823410061919028,-0.20172537862175927,-0.1755796145322505,0,-1.2212820385676062,2
40,62,-0.0016542303491572465,-0.17495089202808276,0.21568437610375218,0.13584060413908616,-0.05952679650653945,-0.008608493228522118,-0.201576747260056,-0.1755796145322505,0,-1.2212820385676062,2
1,59,0.04539654947817809,-0.15798346646388173,0.3079974167881486,0.5659045963467436,-0.07609883582039344,-0.029856698710395216,-0.20358150805381836,-0.1755796145322505,0,-1.2212820385676062,2
133,73,-0.045667236999331555,-0.19234865720805683,0.07577868595008622,0.1549324386871651,-0.022600095860454476,0.03694542001357968,-0.19162729996254316,-0.1755796145322505,0,-1.2212820385676062,2
94,76,-0.055857948475730765,-0.19215021527560158,0.08155971974080539,0.1650489343965538,-0.06670013831888724,-0.017159643787425582,-0.2044212793464864,-0.1755796145322505,0,-1.2212820385676062,2
55,70,-0.05224110232037109,-0.19095374528941572,0.10438050483359057,0.1832032205900469,-0.08541002708136598,-0.041363643876023835,-0.20602798190707164,-0.1755796145322505,0,-1.2212820385676062,2
16,61,-0.018132285033785785,-0.18895630573289945,0.2140637545567048,0.15964186271980832,-0.09987932084053815,-0.06037409295422191,-0.20637656467042642,-0.1755796145322505,0,-1.2212820385676062,2
