LAB05/outputs/tables/q10_transformed_avocado.csv
Date,AveragePrice,Total Volume,4046,4225,4770,Total Bags,Small Bags,Large Bags,XLarge Bags,type,year,region
150,66,-0.11577626383732227,-0.22856329798697456,0.04302854696828746,-0.08270131244496777,-0.15577362271832582,-0.12903577743939698,-0.22232738235834476,-0.1755796145322505,0,-1.2212820385676062,4
111,60,-0.10448712348638087,-0.22775212251532956,0.07885342950398508,-0.1577502203556188,-0.15284430315254072,-0.1252096846668605,-0.22218772790458774,-0.1755796145322505,0,-1.2212820385676062,4
72,54,-0.08707182363687332,-0.2279666361730928,0.13305330693587256,-0.21049785399597642,-0.15201166555721504,-0.1241979553429629,-0.22191616619160262,-0.1755796145322505,0,-1.2212820385676062,4
33,55,-0.10481247053414298,-0.22758298598657167,0.09332017823486342,-0.21120890183492336,-0.1660381959908783,-0.14276930175239014,-0.22181787109911386,-0.1755796145322505,0,-1.2212820385676062,4
160,68,-0.1448071051037555,-0.22878229401967617,-0.01863277381961626,-0.21155442213671763,-0.1678270141751173,-0.14518393756707837,-0.22166399296016348,-0.1755796145322505,0,-1.2212820385676062,4
122,68,-0.11115954819815421,-0.22811162163406123,0.07330521934204944,-0.21036441038898127,-0.16324125116091787,-0.13942470213029107,-0.22074068313601414,-0.1755796145322505,0,-1.2212820385676062,4
83,68,-0.09755605602290394,-0.22743752620021296,0.10446270816803085,-0.21123942450095853,-0.15441561306729107,-0.1294504482877195,-0.2155692873213856,-0.1755796145322505,0,-1.2212820385676062,4
44,68,-0.06048571682795907,-0.22744245127884888,0.20573784738188117,-0.21038302177071003,-0.1483412097071791,-0.12588409940553366,-0.20192106701689752,-0.1755796145322505,0,-1.2212820385676062,4
5,68,-0.08615937975241376,-0.22777285844030884,0.12821155711348312,-0.2109548564743259,-0.14310391558226251,-0.11894477889692116,-0.20197324785623788,-0.1755796145322505,0,-1.2212820385676062,4
138,68,-0.09161692684567921,-0.22846912858615365,0.11259250001253798,-0.21075925085235672,-0.1422733971994828,-0.11741848032117835,-0.2032840813686229,-0.1755796145322505,0,-1.2212820385676062,4
99,68,-0.03629636927352943,-0.2265682933007952,0.27601767868659677,-0.20944193725359575,-0.1506665029985043,-0.12885800009532283,-0.2022253800972298,-0.1755796145322505,0,-1.2212820385676062,4
60,68,-0.10567324146482741,-0.22756753878969424,0.06904924925173489,-0.20923572314404118,-0.1396543952449713,-0.11348996957175424,-0.20471214756012301,-0.1755796145322505,0,-1.2212820385676062,4
21,68,-0.09097121038016558,-0.22704700620095564,0.10979607512339594,-0.20995663501530434,-0.13850959459969567,-0.11389980230313664,-0.19883075620879787,-0.1755796145322505,0,-1.2212820385676062,4
148,68,-0.08609851309573939,-0.22751616934992472,0.13946266720369968,-0.20984561812329233,-0.15707755696023357,-0.13411518373517373,-0.2120630464451109,-0.1755796145322505,0,-1.2212820385676062,4
109,68,-0.10192813229531976,-0.22817556069667372,0.08597292094120516,-0.20864546317251384,-0.14648691900902056,-0.12139790521535465,-0.20814620425880273,-0.1755796145322505,0,-1.2212820385676062,4
70,68,-0.05645398709338972,-0.2273490091769598,0.22061327076229856,-0.2092474483145303,-0.15262846794558832,-0.13046985694958577,-0.20522678262525929,-0.1755796145322505,0,-1.2212820385676062,4
31,68,-0.07901351264135817,-0.22828568324145507,0.1517441842149111,-0.20791813037455423,-0.14648560083853743,-0.11745001519419805,-0.22021563649727807,-0.1755796145322505,0,-1.2212820385676062,4
163,68,-0.09381316492470992,-0.22833343990283508,0.11905143309338534,-0.20738379760512177,-0.15839167153418024,-0.1326162386128237,-0.22195998497970543,-0.1755796145322505,0,-1.2212820385676062,4
125,68,-0.07562658724114867,-0.2278851391656161,0.1604015872569992,-0.2068759860546528,-0.14582281457984897,-0.11607367143962717,-0.22174589187375507,-0.1755796145322505,0,-1.2212820385676062,4
86,68,-0.08248241401922946,-0.2281090681823768,0.14062248333435795,-0.20557281710600564,-0.14553613277931507,-0.11566942733640001,-0.2218233638190444,-0.1755796145322505,0,-1.2212820385676062,4
47,60,-0.04636719486412319,-0.22833644396364036,0.24569938973283076,-0.20484315788532995,-0.14714880282791673,-0.11781283375874954,-0.2217869643018926,-0.1755796145322505,0,-1.2212820385676062,4
8,70,-0.08068727041288687,-0.22812381179659194,0.14404036642847398,-0.19902812472109027,-0.14411721351218698,-0.11389079616855556,-0.2215273308090552,-0.1755796145322505,0,-1.2212820385676062,4
144,81,-0.10146672134030403,-0.2282368040099846,0.08149495700065937,-0.194320282655894,-0.1408863269591816,-0.10953151878564246,-0.22179934341695998,-0.1755796145322505,0,-1.2212820385676062,4
105,71,-0.0733978599191167,-0.22790413589749758,0.15154649923110805,-0.1653431988164061,-0.13170828105677768,-0.09739985344536836,-0.2218018438342418,-0.1755796145322505,0,-1.2212820385676062,4
66,67,-0.0625832796900777,-0.22742033190481456,0.14657155309857992,-0.12542383226022488,-0.09273492807995437,-0.04723951679682751,-0.21766762930620379,-0.1755796145322505,0,-1.2212820385676062,4
27,80,-0.0775265969736312,-0.22788565301812222,0.10223216412337843,-0.10967609078116795,-0.09204660987298505,-0.04853086515628962,-0.21093544023190225,-0.1755796145322505,0,-1.2212820385676062,4
154,78,-0.08401715142030453,-0.22792927514318348,0.08975762956359894,-0.1276688301812555,-0.09752784665546348,-0.05309874445103942,-0.2191225442406481,-0.1755796145322505,0,-1.2212820385676062,4
115,77,-0.08893694362881023,-0.22880348055377625,0.09115115796284526,-0.12972631843136895,-0.11511149055715977,-0.0755517348649057,-0.22153188074869917,-0.1755796145322505,0,-1.2212820385676062,4
76,61,-0.04815401925521244,-0.22760048068805058,0.1877772327010781,-0.151629867474119,-0.08942985894806786,-0.041460272194966515,-0.22198277566837255,-0.1755796145322505,0,-1.2212820385676062,4
37,78,-0.08342413876155257,-0.22844642421080463,0.10452135839512898,-0.2116736280366903,-0.10365983378614212,-0.06026839149076825,-0.22198273467792534,-0.1755796145322505,0,-1.2212820385676062,4
166,79,-0.08266603036396675,-0.22837192350283483,0.10211118453429054,-0.21152892454374927,-0.09817385158992444,-0.0531782316299089,-0.2214909312919034,-0.1755796145322505,0,-1.2212820385676062,4
129,67,-0.06287103824734079,-0.22799775191869653,0.1622234317369779,-0.209963521226544,-0.10289989836284731,-0.05953882757977207,-0.2211420615954179,-0.1755796145322505,0,-1.2212820385676062,4
90,79,-0.09154770043458911,-0.22824754748007492,0.0708914577018133,-0.21102585889562112,-0.09137261916519004,-0.04627299237165304,-0.21511658882203352,-0.1755796145322505,0,-1.2212820385676062,4
51,67,-0.06517709112597748,-0.22799787840546726,0.15088020208870803,-0.21131610339368098,-0.09697836221968613,-0.05479436371770066,-0.21171511952891203,-0.1755796145322505,0,-1.2212820385676062,4
12,70,-0.08637015444029796,-0.2286088569407129,0.1116461401459517,-0.21030839012997776,-0.12261514561303292,-0.08985470956234745,-0.20811956046809474,-0.1755796145322505,0,-1.2212820385676062,4
142,81,-0.11140527922663654,-0.22854034854350724,0.047596147258460855,-0.21131619645058963,-0.13205947209280117,-0.10095483744344001,-0.2123485039197114,-0.1755796145322505,0,-1.2212820385676062,4
103,68,-0.10019664675654749,-0.2284625512740748,0.07451778081288046,-0.211023532472905,-0.12581073561640937,-0.09064100408001276,-0.21863295433877727,-0.1755796145322505,0,-1.2212820385676062,4
64,79,-0.12803392531692667,-0.22880866651137685,-0.0008224804515399819,-0.21155228182781885,-0.13080332660079316,-0.09857208495340707,-0.2145582169496889,-0.1755796145322505,0,-1.2212820385676062,4
25,80,-0.11606536018694423,-0.2287441187311802,0.029292035920509864,-0.21160969794045206,-0.12573662401593888,-0.09200911901518963,-0.2147466910261124,-0.1673370969230801,0,-1.2212820385676062,4
157,72,-0.11496117764699709,-0.22877434116396547,0.036662397849085565,-0.21113101320238856,-0.13088208221727343,-0.0983123812690144,-0.2156709026401011,-0.1755796145322505,0,-1.2212820385676062,4
119,71,-0.11509380730806537,-0.2269269465392475,0.04089599414843405,-0.21108839313822972,-0.13888956231134306,-0.10720317835870347,-0.22084865197405226,-0.1755796145322505,0,-1.2212820385676062,4
80,78,-0.1253510435499468,-0.22682451597121217,0.011495952484260948,-0.21150110052806478,-0.1389989299023507,-0.10756811443704037,-0.22017460505958783,-0.1755796145322505,0,-1.2212820385676062,4
41,70,-0.12805743803111294,-0.22892753245418607,-0.0038551340378753227,-0.21180474522096937,-0.12700307151726115,-0.09164737260951686,-0.22037500735615903,-0.1755796145322505,0,-1.2212820385676062,4
2,64,-0.10566472244941658,-0.22838926009585028,0.07343254398544245,-0.21074371034861325,-0.14375792079757874,-0.11361066785752369,-0.22093165762971942,-0.1755796145322505,0,-1.2212820385676062,4
118,76,-0.14339620615681894,-0.22907998854005174,-0.03638711610018761,-0.21121504359089385,-0.1408650030166738,-0.10948953036355544,-0.2218415635776203,-0.1755796145322505,0,-1.2212820385676062,4
79,73,-0.1305245269410356,-0.22863547450053195,-0.011667025373622545,-0.21120499344476035,-0.12654440902777114,-0.09101432980157546,-0.2204570292410923,-0.1755796145322505,0,-1.2212820385676062,4
40,57,-0.06968643589790081,-0.22558538832159197,0.16658020846231328,-0.2089686498162336,-0.13528736741278713,-0.1029156016008033,-0.21940033650161414,-0.1755796145322505,0,-1.2212820385676062,4
1,75,-0.10442363336676898,-0.22682678482766244,0.06502641838191009,-0.2100008370469101,-0.13123382080103607,-0.09688799139469186,-0.22144936697839895,-0.1755796145322505,0,-1.2212820385676062,4
133,70,-0.12778536233838594,-0.22789568500012705,-0.005863293895186114,-0.21211164690567647,-0.12488858410550656,-0.08933313107183273,-0.21890529487026,-0.1755796145322505,0,-1.2212820385676062,4
94,76,-0.13010542728893737,-0.2281700110896072,-0.0061258412796739835,-0.21130623936136475,-0.1324281542371584,-0.09853937070562079,-0.2212267068689748,-0.1755796145322505,0,-1.2212820385676062,4
55,63,-0.11955350029302411,-0.22724954314261384,0.021113742613774897,-0.21140599636743085,-0.12990528746995858,-0.09515652181552414,-0.2213744774312859,-0.1755796145322505,0,-1.2212820385676062,4
16,55,-0.10392677960120644,-0.2259485002187131,0.0843772726641782,-0.2113407634744716,-0.15410028640818155,-0.12703453928436284,-0.2216837093652874,-0.1755796145322505,0,-1.2212820385676062,4
