LAB05/outputs/tables/q10_transformed_avocado.csv
Date,AveragePrice,Total Volume,4046,4225,4770,Total Bags,Small Bags,Large Bags,XLarge Bags,type,year,region
150,88,-0.2184513380153611,-0.23055424719106693,-0.21228669645330744,-0.21174146652309161,-0.1869799704562934,-0.17014894262579064,-0.22273425353767912,-0.1755796145322505,0,-1.2212820385676062,5
111,90,-0.2200050216835446,-0.23071464032179695,-0.213210317106952,-0.2115468845271175,-0.19110834859239417,-0.17560552101310742,-0.22273425353767912,-0.1755796145322505,0,-1.2212820385676062,5
72,88,-0.21780266798230188,-0.23051210338013875,-0.2112565469887046,-0.21192115941368267,-0.18600071174415236,-0.16885463242742613,-0.22273425353767912,-0.1755796145322505,0,-1.2212820385676062,5
33,76,-0.21491147572938027,-0.23026182558794683,-0.1967940421357712,-0.210984355514366,-0.19395717864052506,-0.17937088938715162,-0.22273425353767912,-0.1755796145322505,0,-1.2212820385676062,5
160,92,-0.22315965478760413,-0.23043813233552143,-0.21549254344602978,-0.21148341971542245,-0.19973015697023797,-0.18700117608712716,-0.22273425353767912,-0.1755796145322505,0,-1.2212820385676062,5
122,93,-0.22018605800016117,-0.23028233225565414,-0.21291968206060546,-0.21153888163297416,-0.19265249405541918,-0.17764645585062536,-0.22273425353767912,-0.1755796145322505,0,-1.2212820385676062,5
83,89,-0.21744636059709155,-0.2302095944570516,-0.21069687001275683,-0.21153934691751736,-0.18586595416168517,-0.16967124223738664,-0.21969186056240658,-0.1755796145322505,0,-1.2212820385676062,5
44,83,-0.21416406967066545,-0.23061668422327675,-0.20401120090103914,-0.2120277095740798,-0.18195957621448858,-0.16525859814628635,-0.21739639551679665,-0.1755796145322505,0,-1.2212820385676062,5
5,259,-0.21199170336697362,-0.229911251691976,-0.19373979543269054,-0.21080494179450082,-0.18793114199737085,-0.1732049706856881,-0.2172324337278245,-0.1755796145322505,0,-1.2212820385676062,5
138,259,-0.21748955507461823,-0.2304137203887673,-0.21469260152106626,-0.21179841735118157,-0.18084870324949398,-0.16459444932887674,-0.21493696868221454,-0.1755796145322505,0,-1.2212820385676062,5
99,259,-0.21559892436692008,-0.2304210091889316,-0.21132429123997046,-0.21199718690804464,-0.1783096635444435,-0.16024381622692313,-0.21797936165748708,-0.1755796145322505,0,-1.2212820385676062,5
60,259,-0.21470993238790323,-0.22991969468392334,-0.20288607494293667,-0.2116445012242848,-0.18618045949918596,-0.17069449726923022,-0.21783359962709087,-0.1755796145322505,0,-1.2212820385676062,5
21,259,-0.21767895114565053,-0.22924809736379728,-0.2132745649343141,-0.2115956463472468,-0.18476038429794192,-0.16893666598363252,-0.21746927653199474,-0.1755796145322505,0,-1.2212820385676062,5
148,259,-0.2200402878591696,-0.23012707764998577,-0.19505376150177536,-0.21154874566529036,-0.21415291931135583,-0.20696351462180548,-0.21998334363275182,-0.1755796145322505,0,-1.2212820385676062,5
109,259,-0.22876236103877087,-0.2304930275940255,-0.21204682184140214,-0.21171494530412813,-0.2234605717915698,-0.2194666964155345,-0.2193684869241063,-0.1755796145322505,0,-1.2212820385676062,5
70,259,-0.22516632595198963,-0.23039226507027938,-0.20487369642420472,-0.21128948911780884,-0.2198016550031477,-0.21412730499365942,-0.22090788317031848,-0.1755796145322505,0,-1.2212820385676062,5
31,259,-0.22426972129740677,-0.23047212565515962,-0.20410983991934054,-0.21092666023100687,-0.21753170459256788,-0.21054778195925156,-0.22267961327150415,-0.1755796145322505,0,-1.2212820385676062,5
163,259,-0.22207138676454957,-0.23052396942031944,-0.1939676028143532,-0.2102906162604268,-0.22221939260443177,-0.2167257490461145,-0.22273425353767912,-0.1755796145322505,0,-1.2212820385676062,5
125,259,-0.22635062256378305,-0.2306180597669086,-0.20887126334743755,-0.21095318144997033,-0.21881506523516595,-0.21222616627193774,-0.22273425353767912,-0.1755796145322505,0,-1.2212820385676062,5
86,259,-0.2261059976753031,-0.23066257520478828,-0.206975827864582,-0.21013865432861153,-0.2203042835481364,-0.21419450255138184,-0.22273425353767912,-0.1755796145322505,0,-1.2212820385676062,5
47,259,-0.22262193465069788,-0.2307345461773432,-0.1983786945333479,-0.20929006837868913,-0.21860060903733436,-0.2119427142683819,-0.22273425353767912,-0.1755796145322505,0,-1.2212820385676062,5
8,259,-0.22368383194861763,-0.23049100380569357,-0.20806950261764048,-0.20815142404452414,-0.21092384777770798,-0.20179615109201757,-0.22273425353767912,-0.1755796145322505,0,-1.2212820385676062,5
144,92,-0.21972774539541381,-0.2303080169755389,-0.20724333336087636,-0.20563684025915255,-0.19858812448297686,-0.18549172380776588,-0.22273425353767912,-0.1755796145322505,0,-1.2212820385676062,5
105,89,-0.2090077198669954,-0.23071398417167369,-0.1998706377146832,-0.1920191714189512,-0.17101415774762882,-0.14904653734943452,-0.22273425353767912,-0.1755796145322505,0,-1.2212820385676062,5
66,98,-0.2094405304429449,-0.2307506416189207,-0.20584875852597245,-0.1686657026826228,-0.16772859753889258,-0.1452757545730529,-0.22098531412516056,-0.1755796145322505,0,-1.2212820385676062,5
27,100,-0.20565809918314817,-0.2304472947209774,-0.19785034418677055,-0.15011834410701846,-0.16665904414865748,-0.14450539501672224,-0.2190177726574949,-0.1755796145322505,0,-1.2212820385676062,5
154,89,-0.20657521086259156,-0.23065869364201103,-0.2021056249583582,-0.16231373115550865,-0.16307517181981696,-0.13863677257033574,-0.22247921097493295,-0.1755796145322505,0,-1.2212820385676062,5
115,103,-0.2148542749712478,-0.23064356266206043,-0.20539123360231962,-0.1620606163639976,-0.1881016726987955,-0.1716315239232545,-0.22273425353767912,-0.1755796145322505,0,-1.2212820385676062,5
76,87,-0.20306275594604092,-0.23069963582861708,-0.2050250309524095,-0.17129167558764094,-0.14618040381260208,-0.11622315719128969,-0.22273425353767912,-0.1755796145322505,0,-1.2212820385676062,5
37,91,-0.20841064750069552,-0.23101971060199164,-0.19695825778861903,-0.21124779962273646,-0.16999180500046257,-0.1476952687106392,-0.22273425353767912,-0.1755796145322505,0,-1.2212820385676062,5
166,93,-0.20843005707251702,-0.2308137980446392,-0.20007310640434978,-0.2118008368308063,-0.16646064935117413,-0.143028053895778,-0.22273425353767912,-0.1755796145322505,0,-1.2212820385676062,5
129,96,-0.2110067465036159,-0.23081832785211653,-0.1994337093023874,-0.21157228906317727,-0.17628324006073462,-0.1560703707816604,-0.22255209199013107,-0.1755796145322505,0,-1.2212820385676062,5
90,88,-0.20663210178569721,-0.2308983623563065,-0.19391123647460315,-0.2120134718670573,-0.1675562112590186,-0.14578650425889275,-0.21872628958714968,-0.1755796145322505,0,-1.2212820385676062,5
51,86,-0.19693254253123582,-0.23059059632681025,-0.18387391700186315,-0.21081648085117266,-0.14637098084514316,-0.11708259974845417,-0.2208760335928106,-0.1755796145322505,0,-1.2212820385676062,5
12,95,-0.20671272838838228,-0.23088740543979058,-0.2033808729081098,-0.21177775871746266,-0.15631663797896286,-0.13115536853265344,-0.21821620446165735,-0.17314580250282668,0,-1.2212820385676062,5
142,94,-0.20665698414444136,-0.23075208040593795,-0.20396995804805568,-0.21154939706365086,-0.1556006686111668,-0.1295858619540991,-0.2201108649141249,-0.1733029320300398,0,-1.2212820385676062,5
103,95,-0.2058901511399783,-0.23082784598161527,-0.2011479785357501,-0.2119888117862667,-0.1562157776574579,-0.130183871970679,-0.22060332414730272,-0.1755796145322505,0,-1.2212820385676062,5
64,95,-0.21209843139892903,-0.23093670365868912,-0.20738607216760757,-0.2116764197439496,-0.17023365886479724,-0.14910551948974893,-0.21939865589327717,-0.1755796145322505,0,-1.2212820385676062,5
25,97,-0.21036883093120792,-0.23086930992615062,-0.20275164948615243,-0.21164906101280836,-0.16992475068196328,-0.14847498285318647,-0.2202833527161236,-0.17275354389892045,0,-1.2212820385676062,5
157,92,-0.21160092321545934,-0.2305662476234415,-0.2049058369479756,-0.21179022834322092,-0.17198244522544104,-0.15047171794093012,-0.2222896301564339,-0.1755796145322505,0,-1.2212820385676062,5
119,93,-0.21159735866482346,-0.2291923483195907,-0.20740563054835184,-0.21209098827195755,-0.17064736160103972,-0.14863619534258476,-0.22250651061279683,-0.1755796145322505,0,-1.2212820385676062,5
80,100,-0.2163722494286745,-0.22886828130751444,-0.20718259856750784,-0.21192143858440862,-0.18807413307547113,-0.17174403359558793,-0.22227880867836175,-0.1755796145322505,0,-1.2212820385676062,5
41,88,-0.20991150864028468,-0.23078773386444215,-0.19365787446977692,-0.21158745733928616,-0.1795374278119725,-0.1607944234190786,-0.22125859743692988,-0.1755796145322505,0,-1.2212820385676062,5
2,96,-0.21378042151607737,-0.23081899190766297,-0.21050758142934975,-0.21157024181118708,-0.17247496441680146,-0.15106070842094296,-0.22247921097493295,-0.1755796145322505,0,-1.2212820385676062,5
118,94,-0.21459611000252948,-0.2302843402331398,-0.20742730671554616,-0.21131377697096487,-0.17980574648369915,-0.16139924164453825,-0.22049342875824415,-0.1755796145322505,0,-1.2212820385676062,5
79,97,-0.21730058756044549,-0.2304333337436562,-0.20918997775059783,-0.21200202586729414,-0.186857897729783,-0.17015437043011403,-0.22222416841218678,-0.1755796145322505,0,-1.2212820385676062,5
40,89,-0.20787437519101748,-0.23019486665368283,-0.1900963722341701,-0.2110323728792262,-0.17757317127620245,-0.15851391468011553,-0.22029302646167295,-0.1755796145322505,0,-1.2212820385676062,5
1,86,-0.20174709796983115,-0.22996140369657708,-0.19133496171572412,-0.21149272540628683,-0.15485422922566458,-0.12778286597573624,-0.2224427704673339,-0.1755796145322505,0,-1.2212820385676062,5
133,103,-0.2132913223131492,-0.23059110227389323,-0.200273739679093,-0.21184596943149855,-0.18351920511080386,-0.1665665113604243,-0.21970096044169454,-0.1755796145322505,0,-1.2212820385676062,5
94,105,-0.21532194343554387,-0.23035072207151228,-0.1937523111353579,-0.2112991670363078,-0.198959899258083,-0.18598608286474766,-0.22272515365839116,-0.1755796145322505,0,-1.2212820385676062,5
55,107,-0.21555908884856284,-0.2303372907575436,-0.20278375678974364,-0.2117986965219075,-0.1887264652282511,-0.17245732749559983,-0.22273425353767912,-0.1755796145322505,0,-1.2212820385676062,5
16,93,-0.2126541335500098,-0.22905209030167895,-0.1988738745305865,-0.2115200841374281,-0.185006567845325,-0.16754064811363753,-0.22273425353767912,-0.1755796145322505,0,-1.2212820385676062,5
