LAB05/outputs/tables/q10_transformed_avocado.csv
Date,AveragePrice,Total Volume,4046,4225,4770,Total Bags,Small Bags,Large Bags,XLarge Bags,type,year,region
150,43,1.2131985608174243,1.2181768279411551,1.2173546873363175,1.9534144644033613,0.9866686634664376,1.2168271301034392,0.2311830967631687,0.4930455235344435,0,-1.2212820385676062,6
111,47,1.113406125129043,1.0937888205597472,1.0365744065002178,2.2691934990243574,0.9830773485442538,1.178716586062798,0.33779822528112113,0.43002019191229696,0,-1.2212820385676062,6
72,40,1.2766101589674104,1.1966294033678702,1.1063035634976595,1.9555480732047454,1.3717076000374298,1.6374778507579957,0.5157101701921405,0.2921893358400309,0,-1.2212820385676062,6
33,31,1.4260786211438061,1.304439943899289,1.499136680392958,1.8529261240922235,1.2883880818934283,1.6007951543040606,0.2964686640680447,0.21792585173738416,0,-1.2212820385676062,6
160,44,1.0786505721065753,0.9238996559888145,1.2582542762039064,1.856218570576948,0.85362516905684,1.084722105817559,0.11477448959946315,0.2534314727462894,0,-1.2212820385676062,6
122,45,1.144835833686405,1.0349836504308894,1.3470533278145806,1.7940666988059613,0.8412632040297218,1.0686982625118626,0.11520870140710865,0.23414806238682523,0,-1.2212820385676062,6
83,36,1.4201872442042225,1.541561483416349,1.5521667341150804,1.6035527786501373,0.9260449179917897,1.2190097909427349,-0.002214173383178544,0.23998502867290514,0,-1.2212820385676062,6
44,51,1.2446505919749913,1.6007299156453683,1.2157007542541682,1.8023619777562827,0.6246073548334101,0.8454129740075369,-0.07391449973890601,0.1818742338821195,0,-1.2212820385676062,6
5,48,1.4419733578208027,1.641811190266728,1.9115146408093464,1.759354703800576,0.4180392716887719,0.5961187997562264,-0.1415539434767133,0.1136817147139923,0,-1.2212820385676062,6
138,65,1.083501137903991,1.138999840813448,1.4366578109848984,1.7939780155720237,0.383681421680202,0.5685097972947003,-0.19159680306979435,0.05291328309962316,0,-1.2212820385676062,6
99,60,1.2012297553481222,1.2292797734339163,1.653601894934103,1.8143718093289374,0.41304498736230605,0.6053662638989004,-0.17854523971537584,-0.04464267516292979,0,-1.2212820385676062,6
60,61,1.2198423243413878,1.1575145553279242,1.8560684169839667,1.8443228267742906,0.31981115412266437,0.4707894443281115,-0.14742176699000095,0.0047615612206926205,0,-1.2212820385676062,6
21,55,1.1852311196935739,0.9234356155540608,2.070583374959866,1.8557487262452057,0.23570021656036727,0.34942876540141393,-0.11791241609616226,0.02757755987181936,0,-1.2212820385676062,6
148,57,1.2642834535029466,1.2388129864800181,1.9432757070786277,1.7087140646857302,0.27945882244435166,0.4217242777682028,-0.16806799941916165,0.10938947863609065,0,-1.2212820385676062,6
109,67,1.1319539270190815,1.1146307256420762,1.6074737819979918,2.336497280428589,0.3169394588865378,0.465832505380254,-0.15180475254235692,0.11417684228895172,0,-1.2212820385676062,6
70,66,1.2323511867407428,1.241358864769069,1.7381369039508179,2.3073888932910047,0.3495995357321609,0.42867886313885084,0.09001285725754897,0.16723405757321655,0,-1.2212820385676062,6
31,62,1.4350136002129716,2.0287825715490486,1.4799914174972397,2.022547837688437,0.3955008987148764,0.5487244051809651,-0.08523028161437093,0.07950547733100548,0,-1.2212820385676062,6
163,61,1.3889704849712416,2.222688301039589,1.1337380834050488,1.9559410525299477,0.4155648527567135,0.6143550161041444,-0.19818404992264452,-0.012472382715480616,0,-1.2212820385676062,6
125,71,1.257460240481009,1.84510167686163,1.2488767427183634,1.8540953841493322,0.3098812034971398,0.47307571592104747,-0.1957891830424702,0.021756984795412812,0,-1.2212820385676062,6
86,64,1.380008124593536,2.2180246784641953,1.1927659242847883,1.7297882905586472,0.3427370996379177,0.522681170143904,-0.21420020638346826,0.01503206711634065,0,-1.2212820385676062,6
47,63,1.5582782775253001,2.3461456424781124,1.579246146912549,1.5911974267756885,0.34589783924167483,0.5207125256187823,-0.1925782373481343,-0.0238993167142873,0,-1.2212820385676062,6
8,69,1.3255132947418387,2.0926741304736747,1.1981616621273676,1.4947851651769646,0.33170936649427313,0.5057816678780029,-0.20242934856271114,-0.049268387575564405,0,-1.2212820385676062,6
144,66,1.3629765192290877,2.2292608382428227,1.1141262015615099,1.7363238633665152,0.36398574419180435,0.5475453922680187,-0.20149644697390692,-0.02431248824088015,0,-1.2212820385676062,6
105,71,1.2667204044412868,1.9865374368120863,1.1084886125063385,1.5388610116146277,0.3666484688472638,0.53010520027959,-0.13799142271637388,-0.016030970856969803,0,-1.2212820385676062,6
66,66,1.332288561517287,1.9402213332640637,1.3526746722019236,1.2529025286530662,0.3886844464909484,0.5617629427068002,-0.14881859846070186,0.026469174969427314,0,-1.2212820385676062,6
27,65,1.6989869766836896,2.5994149653795113,1.5157940175974653,2.152850494846131,0.5300386002057343,0.7364356363159018,-0.1107598699853834,0.014453853064761324,0,-1.2212820385676062,6
154,63,1.3873364295179649,2.2695136403266383,1.0927408521245467,1.761878779390629,0.4209828883344125,0.6005520426997836,-0.13312282333552966,-0.025457612061505493,0,-1.2212820385676062,6
115,60,1.4773493743062693,2.399788840060258,1.202865066511779,1.8200445584798606,0.42829705131344986,0.6058367674208311,-0.12321957227205971,0.022817891711164908,0,-1.2212820385676062,6
76,50,1.7058353384645812,2.99052112014331,1.226451169797331,1.7478980024928998,0.4497617642890668,0.6368982018836813,-0.12861530880444935,-0.016270621646676205,0,-1.2212820385676062,6
37,51,1.5996171125370997,2.6256329534897342,1.299884642582515,1.8470935031722502,0.44536871779950027,0.6295580547782674,-0.12672482937760057,0.022345937915398795,0,-1.2212820385676062,6
166,51,1.5596745736868125,2.630475744575891,1.2717864499269147,1.7364753600137872,0.3456484413862675,0.498594021971098,-0.128115676243004,0.006153118400544325,0,-1.2212820385676062,6
129,63,1.3815369027377393,2.1229131014042433,1.3105787250061074,1.6112926939696732,0.33915586365004347,0.4881351791193267,-0.12236570026554004,0.006046292930604457,0,-1.2212820385676062,6
90,61,1.2852346341135577,2.0796524043849556,1.1248926624514235,1.356375297081318,0.31190383470576644,0.46050565821725964,-0.14691410030089597,-0.009303227107264327,0,-1.2212820385676062,6
51,46,1.6793967536676049,2.9984087086803046,1.1959079885326631,1.598124303884404,0.4006748395384195,0.5781702570374488,-0.14745009138904588,-0.015989710225723184,0,-1.2212820385676062,6
12,41,2.234544829955079,3.199410614794124,2.5812000920386082,1.5785632764029431,0.3976405631828587,0.5725246570398176,-0.14183595775374536,-0.02444305270414002,0,-1.2212820385676062,6
142,68,1.1793771922530754,1.682275035527534,1.1912193339079977,1.61574044197521,0.3416701724488758,0.49059004769593817,-0.11417519404967304,-0.07027004888009325,0,-1.2212820385676062,6
103,58,1.4537450184477472,2.1593329748741206,1.4748261280406019,1.4378696056553617,0.36365933476086365,0.4591162207223827,0.072350196511867,-0.08915385285200458,0,-1.2212820385676062,6
64,59,1.3858603667631408,2.0199744201999827,1.4065952758888904,1.5108629795109807,0.3800430582115437,0.4697655191969687,0.10463718308223548,-0.07021296225329998,0,-1.2212820385676062,6
25,65,1.3367822205290196,1.9458854820069102,1.3213445381025186,1.8849338853324211,0.3665383306335121,0.47853614067834166,0.019978751591803613,-0.025540133323998734,0,-1.2212820385676062,6
157,63,1.300489859712541,1.8313104131651103,1.3073110220389548,1.588833316011594,0.4358084328763088,0.5679767333021976,0.031237351793364544,-0.0915695780293751,0,-1.2212820385676062,6
119,59,1.3670873350781714,1.6250465546177266,1.6769873649449119,1.6094352780731438,0.47998634879097535,0.6690394343572402,-0.09952119114118259,-0.08818111934001238,0,-1.2212820385676062,6
80,59,1.3628452997517397,2.110362190697936,1.1977530622232326,1.5998506956535627,0.4287988889561487,0.6040393868745955,-0.10949752817208688,-0.06261818003328884,0,-1.2212820385676062,6
41,49,1.488250528812247,2.522830957052112,1.1251521037491181,1.506413091196545,0.437707085081111,0.6166418773844639,-0.11107197125069186,-0.0758413645266401,0,-1.2212820385676062,6
2,37,1.6938102472639551,2.5483470463551923,1.7986882222673857,1.3748302501466394,0.3167977454198288,0.44654306715983266,-0.07990094960651502,-0.0716876059097716,0,-1.2212820385676062,6
118,49,1.4771391584796956,2.3061453791375164,1.3608189148245602,1.3943288364424,0.40121005731366016,0.554829103610455,-0.07131345090909923,-0.051610069702341665,0,-1.2212820385676062,6
79,49,1.4041899810898868,2.3891415552536883,1.1006738808452348,1.3685675201949146,0.35973121714046846,0.48621868172166777,-0.030005655623508876,-0.03975583382377548,0,-1.2212820385676062,6
40,44,1.4537866492718678,2.0679298081077286,1.5823098115365484,1.1782790769287343,0.3780991319205326,0.4978677281446817,0.008087381856152,-0.032434050026944015,0,-1.2212820385676062,6
1,38,2.3690903081335146,3.558336677305513,2.6290360710184624,1.4359216453867218,0.3655489929870617,0.5012483657070911,-0.05384049395325805,-0.020663465839124404,0,-1.2212820385676062,6
133,59,1.1812070200084972,1.650610606123189,1.272855026834279,1.1882973045425953,0.3355967425069668,0.4540719678358413,-0.030860101496289923,-0.01753217957739474,0,-1.2212820385676062,6
94,55,1.3668274471950514,1.9667516804546459,1.5059502970264362,0.9191656509727238,0.32482937845305854,0.4531272752458343,-0.07311428422782748,0.004751387366412616,0,-1.2212820385676062,6
55,45,1.4982951052951934,2.0527086351841874,1.819274510114145,0.7512827057145186,0.3106910874419721,0.4400752821260716,-0.09208117902388833,0.028637336359318127,0,-1.2212820385676062,6
16,46,1.4265994422413049,2.0163887257903155,1.638253731787772,1.0668035074140285,0.29284935589945277,0.3953568352882094,-0.02646149858353437,0.015225370347660428,0,-1.2212820385676062,6
