LAB05/outputs/tables/q10_transformed_avocado.csv
Date,AveragePrice,Total Volume,4046,4225,4770,Total Bags,Small Bags,Large Bags,XLarge Bags,type,year,region
150,49,-0.2009427170140314,-0.2054921110027737,-0.19284175431734427,0.0018793215611545813,-0.2048327036524603,-0.19709532409630917,-0.21248819936391566,-0.1755796145322505,0,-1.2212820385676062,7
111,51,-0.20580172653984202,-0.20831452889979274,-0.1990171033349669,-0.027891258538338612,-0.20744397909998608,-0.19958430072724911,-0.21543176437088524,-0.1755796145322505,0,-1.2212820385676062,7
72,48,-0.20081300617265524,-0.20655365913168866,-0.19318396369253238,0.009335599423144209,-0.20341156377505681,-0.19620722809311142,-0.20945945620757506,-0.1755796145322505,0,-1.2212820385676062,7
33,52,-0.20111186956475877,-0.20466434204789133,-0.19274333953525521,0.05251186472494827,-0.212123991303729,-0.20640769405710238,-0.2134813159197199,-0.1755796145322505,0,-1.2212820385676062,7
160,48,-0.2061083850337423,-0.20640847603514095,-0.20071967076006259,-0.001432480760568052,-0.2117669191993962,-0.20748738485192345,-0.20873556490926307,-0.1755796145322505,0,-1.2212820385676062,7
122,53,-0.2076258614386025,-0.2078966087038224,-0.20057480586183649,0.012859013155122757,-0.2169060806017306,-0.21438649940258472,-0.20840964986323368,-0.1755796145322505,0,-1.2212820385676062,7
83,54,-0.19729913817672987,-0.20907041384177508,-0.1784837352343233,0.1304729885916057,-0.21902617530792495,-0.21585585293988266,-0.2124861498415535,-0.1755796145322505,0,-1.2212820385676062,7
44,56,-0.19873512796953144,-0.20723883796882364,-0.19990123350010228,0.24606586102925487,-0.2128502221217476,-0.20654959428469805,-0.21598312687675128,-0.1755796145322505,0,-1.2212820385676062,7
5,64,-0.196571544185806,-0.20525389688634177,-0.2060273086863212,0.2896780048911463,-0.20509259617286793,-0.20015416657326318,-0.2041832478193461,-0.1755796145322505,0,-1.2212820385676062,7
138,80,-0.20551137347618598,-0.21337888528118143,-0.2132716747786882,0.2051232407056269,-0.2079178613886697,-0.2036772940506515,-0.20482888835387114,-0.1755796145322505,0,-1.2212820385676062,7
99,79,-0.20098101493987228,-0.21360722552407194,-0.19984904459793792,0.2034929767230969,-0.20797121687391742,-0.2023941209026395,-0.20896921045854835,-0.1755796145322505,0,-1.2212820385676062,7
60,67,-0.19784485321559037,-0.21349926115981643,-0.20719861069407894,0.33640141343663305,-0.20263664176734614,-0.19981245613663606,-0.19530008502596632,-0.1755796145322505,0,-1.2212820385676062,7
21,75,-0.20382693363536747,-0.21294007105176838,-0.20802764519133427,0.16310264915226963,-0.20440609298525617,-0.20345002317233946,-0.19132753682185485,-0.1755796145322505,0,-1.2212820385676062,7
148,62,-0.19744419309107075,-0.21234797066705668,-0.2001055209946024,0.3323239388705896,-0.21092610894707517,-0.20792030920515578,-0.20401244062568438,-0.1755796145322505,0,-1.2212820385676062,7
109,73,-0.19956851469602135,-0.21114259917437952,-0.2061715008759102,0.1714303119067994,-0.19497340696483123,-0.19198912723055092,-0.18824907225300844,-0.1755796145322505,0,-1.2212820385676062,7
70,72,-0.19677897149713855,-0.20782211590127578,-0.2105641969204469,0.12683371900836565,-0.17924167091465093,-0.1679060398594979,-0.1983118581371483,-0.1755796145322505,0,-1.2212820385676062,7
31,54,-0.18037482839251062,-0.20386638444378932,-0.1934802046441878,0.3864895736848607,-0.17602376327101787,-0.16484038917366411,-0.19467973559739024,-0.1755796145322505,0,-1.2212820385676062,7
163,73,-0.19447711442180923,-0.20514292846128104,-0.2104943514928208,0.14228916873737255,-0.17638698007775663,-0.15924725795115913,-0.21325484369870212,-0.1755796145322505,0,-1.2212820385676062,7
125,68,-0.18744892960351778,-0.2061163548381014,-0.2032070067930858,0.17529933899748082,-0.16302182647434219,-0.14118798802418414,-0.214460577704356,-0.1755796145322505,0,-1.2212820385676062,7
86,77,-0.19462229095363726,-0.2062365409865803,-0.2101894483793326,0.1721880743138855,-0.17912278207684595,-0.16273424027234934,-0.21364937675341633,-0.1755796145322505,0,-1.2212820385676062,7
47,74,-0.19620511359261592,-0.2079858530260074,-0.20876525775430801,0.1374875253082634,-0.18037939399840952,-0.1667361000910624,-0.20648945236213373,-0.1755796145322505,0,-1.2212820385676062,7
8,77,-0.19439168682403535,-0.20776092792592704,-0.20469261322516089,0.15722117335525831,-0.18144037928050427,-0.16560434258069454,-0.2142400490981885,-0.1755796145322505,0,-1.2212820385676062,7
144,76,-0.19596260253188916,-0.20720693168090276,-0.21223262230595036,0.15280850780428,-0.17796531685515932,-0.1610128489866414,-0.2142352122254138,-0.1755796145322505,0,-1.2212820385676062,7
105,72,-0.19200186555762833,-0.20524558828658834,-0.20437254509968156,0.15517755058453278,-0.1764662528226572,-0.16045374493537223,-0.20988522398308848,-0.1755796145322505,0,-1.2212820385676062,7
66,71,-0.1933680961389198,-0.21299401765949186,-0.19835529922185885,0.11415639023000947,-0.17418876856077767,-0.1561511713551563,-0.21383797380118155,-0.1755796145322505,0,-1.2212820385676062,7
27,71,-0.1837365471206768,-0.20728425462494487,-0.1841097885821257,0.16529171987120533,-0.17074977330780564,-0.1532241374103522,-0.20888813135390163,-0.1755796145322505,0,-1.2212820385676062,7
154,70,-0.19024160300486798,-0.21290465475595932,-0.196823134708063,0.17871220112199057,-0.17226013304737084,-0.1530581940199017,-0.2155013661503039,-0.1755796145322505,0,-1.2212820385676062,7
115,70,-0.1880643343581814,-0.20716734922708221,-0.19619927634511233,0.14349714046847714,-0.16891935163516458,-0.1511324358499279,-0.20788611987104563,-0.1755796145322505,0,-1.2212820385676062,7
76,68,-0.18634988105892192,-0.20693295343004223,-0.1912866097443045,0.17079184845659456,-0.17218853611059123,-0.153254787752297,-0.21461064373171276,-0.1755796145322505,0,-1.2212820385676062,7
37,68,-0.18840972802174544,-0.1972278290516492,-0.20756619198144277,0.1464628641469537,-0.1693226915234551,-0.15153775211203377,-0.208276963785508,-0.1755796145322505,0,-1.2212820385676062,7
166,72,-0.18995874099929075,-0.19551715081526205,-0.2091996448228638,0.20184037908249247,-0.18098087518985967,-0.16511767626366744,-0.2138709711112122,-0.1755796145322505,0,-1.2212820385676062,7
129,73,-0.1847764287577643,-0.19714520947408207,-0.19595500005940894,0.21565653830883094,-0.17842172831505507,-0.16421645971619167,-0.20628191772774226,-0.1755796145322505,0,-1.2212820385676062,7
90,74,-0.19106802857804459,-0.1965826437503397,-0.2065716130241553,0.16200076229701887,-0.1823662115289869,-0.16700308105384423,-0.21370467286674721,-0.1755796145322505,0,-1.2212820385676062,7
51,72,-0.19049842438991849,-0.19398489797985954,-0.2095286159564781,0.1445223484310054,-0.17818881773045975,-0.16140697459045084,-0.2139332765910216,-0.1755796145322505,0,-1.2212820385676062,7
12,53,-0.1705980072858425,-0.19194771786105927,-0.18745147288926559,0.5098379019457893,-0.1778763707668672,-0.16560620545674629,-0.19982670110546188,-0.1755796145322505,0,-1.2212820385676062,7
142,73,-0.19357521361522553,-0.20042405488334064,-0.20792316772646674,0.1407151111276634,-0.18224905659235588,-0.1655057977777562,-0.21781056299574028,-0.1755796145322505,0,-1.2212820385676062,7
103,71,-0.19392191901025835,-0.20133370821143515,-0.2102839431802279,0.12284799855424496,-0.1774672005091321,-0.15950056888823755,-0.2168469185715038,-0.1755796145322505,0,-1.2212820385676062,7
64,70,-0.18724424447695548,-0.1930623271903025,-0.20327806475726756,0.15632261584539417,-0.17689411068193384,-0.16136982428530394,-0.20881299586410515,-0.1755796145322505,0,-1.2212820385676062,7
25,72,-0.1947978371094044,-0.19755338228328173,-0.21153454175671024,0.12442066031032444,-0.18402768430478306,-0.16852210235119788,-0.21617947111904542,-0.17000603802919698,0,-1.2212820385676062,7
157,76,-0.19454614392839628,-0.20436338258774586,-0.20298650785093691,0.16609433570825774,-0.1893889168744323,-0.17467971182135147,-0.21861500052288482,-0.1755796145322505,0,-1.2212820385676062,7
119,72,-0.19336249883885553,-0.19871859422624683,-0.20798137778618506,0.13269444311474946,-0.1827466456701899,-0.16853092085797516,-0.21056964148070542,-0.1755796145322505,0,-1.2212820385676062,7
80,72,-0.1930532718994524,-0.2006949895462801,-0.2047683137094429,0.1944907444378086,-0.18978522990007046,-0.17578939626080414,-0.21682310312165556,-0.1755796145322505,0,-1.2212820385676062,7
41,78,-0.2001642347916901,-0.20793498162789767,-0.21253434458724108,0.12478814204255861,-0.1883228718456369,-0.1737657633871912,-0.21710081340172713,-0.1755796145322505,0,-1.2212820385676062,7
2,71,-0.19531121927060432,-0.19569336269775858,-0.21190149186066154,0.11268376465072202,-0.18648422681713575,-0.17331561748196975,-0.21104480274514667,-0.1755796145322505,0,-1.2212820385676062,7
118,61,-0.18789976562845861,-0.19631446808008715,-0.20484886433994767,0.36060086252944185,-0.1953592354652421,-0.18397573135924455,-0.21431805391929198,-0.1755796145322505,0,-1.2212820385676062,7
79,75,-0.2009136822867967,-0.2093202647411157,-0.2130765892739395,0.16369430497742665,-0.1927477166631656,-0.19000627660028646,-0.18531624674321653,-0.1755796145322505,0,-1.2212820385676062,7
40,70,-0.20284193623284735,-0.20672603688394692,-0.21558871586599526,0.08318351487083894,-0.19098756361704808,-0.18799419623859148,-0.18435477481268392,-0.1755796145322505,0,-1.2212820385676062,7
1,51,-0.172764680732873,-0.1898036168938622,-0.18598706093178047,0.5394894622591271,-0.19323240794981086,-0.19934723299718293,-0.15870598622108875,-0.1755796145322505,0,-1.2212820385676062,7
133,71,-0.19788146297488313,-0.20208242293460082,-0.20858437387634182,0.08129883330007696,-0.18791979559144303,-0.18839344140104672,-0.17073209155682825,-0.1755796145322505,0,-1.2212820385676062,7
94,78,-0.2021088231245295,-0.21071554030922274,-0.2115118523740379,0.14738031220927245,-0.1952759270907085,-0.19861469384529837,-0.1692074928620708,-0.1755796145322505,0,-1.2212820385676062,7
55,79,-0.20000323929956654,-0.20666521255806408,-0.2134693846776259,0.16714913576773469,-0.1928619412054149,-0.19214752530289259,-0.17922891938494243,-0.1755796145322505,0,-1.2212820385676062,7
16,72,-0.1982474273677057,-0.2083785707329064,-0.20591014941788824,0.14637120309193952,-0.19148113734479502,-0.1847673598673314,-0.19621945976718036,-0.1755796145322505,0,-1.2212820385676062,7
