LAB05/outputs/tables/q10_transformed_avocado.csv
Date,AveragePrice,Total Volume,4046,4225,4770,Total Bags,Small Bags,Large Bags,XLarge Bags,type,year,region
150,46,-0.05487464503106766,-0.19780113824548184,0.12462900989409455,0.5168242424191278,-0.14692339567530224,-0.1328511218191745,-0.21610335185851512,0.39283758058957363,0,-1.2212820385676062,8
111,44,-0.04632313748156846,-0.20339344250254418,0.14070372328358963,0.6836571335201973,-0.14761005095950824,-0.14199864735236786,-0.18341355216308936,0.28959161171387393,0,-1.2212820385676062,8
72,60,-0.05271322140556671,-0.19971338896190022,0.12982101668018217,0.6637078726158746,-0.15924588656633734,-0.14121038274276296,-0.19939531763867618,-0.17188933149924815,0,-1.2212820385676062,8
33,67,-0.054039723607715875,-0.1895999099495746,0.13279230428973646,0.6518509335441217,-0.17919855660007974,-0.16045067588058198,-0.22100876066098357,-0.17463231565595827,0,-1.2212820385676062,8
160,64,-0.0718593697498661,-0.1977596584901001,0.10574377795425875,0.48528465048631686,-0.17995840076541805,-0.16126893413481844,-0.22150909006003205,-0.1755796145322505,0,-1.2212820385676062,8
122,47,-0.028593465114688695,-0.20407053409177453,0.21459467116215686,0.6224818009485179,-0.16820610986629125,-0.14572967983832175,-0.2215273308090552,-0.1755796145322505,0,-1.2212820385676062,8
83,70,-0.06045027691306671,-0.2069025649833703,0.1217511540396881,0.6608691716176969,-0.16695585558236553,-0.14403251934327238,-0.22166395196971625,-0.1755796145322505,0,-1.2212820385676062,8
44,54,-0.040393627668448014,-0.19643395855132695,0.1689311258277757,0.7356109917298235,-0.17589742170009673,-0.15593560041060803,-0.22140460541000956,-0.1755796145322505,0,-1.2212820385676062,8
5,53,-0.01262579269324317,-0.17675607959848724,0.22179452221384902,0.7788601205910957,-0.17315615436338894,-0.15244324389303834,-0.22100441567357582,-0.1755796145322505,0,-1.2212820385676062,8
138,65,-0.04719735583154857,-0.18486622160861046,0.13221468011175538,0.7925905744045731,-0.17594029266011718,-0.1559983753129558,-0.22140890940697008,-0.17526252940719086,0,-1.2212820385676062,8
99,68,-0.04642933850441282,-0.21117384931217711,0.156000121085046,0.888426906795701,-0.17899050873875078,-0.16098201101689283,-0.22156373032620702,-0.1329743388782935,0,-1.2212820385676062,8
60,61,-0.04104006515192126,-0.21862682139946263,0.17329252846312154,0.9041090431541641,-0.17338070977507586,-0.15686991986346363,-0.22056589986896982,-0.007453281270686482,0,-1.2212820385676062,8
21,71,-0.05081044921873271,-0.22035543704102628,0.157885175261774,0.7711780866687362,-0.172081003818487,-0.1557034646113839,-0.21355181948897792,-0.08091529174172085,0,-1.2212820385676062,8
148,68,-0.03768476029837606,-0.21860429884884655,0.19672506316339022,0.7291390698474675,-0.17120416695288487,-0.15924819609017798,-0.21075196699004242,0.07884982894407293,0,-1.2212820385676062,8
109,72,-0.03518990206221616,-0.21860935041425328,0.198897422063459,0.7469121018862471,-0.1670502670082762,-0.1487604317526539,-0.20913944378594868,-0.15414726006320215,0,-1.2212820385676062,8
70,72,-0.021709452036128903,-0.21806016066651737,0.2091301011074295,0.9843552724694776,-0.15891571527963325,-0.1391477768939093,-0.20711877869865605,-0.13397476788249232,0,-1.2212820385676062,8
31,64,-0.012151970963227126,-0.21772553991450697,0.23817780124163399,0.9314875023600608,-0.15558148416075082,-0.13306744327493786,-0.2092499540317159,-0.17516192129264432,0,-1.2212820385676062,8
163,65,-0.02225903566934319,-0.21790926194901653,0.22838264026814736,0.8329010591477841,-0.16803658300238838,-0.14818261852895148,-0.21369454822627817,-0.17068542540944953,0,-1.2212820385676062,8
125,73,-0.028607329508226125,-0.2177252157921569,0.2119488499572682,0.7517383123392383,-0.16159455203430567,-0.14088325366688614,-0.21142175089799362,-0.15077406215525943,0,-1.2212820385676062,8
86,69,-0.009542085749439646,-0.21646193707474726,0.2612251230442118,0.7645341956192067,-0.1580102538350014,-0.13693632858872037,-0.20860152614677835,-0.15632220402261293,0,-1.2212820385676062,8
47,78,-0.034608573369195934,-0.21721815404450284,0.1919698602139249,0.7626634725847412,-0.16005735231574944,-0.13761722988860964,-0.21492639314682585,-0.15450277974887505,0,-1.2212820385676062,8
8,80,-0.025949868691719342,-0.21455421616580625,0.21981012309000292,0.6940146466229733,-0.1596643144367732,-0.13803605535258712,-0.2125837890868864,-0.1472324304375702,0,-1.2212820385676062,8
144,65,-0.017174611026716656,-0.21056500524118782,0.23445621096049563,0.709343445899316,-0.15360445151106739,-0.13196391034705174,-0.2083206186118218,-0.12431243238713693,0,-1.2212820385676062,8
105,77,-0.015516000423649581,-0.21540189888165803,0.2206791546835064,0.8753927978296047,-0.14286510364981195,-0.12039268925664515,-0.208259419874088,-0.014524109995278235,0,-1.2212820385676062,8
66,79,-0.022728806378774676,-0.21350532461938912,0.20811177802676709,0.8031716102019116,-0.14734177284687336,-0.12298443231610834,-0.2123381333365589,-0.09851888571673366,0,-1.2212820385676062,8
27,77,0.02509763240780696,-0.20916619594892308,0.3040083459258505,0.8914383214163217,-0.11213206023347001,-0.07453591793528305,-0.21356678100222165,-0.1621704745912261,0,-1.2212820385676062,8
154,74,-0.018646217369332425,-0.20998138737553929,0.1904533008794999,0.7607901439568338,-0.11138805439347513,-0.07419203637692659,-0.2149611120556407,-0.11597439359055998,0,-1.2212820385676062,8
115,77,-0.013245155807548715,-0.20419181909407427,0.20079232602344083,0.9249848716978525,-0.1304152166514692,-0.10045033308306855,-0.2159349221107935,-0.05574913275191684,0,-1.2212820385676062,8
76,74,0.005082857222282857,-0.1879758119077636,0.24157921543170935,0.7916203630750533,-0.12230045775961908,-0.08828760193928419,-0.21199906035696453,-0.17063512135217626,0,-1.2212820385676062,8
37,77,-0.007652572764361696,-0.1909933751757753,0.20721868671818244,0.9314029136301037,-0.13630572508941222,-0.110234439548503,-0.2034970677324977,-0.14297015070838184,0,-1.2212820385676062,8
166,79,-0.013630466067794776,-0.19166272735572057,0.18578009363835227,1.0226295789946547,-0.14014569766357812,-0.11133301374157513,-0.21331022179292747,-0.17537500701839742,0,-1.2212820385676062,8
129,76,0.010557853529302812,-0.18612542112766356,0.26297324364059516,0.8434309136453685,-0.13726770562845134,-0.10799207286164961,-0.21191642361532256,-0.17506866096174442,0,-1.2212820385676062,8
90,76,-0.0094901724563446,-0.18887686413544735,0.22746558890502036,0.8036898441261485,-0.1562589730902126,-0.13335613545501335,-0.21120171417719302,-0.17383875502211918,0,-1.2212820385676062,8
51,76,-0.004258170784345648,-0.1876914380254323,0.20814899293297312,1.1018984315984828,-0.1483682119225373,-0.1251031790842478,-0.2044186969483101,-0.1755796145322505,0,-1.2212820385676062,8
12,57,0.036986807379557216,-0.18040949186304264,0.3280602708749127,0.9943528414496197,-0.1479631482728458,-0.12450078661825123,-0.20463844673598003,-0.17537557223252406,0,-1.2212820385676062,8
142,77,-0.020494284852175363,-0.19467815615947595,0.20583865401690202,0.6939313606897369,-0.14898703212572703,-0.12578129277105246,-0.2080849645306216,-0.13092148117024255,0,-1.2212820385676062,8
103,77,-0.005245464440849701,-0.1898553183614049,0.24837089844160135,0.6557116785699338,-0.14953968017066388,-0.12452867615108337,-0.2113375975098037,-0.16970477889968402,0,-1.2212820385676062,8
64,77,-0.04051745453996872,-0.1959789540152583,0.16042752391222828,0.5611148642019409,-0.14751879300298415,-0.12132846952597295,-0.21258858496921387,-0.1747713583311181,0,-1.2212820385676062,8
25,80,-0.02861821427332787,-0.20108807880806823,0.19582660679579889,0.6324314456207081,-0.15028806639257192,-0.12735165707670978,-0.20870392028399143,-0.1286809723721385,0,-1.2212820385676062,8
157,75,-0.027037320140217203,-0.2113743387492338,0.20776184495982009,0.5771929577066831,-0.14011167872534053,-0.11379615134353847,-0.20566804478983056,-0.17497596584497122,0,-1.2212820385676062,8
119,74,-0.014680239260505419,-0.20846634464638147,0.250137389797308,0.56855950995035,-0.15136683683641594,-0.12705115774698264,-0.2107428671107545,-0.17337245336761972,0,-1.2212820385676062,8
80,62,-0.00684348057876133,-0.2078396185081778,0.2538673930889321,0.7070683905967934,-0.14437494626095684,-0.11911919234251339,-0.20668698532739793,-0.17407671016944556,0,-1.2212820385676062,8
41,71,-0.022483865863958955,-0.20990408814776668,0.18932465358235898,0.8383930917821213,-0.13200344984726833,-0.10048713493657989,-0.21357428225406713,-0.17527948583099084,0,-1.2212820385676062,8
2,62,0.0036912983514608695,-0.21255419944133602,0.2839400105094512,0.8277535231892461,-0.15130441639415346,-0.12611564551737453,-0.2133514991733012,-0.17337697508063307,0,-1.2212820385676062,8
118,71,-0.0224604110628618,-0.20074728392056068,0.19785349452936368,0.7755244957007602,-0.14722880563646948,-0.12295953142615057,-0.20643436120103908,-0.1746786632143449,0,-1.2212820385676062,8
79,70,-0.035976413934365216,-0.20814710784786308,0.160650323351815,0.8152423940497278,-0.14397258993064221,-0.1201832966276354,-0.20177710856617997,-0.17447292527223845,0,-1.2212820385676062,8
40,66,-0.03512961743208757,-0.20932896070660453,0.16940938844854894,0.9007413136303466,-0.15950178401620382,-0.13832689185042,-0.209317260346089,-0.1709488151924759,0,-1.2212820385676062,8
1,44,0.08190290495029678,-0.19148872899171213,0.439827596870787,1.3218238252433434,-0.1486098325720942,-0.12420659962392243,-0.20859820592055164,-0.1692294338191579,0,-1.2212820385676062,8
133,75,-0.03046368724977785,-0.21098852247676367,0.16034041229625087,1.1449955054710308,-0.15657662175732703,-0.14249939915666385,-0.18475328394078072,-0.17063342570979625,0,-1.2212820385676062,8
94,67,-0.015318760024694773,-0.21193700724347742,0.19812799287346558,1.092490098963873,-0.14274111450621457,-0.116166064730999,-0.20915940613375605,-0.1734561050583663,0,-1.2212820385676062,8
55,68,-0.013832272913827392,-0.2069390643221539,0.21869942299489525,1.03301389248712,-0.16258168935002656,-0.14404220897913864,-0.20412766477288455,-0.17315145464409332,0,-1.2212820385676062,8
16,64,-0.019567669634805968,-0.20770563739626438,0.21227497246048105,0.9460757547574167,-0.16436543764779205,-0.14649205181100608,-0.20366951454404916,-0.1755796145322505,0,-1.2212820385676062,8
