LAB05/outputs/tables/q10_transformed_avocado.csv
Date,AveragePrice,Total Volume,4046,4225,4770,Total Bags,Small Bags,Large Bags,XLarge Bags,type,year,region
150,40,-0.1991197490640169,-0.22955376845615308,-0.16170781859870498,-0.12369920857233015,-0.19191538326102836,-0.2253464157063155,-0.09579479057276553,0.12684385608166365,0,-1.2212820385676062,9
111,38,-0.19551992935686105,-0.22947575774029505,-0.15465971732746273,-0.14258855128720027,-0.18595678624774545,-0.2279359340361054,-0.06008555255252335,0.07580784651435644,0,-1.2212820385676062,9
72,32,-0.1862652150182701,-0.22862944266265198,-0.14252269979250176,-0.16997501338724044,-0.1664690552229473,-0.2229547508956034,0.018222105975203375,-0.12775571684678624,0,-1.2212820385676062,9
33,36,-0.1862285068067258,-0.2293312782264096,-0.13717932525802976,-0.0685287452585237,-0.18301803669311953,-0.2260318334754813,-0.0469432363479088,-0.021901284776522967,0,-1.2212820385676062,9
160,41,-0.20538520112455555,-0.22973879488548601,-0.1669820785495023,-0.15777022759097725,-0.2034660042160099,-0.22704242363057028,-0.12087143450174244,-0.09970696581098562,0,-1.2212820385676062,9
122,42,-0.1956741461219021,-0.22960717749510087,-0.14912814217046583,-0.12324471863051405,-0.19518960720360973,-0.2256762117774031,-0.09383290578681941,-0.06881236164742162,0,-1.2212820385676062,9
83,41,-0.19022156218037498,-0.2295169054679036,-0.1377497821822604,-0.16688924629661347,-0.18534835931182653,-0.22309052641560453,-0.05843154701581967,-0.1174337764656116,0,-1.2212820385676062,9
44,40,-0.1770906639776512,-0.22928051750422432,-0.1153463339008471,-0.03035875552793645,-0.18190037008025034,-0.22676812518344133,-0.04848488706871933,0.09271000975817674,0,-1.2212820385676062,9
5,46,-0.1725473242224093,-0.2292653707134274,-0.10654272054325871,-0.08907273286598848,-0.17036111581074254,-0.22430031028836966,-0.0030875978330331365,0.005877293906731307,0,-1.2212820385676062,9
138,54,-0.18733792758558468,-0.22984525721933888,-0.13498077224633992,-0.1270459072347942,-0.18255170853528152,-0.2275276827390691,-0.037419761778145544,-0.06413973646227372,0,-1.2212820385676062,9
99,51,-0.19244503678522293,-0.2298194460126834,-0.13571832667399938,-0.1294246279335459,-0.19930879870542045,-0.2208380814352914,-0.1220896296033582,-0.11283858561581697,0,-1.2212820385676062,9
60,44,-0.18448684883384808,-0.229855668661656,-0.12307418648723069,-0.084329156947873,-0.19174618086985978,-0.22247687628138166,-0.09261860477769177,-0.028540289908341898,0,-1.2212820385676062,9
21,46,-0.17819861376404617,-0.2299496720485903,-0.11454058674949708,-0.10303108304873461,-0.17798696527040142,-0.22207978883866977,-0.03425833254407926,-0.08304219250036503,0,-1.2212820385676062,9
148,61,-0.18782123837525444,-0.22988006479756376,-0.12973860298904405,-0.10342685408119649,-0.19317334377239387,-0.22763327698663488,-0.08196645824309154,-0.03750967288440478,0,-1.2212820385676062,9
109,58,-0.18537947775486224,-0.22916290061827624,-0.12965152459324628,-0.015447223429952316,-0.19523569247165437,-0.22762129561116543,-0.10139806173954667,0.11496588120977748,0,-1.2212820385676062,9
70,58,-0.18361203397904993,-0.22990021572122835,-0.12896986311777747,-0.04215055476363866,-0.1860234653946457,-0.22102952880506896,-0.08053732629996313,0.06282883452372495,0,-1.2212820385676062,9
31,55,-0.17909220404233986,-0.22968880889477156,-0.11714120359498396,-0.12918919395467718,-0.1754252530330412,-0.21804400859343187,-0.03699448588799906,-0.07272251297569707,0,-1.2212820385676062,9
163,54,-0.1785205497308586,-0.22956150786543814,-0.11736855419917702,-0.0789375327179624,-0.1787847626058808,-0.22031544418788396,-0.0475655943083998,-0.018429739610540345,0,-1.2212820385676062,9
125,58,-0.18591120099138925,-0.22946095878811767,-0.12722108642284688,-0.16322364160822728,-0.1835805203178151,-0.22278493433120358,-0.05242624154247885,-0.11458509726721493,0,-1.2212820385676062,9
86,54,-0.17845760399428454,-0.22968079279567546,-0.12325256224163648,-0.011803021830554174,-0.17854264510744947,-0.2216528149672142,-0.05285770699015904,0.12444113082920645,0,-1.2212820385676062,9
47,61,-0.18424169114494812,-0.22977180002722772,-0.12473899087315685,-0.11090323223545316,-0.18606709683763717,-0.2174616923024389,-0.08257078040679561,-0.062033748626316186,0,-1.2212820385676062,9
8,62,-0.18663148924611953,-0.22970393987472215,-0.12649162110892198,-0.12154698838921735,-0.1912229483062425,-0.22249275763477233,-0.08679443609071792,-0.07901334620548973,0,-1.2212820385676062,9
144,56,-0.18359399984309524,-0.2296796702255851,-0.12924916177783274,-0.1595720885130463,-0.17310757471119928,-0.21098051868468018,-0.04639060313817821,-0.11186246081906477,0,-1.2212820385676062,9
105,59,-0.18160531069288424,-0.22868972151433595,-0.12307165344853556,-0.0780791757926324,-0.18383543420970566,-0.21540210190043163,-0.08425634858787644,-0.0012545779435403702,0,-1.2212820385676062,9
66,56,-0.18314238778276007,-0.22886609150529588,-0.12167880606297125,-0.1730510095024598,-0.1803437526965004,-0.21304994614439954,-0.06727224370585567,-0.14001238518353862,0,-1.2212820385676062,9
27,56,-0.17374438777470116,-0.2290754824488439,-0.10769546077566043,-0.11760463245452463,-0.1702801294442139,-0.2073212002257252,-0.04636613184117411,-0.10891939086151486,0,-1.2212820385676062,9
154,54,-0.18111686590786322,-0.22871728772493555,-0.1247175804673994,-0.17841825282230572,-0.169146878000325,-0.19847824822599802,-0.06656688008969752,-0.14014464528917847,0,-1.2212820385676062,9
115,55,-0.17594917672134175,-0.22863521362156727,-0.11311236817769502,-0.07053961199740663,-0.17708014509619466,-0.21009326700659944,-0.06926069030161529,-0.05536761321641728,0,-1.2212820385676062,9
76,58,-0.17990136572364718,-0.2262154900754899,-0.12389410204518357,-0.11904924790431029,-0.17557386154535418,-0.2036251737271608,-0.07959466898471505,-0.10169425868034329,0,-1.2212820385676062,9
37,60,-0.17827454071954843,-0.22323208614100298,-0.12357439103663502,-0.0766604301634497,-0.17871295273386928,-0.21247888752163288,-0.07126487722911624,-0.018137523907054014,0,-1.2212820385676062,9
166,59,-0.18192276997790702,-0.2233669526603117,-0.1256229051071248,-0.16924581945110798,-0.17872558689096138,-0.21606470948945308,-0.052928005607180854,-0.12045936768565475,0,-1.2212820385676062,9
129,63,-0.18192062719360927,-0.22352577261183051,-0.11886037280483883,-0.1707497121516997,-0.18660699918797946,-0.2113599155058935,-0.09906353279771411,-0.12204761938158623,0,-1.2212820385676062,9
90,57,-0.17839104158529437,-0.22354042136096763,-0.1202825120837726,-0.07738534348178455,-0.18266554776615881,-0.21993029791468363,-0.06477309712789511,-0.013723766791919176,0,-1.2212820385676062,9
51,59,-0.17114628208324248,-0.2221629725221127,-0.10213610524346625,-0.19013058145802617,-0.16893337494115043,-0.21401332110286786,-0.016695606508775804,-0.16073991763663445,0,-1.2212820385676062,9
12,61,-0.17735971950278015,-0.22256889228570845,-0.11040817911723493,-0.1447746441850594,-0.18501305730001116,-0.2196300398207042,-0.06958849090821784,-0.09084327787660927,0,-1.2212820385676062,9
142,59,-0.1842141534710674,-0.22513953826555616,-0.12988291144926173,-0.14829126476270696,-0.18155794994782615,-0.21533289404481165,-0.0678593908721649,-0.10331755365212807,0,-1.2212820385676062,9
103,55,-0.1805919185027643,-0.22512986993301717,-0.12478639606945764,-0.09194614409109036,-0.1812482610024752,-0.19700699160669038,-0.12803931103979022,-0.02911341703278122,0,-1.2212820385676062,9
64,55,-0.19160724576830485,-0.22279992827790052,-0.1447770627059332,-0.20038452222148168,-0.18658658782503693,-0.19295555784182353,-0.15194366916806357,-0.16793339782671274,0,-1.2212820385676062,9
25,59,-0.1895134646309063,-0.22569339221296333,-0.13293136123100077,-0.18919945403013672,-0.19122487486310247,-0.19516937829853157,-0.1638677902710624,-0.16869587168358519,0,-1.2212820385676062,9
157,48,-0.18887741675562272,-0.2292524453465417,-0.14365781671962138,-0.18975584128691775,-0.17127590584648572,-0.18174103060837388,-0.1253997721800222,-0.15345317711565631,0,-1.2212820385676062,9
119,51,-0.1847207684878026,-0.22928902373955704,-0.13088217445187394,0.004917536571464592,-0.19348379320071582,-0.22900964754517772,-0.09249497758880675,0.14840903587047852,0,-1.2212820385676062,9
80,47,-0.18955980378917267,-0.22882864351573168,-0.1361366517857146,-0.18101761145145176,-0.18434388298436602,-0.21794882768897544,-0.06942067601720488,-0.12675924434147406,0,-1.2212820385676062,9
41,40,-0.18287019336820035,-0.22889181575229647,-0.12259768453597673,-0.17831049292209625,-0.1776626446326878,-0.202853299746414,-0.08834162052190625,-0.13006970348135688,0,-1.2212820385676062,9
2,42,-0.18059975993503233,-0.2287813374634724,-0.11440517299236949,-0.03870251712766153,-0.1950684267771187,-0.22412238552244973,-0.10701879483685332,0.054230797228881626,0,-1.2212820385676062,9
118,46,-0.19330578165501727,-0.22813222316684661,-0.13362453349870376,-0.18238759526050516,-0.20127231503776535,-0.2191352653021569,-0.1337699805166027,-0.13304442543000009,0,-1.2212820385676062,9
79,47,-0.19710535808485052,-0.2281577576836911,-0.14308640471522704,-0.18399692143859026,-0.20281709930648606,-0.21555568865980512,-0.15076904691186716,-0.13572014910563696,0,-1.2212820385676062,9
40,46,-0.19227922002842945,-0.22827882133414204,-0.1280868790488386,-0.1735892506620553,-0.2052092644003975,-0.22035681611861577,-0.14661032009637784,-0.12392695635275071,0,-1.2212820385676062,9
1,39,-0.15918537016798842,-0.22794697538566486,-0.05829052593309457,-0.031615582136079,-0.19043495613120304,-0.2236246223610281,-0.09256441540643646,0.09220809961369737,0,-1.2212820385676062,9
133,46,-0.18447912322775833,-0.2287758115726754,-0.1100500489709696,-0.20643284905569123,-0.19570078357719284,-0.21650192247820024,-0.1162819800666233,-0.17467357628720487,0,-1.2212820385676062,9
94,46,-0.19544593959419013,-0.2290004520775216,-0.138109922149392,-0.20242786582148126,-0.19999299002480025,-0.21197990477948675,-0.14786622640945715,-0.16912939091873802,0,-1.2212820385676062,9
55,45,-0.1880008702994596,-0.2287794401619112,-0.11797677416257718,-0.20133984444561848,-0.19890537769894634,-0.22134580227229894,-0.11474315768667254,-0.17023834103525673,0,-1.2212820385676062,9
16,41,-0.18013126041790725,-0.22904708616881125,-0.10496728674552329,-0.19907362954941704,-0.18713535233693504,-0.2206896678425076,-0.0692436382755622,-0.16921134696710458,0,-1.2212820385676062,9
