LAB05/outputs/tables/q10_transformed_avocado.csv
Date,AveragePrice,Total Volume,4046,4225,4770,Total Bags,Small Bags,Large Bags,XLarge Bags,type,year,region
150,52,-0.21516999396794223,-0.19858413878894304,-0.22260335611132726,-0.0677052846739351,-0.2195944487429733,-0.22403062212441913,-0.2068519308871039,0.059815678014468444,0,-1.2212820385676062,10
111,56,-0.21232409264637378,-0.1861337218219938,-0.22586074421271154,-0.060200710276359384,-0.2224389592478287,-0.2284152158588555,-0.2053203228258679,0.06505238689802899,0,-1.2212820385676062,10
72,56,-0.21023231530185907,-0.17650109017408502,-0.22706303234299877,-0.09195786926157948,-0.22254103634208736,-0.2245534738036023,-0.20507794631131984,-0.10684448980252396,0,-1.2212820385676062,10
33,52,-0.2065900105525184,-0.18390559411190505,-0.21725119483934888,0.014846057325392873,-0.22390655956487593,-0.22748944687305753,-0.20688382145505896,-0.03423934394751525,0,-1.2212820385676062,10
160,56,-0.21816104286479415,-0.1997348521858113,-0.2261434479411766,-0.05757082898117819,-0.22537444379556565,-0.2279523380669495,-0.2058643070512302,-0.11059864203183957,0,-1.2212820385676062,10
122,57,-0.21299113560695906,-0.191843769451775,-0.2238299364979529,-0.019626502254052023,-0.22435139140406601,-0.22560843793428337,-0.21114576221670625,-0.07959721239833571,0,-1.2212820385676062,10
83,52,-0.2123039041435035,-0.1901520484201535,-0.22294795733944717,-0.07054538152574254,-0.21964330216903252,-0.21791604643125925,-0.21200119186022118,-0.12978031384850391,0,-1.2212820385676062,10
44,48,-0.20227861271923725,-0.18302141205726966,-0.21577989799964,0.06275910539098142,-0.21696041964495422,-0.22420838606650728,-0.19430606668032271,0.041145524982436864,0,-1.2212820385676062,10
5,52,-0.20715714764304763,-0.18565585480211272,-0.21869951161981385,0.00860491657647343,-0.22119924018799506,-0.22451889667976427,-0.20760275290925456,0.001306407264383308,0,-1.2212820385676062,10
138,57,-0.21179793775336653,-0.18440423658388128,-0.22573393448210247,-0.035506570657200386,-0.2256603853926744,-0.2288165517311242,-0.20664177286408886,-0.07936999631941598,0,-1.2212820385676062,10
99,51,-0.20642256933357483,-0.18215489071799976,-0.21762358474771099,-0.03939234799143771,-0.2192010965310357,-0.21924695745334533,-0.20476252481978466,-0.14881446477810836,0,-1.2212820385676062,10
60,43,-0.20424161741441962,-0.1861948623648035,-0.21256497359283977,0.017541822911893833,-0.21876207478174428,-0.22146491912372232,-0.20319849331477943,-0.05236858706032745,0,-1.2212820385676062,10
21,46,-0.20742079118999748,-0.1892574707340474,-0.21323909408753752,0.0021361586290113686,-0.223464749378024,-0.22413793182619085,-0.2137045908858527,-0.056907256497455504,0,-1.2212820385676062,10
148,55,-0.20656013318983685,-0.1789952511847468,-0.21710332351486825,-0.040126008659185086,-0.22429072514252343,-0.22947394594759798,-0.200033497911803,-0.06641811460686442,0,-1.2212820385676062,10
109,53,-0.1985188747034157,-0.1636237013016339,-0.21888392514186342,0.03127302118064056,-0.221454468412847,-0.22805483645575303,-0.2035840084711002,0.08078964382679066,0,-1.2212820385676062,10
70,55,-0.19737327272212363,-0.16352318384600611,-0.21899564460588553,0.03595248088870049,-0.21794530593108086,-0.22126015017987694,-0.20551191217628184,0.016423624296192357,0,-1.2212820385676062,10
31,57,-0.20445661975781024,-0.18337088709941965,-0.21117537347983217,-0.018586591299958048,-0.22089700397576026,-0.22201824691903246,-0.20793047153496264,-0.08278954178574532,0,-1.2212820385676062,10
163,56,-0.2036841720793561,-0.18062104098711654,-0.21840754776628302,0.02709820908815575,-0.21786722967938804,-0.2214901550633297,-0.20249546615411415,-0.011117564453862206,0,-1.2212820385676062,10
125,61,-0.20840692368906452,-0.18056815370609808,-0.22043770768753926,-0.0662253075988648,-0.2218253407481608,-0.22412557519511386,-0.2021959489561093,-0.12473577776800979,0,-1.2212820385676062,10
86,56,-0.2011791500960541,-0.1816010525814389,-0.21501525251551012,0.08881485369741586,-0.21870489660209547,-0.22376524939995532,-0.20504876111288278,0.07334577377859934,0,-1.2212820385676062,10
47,53,-0.19784736085234964,-0.18094510009376963,-0.20157521496064518,-0.018446819823175156,-0.2126008546856591,-0.21647783910938748,-0.19215275650575162,-0.07156156315952508,0,-1.2212820385676062,10
8,58,-0.20328829268034404,-0.16999425494283124,-0.22015910665125576,-0.05113473400865007,-0.2194482433568488,-0.22005706730010366,-0.20928168063788202,-0.06611120333608476,0,-1.2212820385676062,10
144,55,-0.20003117657376226,-0.15909665281695404,-0.22391603489845224,-0.0863799451005641,-0.2135930517480806,-0.2120376941430486,-0.2063942725436354,-0.11775199201892457,0,-1.2212820385676062,10
105,58,-0.20023648716168713,-0.17228086697354403,-0.21739068637352338,0.012745855954211918,-0.2161694260971224,-0.2148995542300138,-0.21272184491320095,-0.05341875490767289,0,-1.2212820385676062,10
66,57,-0.2046217415575342,-0.17632572417186787,-0.21817797971510106,-0.063325747382434,-0.21708706540906372,-0.2138806548436149,-0.21303570876774086,-0.14321319278284825,0,-1.2212820385676062,10
27,51,-0.19611495449546026,-0.1691325163845802,-0.2124521163376661,0.01707486334431946,-0.21227644278998895,-0.2107928104689921,-0.20533692395700134,-0.11144250672295193,0,-1.2212820385676062,10
154,47,-0.1999951720062509,-0.17412136016383314,-0.21283901515947204,-0.09345859802727735,-0.20694857007333572,-0.2048582904575236,-0.19943667699994444,-0.14609465440059155,0,-1.2212820385676062,10
115,52,-0.19878168719753653,-0.17842318314235212,-0.2115893384429738,0.015721536721913315,-0.21060397850031812,-0.2107131356623188,-0.20330748691399866,-0.049559472850797405,0,-1.2212820385676062,10
76,54,-0.1966990340602141,-0.16591100900958577,-0.21727615149927948,-0.026206277093526086,-0.2078479476541993,-0.2077180062267314,-0.1980152512608977,-0.0952225569300175,0,-1.2212820385676062,10
37,56,-0.19188347672517683,-0.15881793921761367,-0.21753337534998515,0.05888235457688252,-0.2090405066300559,-0.21247599269266038,-0.19859649580280395,0.04697909998375673,0,-1.2212820385676062,10
166,63,-0.20462375403738145,-0.1678158444390691,-0.22701070225507106,-0.08286351063673385,-0.2150962629477181,-0.21545059028572075,-0.2033326550486059,-0.09982566077758546,0,-1.2212820385676062,10
129,54,-0.1965467284271143,-0.16403557384887787,-0.21413755045512892,-0.07982604008169299,-0.20770950933415228,-0.21378101107782588,-0.17833213038015933,-0.1032141194669482,0,-1.2212820385676062,10
90,53,-0.19404713869157258,-0.15468317364155842,-0.21304973075872635,0.0008854737768392721,-0.22107507866825757,-0.2227373304769894,-0.21263478120325674,0.0024780961489619434,0,-1.2212820385676062,10
51,63,-0.19917509081198834,-0.15425756146884206,-0.22222076760782541,-0.11830730517169363,-0.21539294256437788,-0.21242884450596963,-0.21127041416677234,-0.13434893963434524,0,-1.2212820385676062,10
12,52,-0.19513996157908714,-0.1683932960746437,-0.20059458847879313,-0.06474291104416978,-0.2153723791048411,-0.2223280874329903,-0.182865345921661,-0.10738822579237665,0,-1.2212820385676062,10
142,55,-0.19957019707126053,-0.16268874271396683,-0.2210724290492218,-0.057839391219524076,-0.21395316578429757,-0.21417792429471996,-0.20240442637078737,-0.10257938400270226,0,-1.2212820385676062,10
103,53,-0.1962473553998265,-0.16815191188351997,-0.21159970313901158,0.032844752367633616,-0.21675689412235963,-0.2162752010813135,-0.21510314395533783,0.004686387741846045,0,-1.2212820385676062,10
64,60,-0.20884809981073865,-0.17905346672098296,-0.2218183300470078,-0.11989466991933882,-0.21777939896612009,-0.21223073634915818,-0.21928917040869103,-0.1651604573212893,0,-1.2212820385676062,10
25,62,-0.20980006648287414,-0.17843333370570452,-0.2199518044254562,-0.12016620997876129,-0.22415761020327366,-0.22025040434990495,-0.22010053532141965,-0.17128794366847552,0,-1.2212820385676062,10
157,49,-0.20604860424748908,-0.17434238789028986,-0.22423882707865947,-0.1314705771269875,-0.20980236861021068,-0.20207338457407692,-0.2188914810895391,-0.15436147621720855,0,-1.2212820385676062,10
119,47,-0.19343508131346063,-0.15167771357642254,-0.21176946656185397,0.02006226928250999,-0.22643939372888275,-0.2319025064257233,-0.21169978910164314,0.07709766515140831,0,-1.2212820385676062,10
80,54,-0.20291585649981134,-0.16002637801448144,-0.22267018680765385,-0.12290617759686805,-0.2200429613197432,-0.2194000483392374,-0.20854286881677356,-0.13715861905800197,0,-1.2212820385676062,10
41,48,-0.2054068548285808,-0.1871091561762998,-0.21408089343880726,-0.10640979328777211,-0.2063127353311407,-0.2045697725032659,-0.2002611178653436,-0.11145155014897859,0,-1.2212820385676062,10
2,56,-0.2067059062264829,-0.18767303420028866,-0.21520033874619676,0.027315869197473492,-0.22334281860833488,-0.22635605432039965,-0.21520184895229905,0.06408191424254345,0,-1.2212820385676062,10
118,62,-0.21322532166112357,-0.1872611221259288,-0.22342254913037365,-0.11386653643430493,-0.22127800594424826,-0.219696071405646,-0.21340839391407457,-0.12642802886324778,0,-1.2212820385676062,10
79,58,-0.21543099667802784,-0.19035191332877968,-0.22773643860383497,-0.12934804209773207,-0.2180834907568042,-0.21455317990226433,-0.21510929252242428,-0.14180072268030985,0,-1.2212820385676062,10
40,49,-0.20923007138139643,-0.170927450621131,-0.22582726657671148,-0.1413244662401835,-0.22231003203480607,-0.22024210852058101,-0.21465540530010213,-0.14373205935112762,0,-1.2212820385676062,10
1,40,-0.18358187284223165,-0.14374981528667574,-0.19551287268900447,-0.009716034540400651,-0.21870802979193613,-0.2222512538473456,-0.2087048220738308,0.05973315675197521,0,-1.2212820385676062,10
133,61,-0.21243920649363507,-0.18957739530438167,-0.21790734321687863,-0.13974491827286437,-0.21946813759137102,-0.21587546004537686,-0.21430067396966093,-0.17436836065880526,0,-1.2212820385676062,10
94,55,-0.21259715575727045,-0.18773456210883374,-0.22315288432240477,-0.14701861848009493,-0.2151879771940248,-0.21149412299353454,-0.21059120245595528,-0.171710158621095,0,-1.2212820385676062,10
55,50,-0.20990643545367701,-0.18046635557191648,-0.21618868891980772,-0.14563113997221655,-0.22374217356585718,-0.22219744487362092,-0.2126560552453759,-0.16866761097725189,0,-1.2212820385676062,10
16,42,-0.20038101796257138,-0.16815598317645336,-0.2020568411246037,-0.1417302874187789,-0.2238554044103577,-0.22203946226284474,-0.21399422938607202,-0.16319012087573162,0,-1.2212820385676062,10
