LAB05/outputs/tables/q10_transformed_avocado.csv
Date,AveragePrice,Total Volume,4046,4225,4770,Total Bags,Small Bags,Large Bags,XLarge Bags,type,year,region
150,33,0.04915275769121727,0.15922883223445186,-0.015445563347654116,0.5776343266243805,-0.07619424094405289,-0.0611594895388263,-0.17240741212609828,0.7094060999374313,0,-1.2212820385676062,11
111,35,0.022414435014491377,0.11603916544236138,-0.03124533822566745,0.635751809178026,-0.10147024107616821,-0.10545054704366745,-0.1803859977297188,1.2784071612521013,0,-1.2212820385676062,11
72,32,0.03771507895362392,0.14480408326291713,0.020459471176393004,0.3684780367892272,-0.11879085926761623,-0.09008341445315976,-0.19210213330340647,-0.1736228432257328,0,-1.2212820385676062,11
33,27,0.05913098893925744,0.17483000303900909,0.0976155474581932,-0.13312968875119705,-0.12185505809314391,-0.09840082097452102,-0.17959070107230946,-0.1661699297515148,0,-1.2212820385676062,11
160,33,-0.003134587359540368,0.14619977781845225,-0.041753653404891386,-0.1547372237675513,-0.13065688799989086,-0.11444664353723068,-0.16548109229365374,-0.17464531558087157,0,-1.2212820385676062,11
122,31,0.009967849455531072,0.15958232323157306,-0.025192513535484448,-0.12028588116327717,-0.12591444521411252,-0.10705063695423667,-0.16887788867578954,-0.17537105051951074,0,-1.2212820385676062,11
83,24,0.054958275580512986,0.27660248412240795,-0.02659466257133903,-0.11663953925498022,-0.117150112187724,-0.09735531864594443,-0.16318480743909894,-0.1742180137011121,0,-1.2212820385676062,11
44,33,0.03679605035093038,0.21349435263409436,-0.014043788038820136,0.09479897126466126,-0.13816703251045018,-0.11973479916668994,-0.18024781893206254,-0.16663849226252092,0,-1.2212820385676062,11
5,31,0.0763102379331305,0.20003236562352142,0.06790095221835572,0.581450590447861,-0.13560740906631705,-0.11270702555058487,-0.19139746652485146,-0.16660627505730097,0,-1.2212820385676062,11
138,39,0.04625831072268663,0.20906763978030932,0.004973834621798943,0.2523644178908075,-0.13974275322643254,-0.11495829115613143,-0.2010937158297441,-0.1684743077459321,0,-1.2212820385676062,11
99,36,0.04121667227030841,0.21955262624916438,-0.02417639129172111,0.3634099714306709,-0.1473554311210331,-0.12731027174399204,-0.19385877892000672,-0.17165307199430174,0,-1.2212820385676062,11
60,34,0.07240153586945189,0.19776092409987506,0.04533646911629211,0.7171077421289163,-0.13361342271626603,-0.10770716004162155,-0.19827447484926264,-0.1714942468247086,0,-1.2212820385676062,11
21,35,0.07353749821705843,0.15709713487621113,0.11954344056347137,0.2619868744722065,-0.11848797410991284,-0.1003667046905301,-0.15962154885070917,-0.17092507619915592,0,-1.2212820385676062,11
148,37,0.06166002168931227,0.18979332477496014,0.07923010481551664,0.026128090815544593,-0.12709769587840367,-0.10817652439474366,-0.17036444823550545,-0.17334701873191977,0,-1.2212820385676062,11
109,30,0.08819255889078237,0.24789664352921412,0.10828519643968394,-0.11042743226155764,-0.12930786218768725,-0.1111315952942257,-0.17012985990593354,-0.17515457350899766,0,-1.2212820385676062,11
70,39,0.10480572191669392,0.21499534742627607,0.16520724335424444,-0.1279052877861193,-0.09652551995986777,-0.08368119193483115,-0.12162553575967255,-0.17430505667661864,0,-1.2212820385676062,11
31,37,0.121645191920994,0.263375722978308,0.1747500804535176,-0.12119802498180327,-0.11199462575094475,-0.08256518175799418,-0.18755768637936018,-0.17452153368713175,0,-1.2212820385676062,11
163,35,0.07269161095028012,0.30172032982779196,0.011727239679737565,-0.14304229677374725,-0.13118090132602506,-0.1086915627160983,-0.18514146347617225,-0.17547391949056396,0,-1.2212820385676062,11
125,38,0.07804600035353497,0.30549120877525526,0.02173472743118949,-0.13565832412977383,-0.13029088275559164,-0.10664377946374266,-0.18788323251136435,-0.17441922993020517,0,-1.2212820385676062,11
86,41,0.07876884257549584,0.33644397617484006,-0.006524101402905948,-0.14655975486357256,-0.13177124904677928,-0.1090757976542518,-0.1863985175217744,-0.1748431405252047,0,-1.2212820385676062,11
47,38,0.07922959332129548,0.3016098515389679,0.030744364037662494,-0.14001822641355108,-0.1316928584621251,-0.10798791824599464,-0.18937073485136682,-0.1753699200912574,0,-1.2212820385676062,11
8,40,0.06279348219146842,0.32636578697155283,-0.034294743087570224,-0.16891221043362012,-0.13844460879487758,-0.12102136301715585,-0.1767865035859662,-0.1755796145322505,0,-1.2212820385676062,11
144,33,0.09864536473899725,0.29158169575893406,0.09249244762965775,-0.15282192647384552,-0.12483595868391101,-0.11320336810149222,-0.1456997173108738,-0.17537105051951074,0,-1.2212820385676062,11
105,35,0.09736199910128565,0.3094552093053793,0.057279547242700894,-0.1662856791871501,-0.10779604996673105,-0.08879132898446856,-0.15149527466567203,-0.175164182149151,0,-1.2212820385676062,11
66,35,0.08507554902507537,0.3323575917885955,0.020034609994339862,-0.17176021712266226,-0.13412565362623569,-0.10670762652496915,-0.2063016751233134,-0.13151495600324187,0,-1.2212820385676062,11
27,36,0.1361108507323767,0.42863786708313173,0.03302228836348102,-0.16239608651965834,-0.09578396794492611,-0.05699082860255979,-0.20019860743329795,-0.17516813864803762,0,-1.2212820385676062,11
154,30,0.10219053186394225,0.3694724547257639,0.006165010602007288,-0.14561988008627064,-0.10771328913993664,-0.07544593958755014,-0.19199240187613686,-0.17496635720481787,0,-1.2212820385676062,11
115,28,0.12534113287783133,0.3655015764774806,0.06699343504677624,-0.13250406715438506,-0.09724877982441286,-0.06364128270527898,-0.18578653014443589,-0.17507148703237776,0,-1.2212820385676062,11
76,18,0.1905648837084371,0.5693834835907012,0.04817809836483591,-0.14220776241703004,-0.10633019369063072,-0.06917639673046042,-0.20556901186929138,-0.17507374788888444,0,-1.2212820385676062,11
37,26,0.11725424756414006,0.39208868460643526,0.02003939370020344,-0.0883048272558602,-0.1071574369267485,-0.07417347462633912,-0.19362193611583647,-0.1751771820740643,0,-1.2212820385676062,11
166,21,0.15260874933699528,0.5129274969169598,0.017024363419150184,-0.14472839490146344,-0.1285187546376236,-0.11088573586135422,-0.1677190477417817,-0.17477927132889143,0,-1.2212820385676062,11
129,34,0.09656640645676126,0.3813240675091519,0.00397301857579004,-0.14895308549698136,-0.13956926171130732,-0.11436511925649165,-0.2017567773043474,-0.1746769675719649,0,-1.2212820385676062,11
90,26,0.10677853708917472,0.44496726175399365,-0.028343655197437107,-0.15314595062974307,-0.14552737201548877,-0.1255961175307153,-0.19146309223088756,-0.1750794000301511,0,-1.2212820385676062,11
51,28,0.12977807181007137,0.4148122938500473,0.05163722431193539,-0.1399191208058455,-0.1254028835291574,-0.10036994797113817,-0.18730030736112116,-0.17458088117043166,0,-1.2212820385676062,11
12,30,0.12515252152915676,0.2840387441451086,0.17765751887786504,-0.12177628061211557,-0.12970278606443167,-0.10372782896134712,-0.1975292685183843,-0.1316059554776351,0,-1.2212820385676062,11
142,34,0.07296918838647438,0.3359428513999879,-0.020701469149217958,-0.10002246013537333,-0.1391987138487278,-0.1215410116216889,-0.17984275133240687,-0.15355717651496284,0,-1.2212820385676062,11
103,33,0.08315388848422206,0.3495988928331558,-0.009020813831623549,-0.06352116689058589,-0.1392888665700006,-0.1246180003876649,-0.16922056881474135,-0.17528231190162416,0,-1.2212820385676062,11
64,25,0.12053322007055907,0.45733086136367157,-0.005592433160751352,-0.0953176889481623,-0.14729881062889638,-0.13012557333164979,-0.18477054091907003,-0.17508166088665775,0,-1.2212820385676062,11
25,30,0.1371685638096069,0.4031048206473485,0.07689721770253648,-0.08605080281469113,-0.12121705343953822,-0.10275638600731662,-0.16637751238441167,-0.12911053510840467,0,-1.2212820385676062,11
157,32,0.0909710986027307,0.27867772885377984,0.08405239591770061,-0.08840383980665714,-0.13187260621715868,-0.11565920162109442,-0.16669859055766637,-0.17448592519715178,0,-1.2212820385676062,11
119,20,0.13979650922023926,0.5000327319243774,0.0020777824140121724,-0.10386375626727894,-0.14304856256174417,-0.12549040266527567,-0.1817783612416702,-0.17490531407913795,0,-1.2212820385676062,11
80,25,0.1043925525649225,0.34243736998194024,0.0608483330026868,-0.08164576793022164,-0.13906091433437642,-0.12261018185751274,-0.17444750668538414,-0.17517944293057097,0,-1.2212820385676062,11
41,28,0.10657174392616815,0.341330405196904,0.06345841759936197,-0.10829884853324036,-0.1302926572158574,-0.11357412064174606,-0.16666842158849549,-0.1747679670463581,0,-1.2212820385676062,11
2,35,0.08495503188659839,0.29410102763697443,0.05271516930994944,-0.0971613324222124,-0.13350724915373677,-0.11647693719787755,-0.17077660718253418,-0.1748860967988313,0,-1.2212820385676062,11
118,33,0.07701188396447027,0.31818139722700123,0.008831611029240759,-0.09547151201815043,-0.13881419337902712,-0.12982886676395602,-0.15134250326879722,-0.1755796145322505,0,-1.2212820385676062,11
79,30,0.04928776178893982,0.26309687498677375,0.0038576033667865554,-0.09475767247194418,-0.15924791452092676,-0.15368893168625386,-0.1609978441073413,-0.17519300806961094,0,-1.2212820385676062,11
40,20,0.10323689397570324,0.35175996674390253,0.06790179102789083,-0.09987924555297058,-0.16169010925455932,-0.15309839997785288,-0.17282395705098202,-0.1731621937125,0,-1.2212820385676062,11
1,21,0.1564942861650224,0.3898626439280638,0.16619021185875885,-0.03707774350274157,-0.1509145117050179,-0.13788047169730203,-0.17569886305881952,-0.17466340243292489,0,-1.2212820385676062,11
133,33,0.045650414400028545,0.2816986044941004,-0.019934190965854137,-0.12310410964155333,-0.1637075894585288,-0.1635529944000672,-0.14882864112027638,-0.1755796145322505,0,-1.2212820385676062,11
94,29,0.06979490826692793,0.26410610502513865,0.06567324019401488,-0.06783081844369554,-0.16713790506585816,-0.16058125143002142,-0.17183760391897288,-0.174854444807738,0,-1.2212820385676062,11
55,29,0.08051339041152109,0.306385493960704,0.044332870880241,-0.10179407756213316,-0.15407823240202154,-0.1532340950859381,-0.14156517485925785,-0.17416092707431882,0,-1.2212820385676062,11
16,27,0.06825635439327928,0.2528054528042771,0.06583086164121049,-0.12118294976260297,-0.15240990513971314,-0.17105136535200494,-0.08025113099731226,-0.17519526892611761,0,-1.2212820385676062,11
