LAB05/outputs/tables/q10_transformed_avocado.csv
Date,AveragePrice,Total Volume,4046,4225,4770,Total Bags,Small Bags,Large Bags,XLarge Bags,type,year,region
150,51,-0.06520113664058376,-0.15808808683413558,-0.040202594913943394,-0.0347664890627566,0.02732757830387618,-0.19241856706742752,0.7113733152148869,-0.17072725125482283,0,-1.2212820385676062,12
111,58,-0.09315305126523887,-0.14198525368595055,-0.0887737613836598,0.01524359643911901,-0.03735415500307356,-0.19727946738372557,0.46511389857083124,-0.1755796145322505,0,-1.2212820385676062,12
72,36,-0.03154569776355205,-0.1555677272510829,0.022099518223466237,0.06057636254183346,0.05549223751225866,-0.1982827668584394,0.8431851076913438,-0.17099120625197586,0,-1.2212820385676062,12
33,29,-0.0035960620189541517,-0.14368034242784314,0.06890671807112625,-0.13057536966583458,0.10179765016737101,-0.19715480211010492,1.0268352233310212,-0.1697296483212573,0,-1.2212820385676062,12
160,65,-0.12206178857455298,-0.1642485854762385,-0.09565098635604279,-0.08089861401072092,-0.09115626682981735,-0.20139737499907173,0.26021142475861037,-0.1755796145322505,0,-1.2212820385676062,12
122,38,-0.036421047467460346,-0.15254372896860946,0.023787252838366912,-0.04302957032268757,0.04377008201833069,-0.20215031197362351,0.8079595979390166,-0.1755796145322505,0,-1.2212820385676062,12
83,35,0.021709902015658557,-0.15394910766752987,0.11115824367309213,-0.026154909679954763,0.1406195453556832,-0.19555504724918532,1.1793056683421534,-0.1755796145322505,0,-1.2212820385676062,12
44,46,-0.04633340547227098,-0.14154148275620887,0.04924895915954851,-0.09813535908498659,-0.0301342310738067,-0.19105717992921445,0.4752491555656968,-0.1752970074689175,0,-1.2212820385676062,12
5,35,-0.005400274815054301,-0.12069866855021506,0.1252842862419096,-0.1329660947058013,-0.002569146779560308,-0.1883793559137778,0.5785124132316918,-0.1755796145322505,0,-1.2212820385676062,12
138,46,-0.03342671200280036,-0.14764899925221528,0.08202565767494398,-0.10811105969159726,-0.0160355358760788,-0.19068354596197415,0.5311214306229988,-0.1755796145322505,0,-1.2212820385676062,12
99,40,-0.01309011378098762,-0.1390951416503125,0.11655050170185749,-0.08511232389101886,-0.00045192162910999043,-0.18830636869811043,0.5867758824436514,-0.1745831420269383,0,-1.2212820385676062,12
60,43,-0.021621128783898595,-0.1458310918559276,0.1137354984272696,-0.03721388576008739,-0.02346766497358297,-0.1899495861995753,0.49883190264490135,-0.1755796145322505,0,-1.2212820385676062,12
21,55,-0.04972075363803115,-0.15122777641660698,0.057819458211781825,0.0444995718338122,-0.055577618577733065,-0.1887657753756466,0.36537426173074206,-0.175150617010111,0,-1.2212820385676062,12
148,50,-0.04510626765279453,-0.13749014311088426,0.07626734648707675,-0.07029533761221678,-0.06705428002883834,-0.18640350112019685,0.31178540052756054,-0.1755796145322505,0,-1.2212820385676062,12
109,51,-0.02622329375942305,-0.16413746684813751,0.13796168813351095,0.02503467213898046,-0.05246373486476451,-0.18970471851366658,0.3808651666005935,-0.1755796145322505,0,-1.2212820385676062,12
70,54,-0.033359996124124,-0.13998349776838254,0.13020799855243717,-0.04560817726120604,-0.09127112003798937,-0.18020409085575995,0.19492671825312646,-0.1755796145322505,0,-1.2212820385676062,12
31,62,-0.03521036854791428,-0.12241854079375084,0.10398844857890045,-0.03488774221471941,-0.08943626728457044,-0.18007023181975448,0.20193477303737362,-0.1755796145322505,0,-1.2212820385676062,12
163,67,-0.037336621554387335,-0.13688908588171902,0.10454217914269837,-0.03243764686703794,-0.07926441209584639,-0.18521965009031024,0.2588045916187821,-0.1755796145322505,0,-1.2212820385676062,12
125,73,-0.07310050226733052,-0.12470553228477586,0.019069414285915777,-0.013208832549435397,-0.1178666392430322,-0.1833219824829583,0.0969494247018043,-0.1755796145322505,0,-1.2212820385676062,12
86,70,-0.058635804813227346,-0.10702203348968496,0.044605517199329765,-0.043598054977592275,-0.11776294992487495,-0.18157562329736268,0.09202729179686067,-0.1755796145322505,0,-1.2212820385676062,12
47,62,-0.05248865181985203,-0.12746575821770337,0.0680804491538233,0.011037517225329859,-0.10462971320830704,-0.18172900902694647,0.1455880745436807,-0.1755796145322505,0,-1.2212820385676062,12
8,58,-0.03553755144060179,-0.1102883567086396,0.10660796770658436,-0.05703212253703949,-0.10692586479218222,-0.18300396675755046,0.14020529099261989,-0.1755796145322505,0,-1.2212820385676062,12
144,71,-0.042557816643954874,-0.12179542743393665,0.06743748088255305,0.027340994562807315,-0.07811913488124221,-0.16543624147050062,0.20292616799439367,-0.1755796145322505,0,-1.2212820385676062,12
105,63,0.002093224300460126,-0.13735064401359698,0.18096736994789545,-0.053512896365949914,-0.03161250857176723,-0.15225950266520144,0.3505559691097015,-0.17456448996075835,0,-1.2212820385676062,12
66,71,-0.032347452360759775,-0.1338664789537238,0.10688494095406705,-0.007180140722949632,-0.07128309261598034,-0.15463023357380698,0.1937776740360097,-0.1241066944450305,0,-1.2212820385676062,12
27,72,-0.032932528030646654,-0.11608084209125492,0.11065194322072969,-0.030641927700939403,-0.09818707385384748,-0.12577109385971885,0.0004834489403328206,-0.1755796145322505,0,-1.2212820385676062,12
154,73,-0.044577547209938874,-0.10286761503162495,0.05570324141525074,-0.0408529692295101,-0.08771197861536692,-0.11926228534686166,0.022869766845407615,-0.17485896652075134,0,-1.2212820385676062,12
115,69,-0.03469492757639585,-0.0860127547879653,0.09161714572725321,-0.09292389303021031,-0.11289853581031571,-0.13216130819860605,-0.03944354213942866,-0.1755796145322505,0,-1.2212820385676062,12
76,69,-0.03116832159651664,-0.07791688206666689,0.08801577097107176,-0.04788323256372859,-0.11144418817651038,-0.13761976286396058,-0.01686940600508628,-0.1755796145322505,0,-1.2212820385676062,12
37,64,-0.019620196806645777,-0.09883072649985815,0.11972103564365634,-0.04962200090173719,-0.08270109548058653,-0.1502802437671806,0.1380482506873497,-0.1755796145322505,0,-1.2212820385676062,12
166,79,-0.07246840696038001,-0.13064575421562336,0.0583982783162288,-0.0382902750223697,-0.15331841865600213,-0.1733930675589697,-0.0767337817098347,-0.1755796145322505,0,-1.2212820385676062,12
129,69,-0.05590083890953954,-0.07496011940826848,0.06209650650605773,-0.037428754162145826,-0.17133687630121677,-0.17708629304246348,-0.13827827386618063,-0.1755796145322505,0,-1.2212820385676062,12
90,74,-0.07472410151236478,-0.10830286224653571,0.008343490320168869,-0.05082643647031333,-0.12739627163260453,-0.17624545244184442,0.03678167869701017,-0.1755796145322505,0,-1.2212820385676062,12
51,61,-0.033444517382053,-0.11403245208239725,0.1319435702259735,-0.05690826379163464,-0.12574050754897764,-0.17804689378983318,0.0489748610957123,-0.17544057185709067,0,-1.2212820385676062,12
12,54,-0.02002275937614329,-0.08698569102854903,0.15828493029308835,-0.07472093807349653,-0.1436520818475567,-0.18364864248932572,-0.006290181476131426,-0.1755796145322505,0,-1.2212820385676062,12
142,72,-0.0665469239014128,-0.10485466686209365,0.07194226181308754,-0.15688041743052566,-0.1692777216304346,-0.18457933000397966,-0.11115247648907717,-0.11882250757482998,0,-1.2212820385676062,12
103,61,-0.015527307954301989,-0.12906729418178242,0.2068062997135722,-0.15454952798281685,-0.12447713239885834,-0.184834383199236,0.07485196647845116,-0.1755796145322505,0,-1.2212820385676062,12
64,58,0.0023270918326344274,-0.09225960436737235,0.23224120565485493,-0.13247568479724872,-0.1426259976639459,-0.18692880536281503,0.007890299785807482,-0.1755796145322505,0,-1.2212820385676062,12
25,72,-0.059336611104774735,-0.10754662946593378,0.08412624437696944,-0.15383354812771177,-0.15578404640491542,-0.17235608889347878,-0.09368152806515088,-0.12306161352482504,0,-1.2212820385676062,12
157,64,-0.0646013886895661,-0.10461176482972091,0.06381229556263748,-0.168242479862111,-0.1516124931156058,-0.16921159432410274,-0.0826266913768351,-0.1755796145322505,0,-1.2212820385676062,12
119,68,-0.07167668580586382,-0.1273772649107197,0.0707007904809525,-0.1338029554852346,-0.15935129964589562,-0.180694134473255,-0.07879137919009332,-0.1755796145322505,0,-1.2212820385676062,12
80,56,-0.05458662296924903,-0.10481496582692552,0.0896165766809829,-0.16487475033829344,-0.14815480012131926,-0.1763348302863699,-0.04686215724326208,-0.1755796145322505,0,-1.2212820385676062,12
41,56,-0.03789007378195542,-0.13789454503323104,0.1631358488850496,-0.1449352604093785,-0.13919274152246194,-0.17168247827396466,-0.024862051332111133,-0.1755796145322505,0,-1.2212820385676062,12
2,56,-0.0520706756816829,-0.15137307018907906,0.16005394638244516,-0.16128954681897545,-0.16601645631767967,-0.19291882299824212,-0.06834590649049249,-0.1755796145322505,0,-1.2212820385676062,12
118,53,0.014089903339560141,-0.11035826436574667,0.23996518809031414,-0.15962429343879542,-0.08469408813288871,-0.1603285837882702,0.16066645155247833,-0.1747764452582581,0,-1.2212820385676062,12
79,65,-0.06415893847993114,-0.13921498786559502,0.09048574946024972,-0.13997774665829105,-0.14132574415961793,-0.13659823668830887,-0.14089473510415076,-0.17415188364829215,0,-1.2212820385676062,12
40,48,-0.024343078720804722,-0.11022079696221448,0.14214825296357925,-0.1620941168511094,-0.09975646735151084,-0.1198060843301374,-0.0242287899126535,-0.1738737982979725,0,-1.2212820385676062,12
1,46,0.04041394183754883,-0.05952196633493425,0.2599493767917661,-0.15915789221267293,-0.0821689399167758,-0.12281410647624115,0.056027800419690556,-0.1732967146746465,0,-1.2212820385676062,12
133,55,-0.04487835937749157,-0.12023689697191148,0.10570682050444473,-0.16652483544236452,-0.11384352208989544,-0.14400579578322084,-0.007075517454860745,-0.17504718282493112,0,-1.2212820385676062,12
94,52,-0.012291938212688015,-0.11149154630452136,0.17069270059690037,-0.1732200939054655,-0.0895649207237235,-0.14027406639399578,0.07963046885625516,-0.17466622850355823,0,-1.2212820385676062,12
55,62,-0.053298766171475526,-0.14390571813704428,0.11009884384034432,-0.16268251568446385,-0.11875194281904518,-0.12919704353673916,-0.07228299795773872,-0.17405579724675893,0,-1.2212820385676062,12
16,52,-0.05286249239279614,-0.13878313040857304,0.11158977380620158,-0.16085943778722403,-0.12581359503238046,-0.1531851778370975,-0.027367551429394416,-0.17535070281095075,0,-1.2212820385676062,12
