LAB05/outputs/tables/q10_transformed_avocado.csv
Date,AveragePrice,Total Volume,4046,4225,4770,Total Bags,Small Bags,Large Bags,XLarge Bags,type,year,region
150,61,-0.17233322821886357,-0.16594365840728476,-0.20314869707282865,0.34384010354288896,-0.18005369435157506,-0.17859282368888033,-0.21960934679210636,0.5235292170279212,0,-1.2212820385676062,13
111,63,-0.17379943127026362,-0.14427470376358195,-0.20969533142784144,0.2104957882692655,-0.1904587744578558,-0.18990415346709047,-0.2107171661003331,0.2979556503602775,0,-1.2212820385676062,13
72,58,-0.16651639411195207,-0.12712106595657222,-0.213494216761883,0.23216520612986788,-0.18468051330643742,-0.17942087879487092,-0.21107890679725289,0.1829164887316916,0,-1.2212820385676062,13
33,51,-0.14792358796035143,-0.15814867399732327,-0.17967876475536615,0.8463663007716272,-0.1879877523497346,-0.20315082383525274,-0.21910307377820765,1.1099925687859376,0,-1.2212820385676062,13
160,64,-0.1801725234939115,-0.16504341253276453,-0.2133652892448239,0.3798992834147099,-0.20011491065471643,-0.20178851196000683,-0.2189615747543247,0.37459190336666826,0,-1.2212820385676062,13
122,62,-0.16798116381439615,-0.1561176126760579,-0.1986644296032022,0.3774786871070685,-0.18655749681645162,-0.18066671400993226,-0.21758081153894304,0.22048514130292782,0,-1.2212820385676062,13
83,63,-0.17423461628286738,-0.16196291419088316,-0.2156668746435683,0.2759245660212337,-0.16913371657503964,-0.15660146468222358,-0.2180559318129371,0.1833522688233511,0,-1.2212820385676062,13
44,56,-0.14680920113409981,-0.14991953165219687,-0.18479333530278724,0.8476411804200467,-0.18853491477750708,-0.20314703107321933,-0.2197216606175523,1.0878621748704569,0,-1.2212820385676062,13
5,57,-0.1476486745262571,-0.14275318649284655,-0.1892738655022078,0.7601796906361307,-0.18566588630166556,-0.19703291104758294,-0.2181982506457649,0.9689258618385088,0,-1.2212820385676062,13
138,70,-0.17353867758646127,-0.16497782914213238,-0.2036620235931782,0.47913303048351275,-0.19962886063849625,-0.20379454802602315,-0.21975043591151688,0.49716536930371197,0,-1.2212820385676062,13
99,50,-0.14261120002498726,-0.13876309016083285,-0.1639138046255821,0.46261831396341396,-0.17168321038599857,-0.15955185828859728,-0.2193566816753003,0.18360322389559083,0,-1.2212820385676062,13
60,52,-0.14137840699235737,-0.1443800593381908,-0.15776797173754126,0.46641103438900744,-0.16807861236125418,-0.15207682019425725,-0.21772140877298668,0.04673153619627701,0,-1.2212820385676062,13
21,63,-0.16338531136558676,-0.16711332900891868,-0.1950175847261821,0.62749868500732,-0.18805607413985231,-0.18952472984190513,-0.21847518210733882,0.5228605687160753,0,-1.2212820385676062,13
148,70,-0.17176202852513192,-0.1616144115157833,-0.20883208845063467,0.520531164374952,-0.19592021840354146,-0.1988560770148513,-0.21829978398358588,0.47561601551044375,0,-1.2212820385676062,13
109,53,-0.13815132171814332,-0.12890845051399408,-0.18588264160222726,0.8231677717881906,-0.1811703368473766,-0.19300710187991693,-0.2192940892623602,1.0648443947761104,0,-1.2212820385676062,13
70,56,-0.13006451169146788,-0.11204702086367875,-0.1840247532273738,0.7780770467048586,-0.1718347492926933,-0.17521458508196208,-0.21728436862448142,0.8071395354357572,0,-1.2212820385676062,13
31,62,-0.14873865677674988,-0.1178545976991288,-0.2024798585866886,0.5297785085576079,-0.18018984108293606,-0.1776000581751497,-0.2176609478633032,0.4472049622194502,0,-1.2212820385676062,13
163,49,-0.12389958517103894,-0.09105540287732461,-0.18244236810705536,0.7228714078795846,-0.17308806578804903,-0.17379644053310794,-0.21836213045384253,0.6923292855284712,0,-1.2212820385676062,13
125,64,-0.1687226945902189,-0.1413487090121677,-0.21467811752275712,0.3636192564182107,-0.18703568850863778,-0.18287502625040097,-0.21390208286066964,0.23623709379898275,0,-1.2212820385676062,13
86,50,-0.1304180826832169,-0.1416543484828308,-0.17305272586604503,0.9513231407789297,-0.16737083592999935,-0.17270878895861252,-0.21628522647293244,0.9365119621024667,0,-1.2212820385676062,13
47,60,-0.1474913275587487,-0.12348962286301085,-0.19787446203716605,0.5332736329893587,-0.1745980097969234,-0.17054877747562916,-0.21670222229273586,0.44830656455232226,0,-1.2212820385676062,13
8,57,-0.14070226009416106,-0.10750579795525211,-0.19646604269241041,0.4996583136523401,-0.16938273925884795,-0.1591359142516063,-0.21586298387588196,0.2461204280178646,0,-1.2212820385676062,13
144,52,-0.15185107703014342,-0.13749404048450792,-0.2131517997605723,0.3746467792632217,-0.13596523151384793,-0.11278777251613682,-0.21241130128488775,0.10661145120352725,0,-1.2212820385676062,13
105,57,-0.13893728920725454,-0.13215040131331043,-0.19012789818461817,0.7671777562799587,-0.16848038058473788,-0.16188597497149526,-0.21437839185763374,0.39192984670214803,0,-1.2212820385676062,13
66,55,-0.15653749107207798,-0.13044978668062082,-0.21475592748844424,0.37100220543618906,-0.1590553196735692,-0.14138211579115842,-0.21463027815594216,0.05604965628849283,0,-1.2212820385676062,13
27,59,-0.13810894671082777,-0.1206916248181691,-0.19303938947087787,0.6812830656668776,-0.16736313984233248,-0.15516568311981485,-0.215152086549346,0.1814548450001333,0,-1.2212820385676062,13
154,53,-0.15083186167891158,-0.12472977821764336,-0.22006621472402657,0.23989190736837623,-0.1256428716752698,-0.09501125768944652,-0.2140194795015737,-0.045526670057035444,0,-1.2212820385676062,13
115,50,-0.12337326522572767,-0.12617290531220848,-0.1728103182154446,0.9196341925077453,-0.15940192753222057,-0.15015500220816264,-0.21112649670650205,0.35840247513657375,0,-1.2212820385676062,13
76,57,-0.13847903161994188,-0.12348710103301909,-0.19661064182919968,0.6319291244278493,-0.15533553382814552,-0.13607476851777045,-0.21541331866962585,0.050364732602486126,0,-1.2212820385676062,13
37,50,-0.11664579122708296,-0.11051272052367475,-0.1727848632528199,1.0075696211273835,-0.16554329395287531,-0.1611903180850379,-0.21789426548901053,0.5747913122458949,0,-1.2212820385676062,13
166,62,-0.15238188813551665,-0.10337555428125106,-0.2211223921993524,0.28283646096765735,-0.16185017571030252,-0.1439862154816986,-0.2194646915037857,0.07674440632224205,0,-1.2212820385676062,13
129,56,-0.13823813343874736,-0.07878547462680774,-0.2162471979611425,0.2202085100520489,-0.14299086725367505,-0.11741372261615413,-0.21980011633357546,0.011964650050924227,0,-1.2212820385676062,13
90,48,-0.10293709702977581,-0.062271393459809254,-0.16331162242982575,0.8716095692086928,-0.1761667036502534,-0.17248427888941315,-0.22031069334443468,0.4922485716158444,0,-1.2212820385676062,13
51,64,-0.14180774278295913,-0.09101960712120329,-0.20989493487701683,0.24181306724732654,-0.14990840287411294,-0.1262578807946198,-0.21502792648464686,-0.06644524488494438,0,-1.2212820385676062,13
12,59,-0.13782855759415633,-0.10413036408568208,-0.18539769342030796,0.48160722757053287,-0.1751959217882962,-0.1629146980136202,-0.21951437192584428,0.13179513183125785,0,-1.2212820385676062,13
142,54,-0.14171356451741793,-0.12623812505337476,-0.19442369096523796,0.4077010584980272,-0.14137089656855148,-0.11832804630592199,-0.21668496531444653,0.09787154516289076,0,-1.2212820385676062,13
103,49,-0.11061427909008001,-0.12061630985161259,-0.1296737322833143,0.7918287174935068,-0.1605907246523138,-0.15268831260873678,-0.20610098589361148,0.32967942364766056,0,-1.2212820385676062,13
64,55,-0.1677921731349878,-0.15539425064500378,-0.22464404682951927,0.18768065374944123,-0.13442356015542203,-0.10778491836429913,-0.21268532242470742,-0.014663717884564753,0,-1.2212820385676062,13
25,64,-0.16078370482789026,-0.14213784416401012,-0.1929218232552447,0.25205267724685093,-0.17262938301901312,-0.15572687788089745,-0.21453997620066576,-0.09687015610924891,0,-1.2212820385676062,13
157,50,-0.15827527176363856,-0.13615193679265353,-0.22172117763174382,0.1443565210198022,-0.12462674474869309,-0.09271265626940542,-0.21283149435957607,-0.10220747310735602,0,-1.2212820385676062,13
119,50,-0.11445699208435085,-0.12222630461848534,-0.15455411868153343,1.1344195878036678,-0.17893467914890393,-0.1846462595219824,-0.21964177023587558,0.8416498143676039,0,-1.2212820385676062,13
80,66,-0.17248520085170085,-0.14627260974006537,-0.2188720738427882,0.23695186739668536,-0.17497281636414072,-0.1608722487516861,-0.2170942959206155,0.02472322853215602,0,-1.2212820385676062,13
41,54,-0.1656165868635404,-0.15462084728527298,-0.22025946481385192,0.22262305766062843,-0.13695790514559797,-0.1105532459910839,-0.22079253605177657,0.07260703891504688,0,-1.2212820385676062,13
2,50,-0.13109914929833472,-0.15447413844205313,-0.16046957792903685,0.990554909837142,-0.1729504285100648,-0.1761851971128616,-0.21804429052592003,0.79636203246849,0,-1.2212820385676062,13
118,68,-0.173668385532183,-0.15320815606991878,-0.21630592293364476,0.21991110017202345,-0.17149646618763148,-0.15466599007241155,-0.22163714421721928,0.019401737529595554,0,-1.2212820385676062,13
79,69,-0.17230487107477163,-0.1521112786048496,-0.2192402946186095,0.17494656025681238,-0.15964661039320752,-0.13900606429411735,-0.21996264345689406,-0.0035900427149243236,0,-1.2212820385676062,13
40,64,-0.16865685609484285,-0.12893600091374732,-0.2152316570705223,0.16448808040815785,-0.18035233094441366,-0.1667443423124424,-0.2185373646158065,-0.007595715230606315,0,-1.2212820385676062,13
1,45,-0.09002394045955842,-0.06896149221102868,-0.13207907260801977,0.9709013837884894,-0.17131898974173806,-0.17180183636113572,-0.2199121842163379,0.7281949479360628,0,-1.2212820385676062,13
133,72,-0.16601329152407251,-0.1445862960178933,-0.20562972957677123,0.214492024154063,-0.16819343515010737,-0.1512858617854696,-0.21748735331922894,0.0037458714350737895,0,-1.2212820385676062,13
94,63,-0.16182526594456245,-0.14181662310427567,-0.20738394607611266,0.138658925674271,-0.1466758533983442,-0.12045076006191265,-0.21836463087112437,-0.08515496290584257,0,-1.2212820385676062,13
55,61,-0.15013359198066806,-0.1459576181537902,-0.17029481147011374,0.5038590886223365,-0.18549961430487868,-0.1789909698884849,-0.22018948459193705,0.24475204461720623,0,-1.2212820385676062,13
16,54,-0.13926642666670014,-0.135478521225198,-0.1472396912303729,0.47666562655082345,-0.18607200448774355,-0.18161678079631874,-0.21838717561710802,0.29873451542682333,0,-1.2212820385676062,13
