LAB05/outputs/tables/q10_transformed_avocado.csv
Date,AveragePrice,Total Volume,4046,4225,4770,Total Bags,Small Bags,Large Bags,XLarge Bags,type,year,region
150,66,-0.20354428590822002,-0.22926976612871086,-0.16115501819993608,-0.15898759806985485,-0.2046029363974786,-0.2029819186058998,-0.21076815821670344,0.06177131889273285,0,-1.2212820385676062,14
111,66,-0.2097559251263402,-0.22955634562410707,-0.1743184562343389,-0.1826542033037695,-0.20733652792606544,-0.20323718623293188,-0.21335416355237202,-0.044181460435570336,0,-1.2212820385676062,14
72,77,-0.21225098605831208,-0.22862368751458298,-0.18733846614328367,-0.18216509619193794,-0.20142673363997704,-0.19290505915863684,-0.21358776811121005,-0.1472810388524635,0,-1.2212820385676062,14
33,46,-0.1834308355057838,-0.22845238489987604,-0.10771653067457689,-0.06703704301296429,-0.21048284877269186,-0.20856745090235204,-0.21633732533137837,0.04636810351283078,0,-1.2212820385676062,14
160,65,-0.21140929459484115,-0.2286893894865627,-0.1763945513589483,-0.18148671132792493,-0.21183062739282293,-0.206871684213845,-0.21118958100480908,-0.17125911774801553,0,-1.2212820385676062,14
122,64,-0.2054938229145255,-0.22868290703956196,-0.16639972880097198,-0.15925690476346988,-0.20574969401893306,-0.19913730428873383,-0.21319487467438558,-0.13083217733822933,0,-1.2212820385676062,14
83,73,-0.2088332277294504,-0.2288759574734141,-0.1830922960059535,-0.18921657650132717,-0.19355099961580932,-0.18078402159324783,-0.21688385096446974,-0.17401171054487902,0,-1.2212820385676062,14
44,46,-0.1889085363540661,-0.22849641810694227,-0.12065388047161175,-0.14222041815660558,-0.20562009758089592,-0.19732871968221577,-0.21527698444209556,-0.1711732052007623,0,-1.2212820385676062,14
5,44,-0.186784744653881,-0.2286855395454781,-0.12280942996079887,-0.13246005123659657,-0.1963723711587994,-0.18602224142293175,-0.21553174007171097,-0.12900936177973144,0,-1.2212820385676062,14
138,67,-0.2072485258107295,-0.22855265728738552,-0.1733426217633953,-0.12477559783461248,-0.20734172962958733,-0.20331746412897442,-0.2102886519648544,-0.08335588634066467,0,-1.2212820385676062,14
99,47,-0.19280339429378848,-0.22861452512912703,-0.14669417435598306,-0.05127962361540843,-0.1972234631408888,-0.19022396505862013,-0.21522984542776605,-0.0034108698367711953,0,-1.2212820385676062,14
60,50,-0.18876032228071324,-0.22875878329116364,-0.15679154760840966,0.2460361758753975,-0.20294912929003048,-0.21496167243504838,-0.2138992545198099,0.7023657927756795,0,-1.2212820385676062,14
21,52,-0.19989326234331098,-0.22907285784835088,-0.16015281521142852,-0.04407525080511745,-0.20581545044649513,-0.2047123160261888,-0.21372053616983025,0.1078707482777391,0,-1.2212820385676062,14
148,68,-0.2064006289597584,-0.22928150568212077,-0.1726449398563105,-0.09133959916055036,-0.20793288853217734,-0.2054604148838005,-0.21489179720935275,0.03754058928256108,0,-1.2212820385676062,14
109,41,-0.17546160352831208,-0.22877954293241246,-0.0975580738168959,-0.12272518190955596,-0.1884918815811195,-0.17490749197513092,-0.21529215090757545,-0.16178895505572657,0,-1.2212820385676062,14
70,48,-0.18279197595002306,-0.22838366305624475,-0.12634972111172593,-0.022331759645234685,-0.19045552973051275,-0.1853887563494529,-0.21104508967827737,0.11222628833782733,0,-1.2212820385676062,14
31,62,-0.19700142435944556,-0.22873147795952867,-0.15214011619499515,-0.15655304322591693,-0.19365381691349312,-0.18372274206982972,-0.20844133547895258,-0.1722188513350944,0,-1.2212820385676062,14
163,44,-0.18061508084276134,-0.22852777892066425,-0.11861461822114286,-0.05695358250614417,-0.18831922152737593,-0.1790942321904895,-0.2132691903552372,-0.0034877389579977794,0,-1.2212820385676062,14
125,81,-0.2090552694088246,-0.22780367377983204,-0.18464416008625698,-0.1617324046472111,-0.19680394017497468,-0.19029443270092258,-0.20340168296176317,-0.14015142785869847,0,-1.2212820385676062,14
86,42,-0.16845234470754794,-0.22757645610703187,-0.09762149944481269,-0.02274958516504513,-0.176306754194199,-0.17004149890415907,-0.19537673716231077,0.037607849763634335,0,-1.2212820385676062,14
47,61,-0.19224564201935254,-0.22783509783693942,-0.14498546950270474,-0.13446617207313866,-0.18929201106437668,-0.17775704903896306,-0.2092308934737479,-0.16979125666106393,0,-1.2212820385676062,14
8,58,-0.19301752794084215,-0.2283761924313475,-0.15389305371742165,-0.11613656666376072,-0.1824227407631671,-0.17040088656029873,-0.2062145294324747,-0.13871295790633348,0,-1.2212820385676062,14
144,65,-0.20176202796420853,-0.22911168138154694,-0.1902592175546091,-0.1198741973994372,-0.16729283065671716,-0.15134546041713923,-0.2059886720681656,-0.10209329985376948,0,-1.2212820385676062,14
105,58,-0.18384728563405442,-0.22951635208828156,-0.14370375192297452,0.06177670360642929,-0.18067498865936393,-0.17355232335841433,-0.20713242851758798,0.10427598643214327,0,-1.2212820385676062,14
66,72,-0.20198092496284306,-0.22794879363299433,-0.19027585255954785,-0.12103126700151366,-0.16940451949113836,-0.15523034770218633,-0.20264188403166628,-0.10211138670582282,0,-1.2212820385676062,14
27,69,-0.18758079770746403,-0.22949377419970327,-0.15430524140095428,0.11303216971668427,-0.18641907877595051,-0.18516413906436563,-0.19940134323442094,0.16719957951148995,0,-1.2212820385676062,14
154,63,-0.2011529009884065,-0.2291931783890237,-0.19943759606340158,-0.12002867186778583,-0.15383243416601045,-0.13622567487994722,-0.20205723728263889,-0.04365072437063096,0,-1.2212820385676062,14
115,49,-0.16942136968008636,-0.22961798420857654,-0.10594696645225651,0.09364674062183427,-0.1795996758780949,-0.17231096440667157,-0.20247201961829114,0.04760140073721602,0,-1.2212820385676062,14
76,60,-0.18916043802219507,-0.22812072868155503,-0.14846244299129874,-0.16662366187934421,-0.1703730503235013,-0.15410586747020763,-0.2046905455944259,-0.17527439890385085,0,-1.2212820385676062,14
37,67,-0.18475575668059976,-0.22615993076143942,-0.13364848524820122,-0.11568980044536205,-0.18110060562881927,-0.16988643792632735,-0.20606306972991167,-0.08879889838045833,0,-1.2212820385676062,14
166,84,-0.19769689975113863,-0.22602508005297708,-0.1700397884563071,-0.18127193598277516,-0.17501303070364901,-0.15812508286076962,-0.2112800879123217,-0.17354880017513954,0,-1.2212820385676062,14
129,83,-0.20030017997711097,-0.22539950020113333,-0.18352949848473105,-0.1835830973658515,-0.16820972976523338,-0.15163794535924813,-0.20361815351365362,-0.17355501753053285,0,-1.2212820385676062,14
90,50,-0.1659620876663193,-0.22727537806553885,-0.07658543528129409,-0.09694962795504786,-0.18557096788710756,-0.1738752040047343,-0.20637295751106904,-0.16549223801364227,0,-1.2212820385676062,14
51,89,-0.2000900683940973,-0.22579831298929776,-0.17457772312609046,-0.17701439629850602,-0.17860757007362987,-0.16493180412005912,-0.20496186136472758,-0.17397214555601237,0,-1.2212820385676062,14
12,59,-0.17724104110488295,-0.2266536244385102,-0.09836220978953492,-0.14993241640354824,-0.19350338324204966,-0.18137168527664832,-0.21495414367960938,-0.1731819762069333,0,-1.2212820385676062,14
142,62,-0.19141275624108364,-0.22809356564753713,-0.15743346944402223,-0.15278060920640765,-0.1688503808995783,-0.1520269380024258,-0.20508753807597468,-0.17259980565646732,0,-1.2212820385676062,14
103,46,-0.1563571207559864,-0.22725019138731392,-0.06463879429062237,-0.07273352167559184,-0.16919388598770785,-0.152108314861319,-0.2073137292657439,-0.15761880522918478,0,-1.2212820385676062,14
64,66,-0.20360787737573788,-0.22699054566866358,-0.1896459149037289,-0.1872544715825736,-0.16988394823562408,-0.152114064313306,-0.20888993493358035,-0.1741077969464122,0,-1.2212820385676062,14
25,75,-0.200646404693504,-0.22808822948689625,-0.16868354140362604,-0.16147352032736415,-0.18650826821879338,-0.17654721155825404,-0.20155944929131944,-0.17142359505887533,0,-1.2212820385676062,14
157,64,-0.20298907601839686,-0.2300721191480963,-0.19230654400367786,-0.18458550638576202,-0.16080695531041111,-0.14268962694571688,-0.20101259573465013,-0.1742208397717454,0,-1.2212820385676062,14
119,44,-0.15600838261152516,-0.2301095592322373,-0.053104839286177374,-0.034819531500683516,-0.18251840952092319,-0.16762705071727463,-0.21410207525276842,-0.15226848830616435,0,-1.2212820385676062,14
80,88,-0.21044138155361397,-0.23035406606551387,-0.1874465563026836,-0.17332236344806498,-0.1937021227918132,-0.18340226037900087,-0.20943605066219928,-0.1747114456336915,0,-1.2212820385676062,14
41,61,-0.20379859676085677,-0.2302256187498206,-0.18816086490966225,-0.17621782916051548,-0.1694180865073416,-0.1512623815060261,-0.20974216732221027,-0.17230702473885431,0,-1.2212820385676062,14
2,48,-0.1698755386033065,-0.23056421592968637,-0.09389754222587725,0.03363713194473518,-0.18814889362141024,-0.18089675909934297,-0.20830934623883,0.013635423009348942,0,-1.2212820385676062,14
118,84,-0.20887749939043487,-0.2303759087497372,-0.18704592093660968,-0.16699021304249198,-0.18937694180258174,-0.17869756020934316,-0.20729118451976025,-0.16160695610694012,0,-1.2212820385676062,14
79,74,-0.20671575145163482,-0.23032400964661523,-0.1894621408701368,-0.17331594252136856,-0.17823439600985702,-0.16697895747907354,-0.19730628048538218,-0.17239632857086754,0,-1.2212820385676062,14
40,77,-0.20791465084885208,-0.23072195283823074,-0.18357559978898222,-0.16735825311617802,-0.18975833922221472,-0.17964595174748163,-0.20547985764653778,-0.16784578963707952,0,-1.2212820385676062,14
1,47,-0.15670480488222552,-0.23035355221300774,-0.04562701838161433,-0.033762870303033675,-0.19388906978563925,-0.18534268032164083,-0.20479162803732726,-0.16733879256546008,0,-1.2212820385676062,14
133,72,-0.20453231795661048,-0.23075640467241285,-0.18027083971147675,-0.1532249559451816,-0.18344501239214978,-0.17173502746100686,-0.20407232766910646,-0.16896943532089154,0,-1.2212820385676062,14
94,60,-0.20282398027956297,-0.23086863005975788,-0.1799879283568891,-0.15287152580615265,-0.17770286911196906,-0.16325325898354115,-0.20745379362397337,-0.15997179163849537,0,-1.2212820385676062,14
55,56,-0.19270829521013008,-0.23086639282500027,-0.13883570002338036,-0.08413122490318774,-0.20001706184577672,-0.1916500703871486,-0.21085944394271366,-0.15925114362699622,0,-1.2212820385676062,14
16,48,-0.17132556073760397,-0.2307683339559789,-0.0878723318099935,-0.002114960128561361,-0.19642528049403746,-0.1853430689792344,-0.2182348141247057,-0.12332952502086475,0,-1.2212820385676062,14
