LAB05/outputs/tables/q10_transformed_avocado.csv
Date,AveragePrice,Total Volume,4046,4225,4770,Total Bags,Small Bags,Large Bags,XLarge Bags,type,year,region
150,54,0.5009363334311189,0.034519248049266794,0.9273863782995667,2.1569678908259826,0.3425735451002806,0.2919074683632265,0.18061621529253263,4.294450784267599,0,-1.2212820385676062,15
111,54,0.47897061974253236,0.07169691957353416,0.8655928578069124,2.0355349529156683,0.30664685928155944,0.2359070689004305,0.28144611604839204,3.263235131803394,0,-1.2212820385676062,15
72,56,0.5089993122216178,0.13466196290244056,0.8697834256686235,1.9145230975169676,0.3391072738580808,0.30518334165884736,0.3839445739497265,0.7376583280588316,0,-1.2212820385676062,15
33,53,0.6169780178759445,0.08590642758837384,1.1506115344879966,3.4941092181686293,0.2647695361713188,0.19252664953921167,0.2868034035412678,2.684547996000049,0,-1.2212820385676062,15
160,60,0.39026614591607667,0.02027976266976016,0.7510015840030907,2.1028905670180142,0.19454521031578764,0.1959032397018539,0.11809725723387803,0.9539556004796329,0,-1.2212820385676062,15
122,56,0.5070805270656397,0.04331765991698512,0.9772634300296782,2.398115936113047,0.2656316399468288,0.280449855908004,0.14401580395877964,0.9934256333729735,0,-1.2212820385676062,15
83,62,0.47587196832607914,0.03873218244964349,0.8534793269389345,2.1011854852809346,0.3457141065558731,0.3792222915782875,0.1859225516594852,0.713936856376786,0,-1.2212820385676062,15
44,51,0.6759333486001936,0.09253501424189448,1.2453818718580054,3.744637865131527,0.3197074445249612,0.24499826588653423,0.34359517631112557,2.7508820911196983,0,-1.2212820385676062,15
5,53,0.6887258345622479,0.11331263242299153,1.2709694909649467,3.4046108987683183,0.34366309412276747,0.2914538245396633,0.3227333751199138,2.4146740765125765,0,-1.2212820385676062,15
138,63,0.5272673823085465,0.0715847020916123,0.9674644736506715,2.8685453166400157,0.2607683209277478,0.20512351121496694,0.3139690846235386,1.5556667337327181,0,-1.2212820385676062,15
99,56,0.6170367243743943,0.08196509981190615,1.1632768359291756,3.0792738029467053,0.2997688789153883,0.3181152797881677,0.15695804579040099,1.1293556743372617,0,-1.2212820385676062,15
60,55,0.6235761111378211,0.04940923907987743,1.127069198789078,4.03803261871972,0.30416243239360213,0.2714946220697052,0.15854318737573633,3.318580333872403,0,-1.2212820385676062,15
21,58,0.5687166459986969,0.002390786115591184,1.1106614614040566,3.3421097844191916,0.26822985536679866,0.23137918113185613,0.21228859109693904,2.2663500201787565,0,-1.2212820385676062,15
148,63,0.5558008196350704,0.03973510396031739,1.0884762697026686,2.9931640578177485,0.2402116144797726,0.1944696024572026,0.19984262061008914,2.4327869284157155,0,-1.2212820385676062,15
109,55,0.7197442269866908,0.1323901656347515,1.3221268401121105,3.679428050285598,0.33540749378468177,0.2999571836165487,0.22516254284345347,2.941264861046989,0,-1.2212820385676062,15
70,56,0.7765672991171243,0.1578971716066073,1.3811251731673129,3.948113961263066,0.40036089188843077,0.3563012502059255,0.32114987315246796,2.8621043617509083,0,-1.2212820385676062,15
31,60,0.7013017371535782,0.11048804053460029,1.3132255428163842,3.0300161756081225,0.3805491849781992,0.38323461834805383,0.2741086620300999,1.270516772043844,0,-1.2212820385676062,15
163,57,0.7349633669398379,0.14692197775230018,1.3143386679846034,3.6901788218843024,0.37839893458726015,0.3690423172508657,0.2354925454531706,2.2816763664374315,0,-1.2212820385676062,15
125,67,0.5786917007137983,0.08788762150027232,1.0811136729910764,2.390363458110844,0.3332791453033085,0.3289391659341637,0.27827525901145983,0.8679752275311997,0,-1.2212820385676062,15
86,56,0.8115743571030603,0.09624714798976908,1.4882598537613414,4.211231253770382,0.4425476403099256,0.4074408565683113,0.3088454426799483,3.2265979521129036,0,-1.2212820385676062,15
47,65,0.6890197145330319,0.10111927610131549,1.2828871390438656,2.8707770074231096,0.40394956032987517,0.42310176069158234,0.2508187916964469,1.214696224894309,0,-1.2212820385676062,15
8,67,0.6694184474908507,0.15618632735633356,1.1856285271707594,2.780272370612726,0.393286859012327,0.42686691463385085,0.20590637846119852,1.080835432847745,0,-1.2212820385676062,15
144,63,0.6616727860983062,0.14411452482134507,1.0972628909383875,2.410568160229394,0.5298186989498302,0.5830089636649579,0.30001884670376394,0.8086023095955689,0,-1.2212820385676062,15
105,65,0.74888006178806,0.1233897385833043,1.2855319138130967,4.018229364105059,0.45673983435399895,0.4739593088569547,0.2318432069255705,2.274138105630087,0,-1.2212820385676062,15
66,67,0.6447444252935023,0.12888691688334192,1.09790184787297,2.468812200178795,0.48294520551535536,0.5355534828375829,0.27052576901748066,0.603827492360981,0,-1.2212820385676062,15
27,66,0.8465041155932818,0.16540092022692443,1.4616641599991467,3.9011330642513617,0.5424232580447083,0.568804171916833,0.3521711157024188,1.3911572056676897,0,-1.2212820385676062,15
154,60,0.7197642388546392,0.1452332133489449,1.1098079104142506,2.2242814432056215,0.7367858227190291,0.8333079116094405,0.386597024800376,0.595518279484864,0,-1.2212820385676062,15
115,61,0.830999206397483,0.15409903476004808,1.3813636110064502,4.383808175614396,0.5480721255535485,0.5748944364074183,0.3190480469796342,1.9059191889592364,0,-1.2212820385676062,15
76,65,0.7704007770910899,0.24647058424327659,1.2037037182510308,3.0152992255061126,0.5834194348858442,0.6716271434189223,0.26873993820244346,0.49035736514802,0,-1.2212820385676062,15
37,66,0.7967302825846924,0.3132395195668112,1.1863511408226401,3.9481969680255755,0.5095124246141028,0.5386145902501682,0.27830284558245444,1.8484086515709703,0,-1.2212820385676062,15
166,73,0.6663103562408694,0.2958095081657199,0.983168865087985,2.397380321250218,0.49222522711428857,0.5508192830120675,0.26882409159063336,0.5007629572199411,0,-1.2212820385676062,15
129,68,0.788604444927253,0.36774058204985355,1.2200578382661649,2.235496661835367,0.5566211506411778,0.6159043928997512,0.3278024587782236,0.5321973408744712,0,-1.2212820385676062,15
90,62,0.8404802161318446,0.3905841323738263,1.3654164298864708,3.568718432185938,0.386232821768475,0.400521210175123,0.22867878538885544,1.4847216217677275,0,-1.2212820385676062,15
51,68,0.7675512562014509,0.3744975053431431,1.1860901547865939,2.339636741355503,0.5043564007693574,0.5398398266127726,0.3799189841068826,0.10814996405631208,0,-1.2212820385676062,15
12,58,0.8832934488971559,0.3371546262854342,1.582569427240186,2.832018711916077,0.4198306248162477,0.4165533761141152,0.37915865230097145,0.606445564195698,0,-1.2212820385676062,15
142,67,0.6901445807327614,0.25020490060857087,1.0677794915385326,2.5240218404511405,0.5170782567576877,0.581234058249217,0.25480646537559104,0.7967056826575029,0,-1.2212820385676062,15
103,59,0.8707120300840859,0.2549938557629282,1.5323637033580764,3.359365978387364,0.4849919186847314,0.5721908269709489,0.12519098205286314,1.1767861829905666,0,-1.2212820385676062,15
64,64,0.5922623619588214,0.20197798513114737,0.9203418149774527,1.5563911651218472,0.5216248903880842,0.6791739357462193,0.025841533280080417,0.07681788415870865,0,-1.2212820385676062,15
25,71,0.6046922222176413,0.1671833876111335,1.079821790036386,1.8496323748107775,0.3831152167588348,0.4957141228109987,0.02994365228792712,0.03662550761148881,0,-1.2212820385676062,15
157,62,0.6141103586067903,0.12926197387487545,0.9781057775139115,1.6164478605947201,0.6143295897162534,0.7725315134115535,0.115116841814837,0.07612549685354279,0,-1.2212820385676062,15
119,57,0.8385682589290749,0.19774886042411507,1.5374979568619151,3.9917608153518813,0.3706816243756182,0.3640452125510151,0.21096255012862686,2.40048550629088,0,-1.2212820385676062,15
80,63,0.6073795111707039,0.1442274537913524,1.106039620865628,1.8699689385688756,0.3877436986364606,0.4244913188043332,0.2451598555023097,0.33077198255450596,0,-1.2212820385676062,15
41,57,0.6613989324737429,0.06930350527577213,1.1460527790706438,2.1509084902196447,0.5935398915654994,0.6910307799619111,0.24668670867166553,0.5402578595348551,0,-1.2212820385676062,15
2,55,0.7864911441831637,0.048073285807250635,1.5284300022301402,4.242109955538005,0.36409365165550756,0.37571740420382305,0.14020303651802152,2.516692400305158,0,-1.2212820385676062,15
118,69,0.5442614252433858,0.07778343926559658,0.9857081242617357,2.081696018562221,0.37578957555682135,0.4423669949253171,0.14018250030395277,0.35805939016168753,0,-1.2212820385676062,15
79,68,0.5094499774029457,0.07744530850569795,0.8606234511393339,1.9931914538893174,0.4166850847321382,0.5083248823462191,0.10999438859421667,0.27222823374269417,0,-1.2212820385676062,15
40,60,0.5808139432388492,0.17611748025674723,1.0348903344101188,2.0094782740401476,0.3254812543160558,0.38916872289795684,0.09922468145692341,0.36210180159560273,0,-1.2212820385676062,15
1,44,1.1650608941942104,0.37619215138133805,2.203669036985389,4.534792637661257,0.41257975429994626,0.3983855098947141,0.29754023633987203,2.093905450989464,0,-1.2212820385676062,15
133,66,0.6017309840834184,0.07690494121022161,1.124443434267628,2.3152821663959853,0.38332208840650195,0.43076389051025527,0.22611524281827605,0.08236715645431547,0,-1.2212820385676062,15
94,61,0.6241765627328716,0.08591219064186598,1.1254770054107304,2.180008409178542,0.46384516870919035,0.5601510992545231,0.1602581047170432,0.022242503730218896,0,-1.2212820385676062,15
55,63,0.6419649444938555,0.09794177031169454,1.2652432538604912,2.736031255105311,0.2794765264879173,0.30929409261367813,0.15115822542908947,0.45021077094506007,0,-1.2212820385676062,15
16,55,0.7332249115607891,0.13775282525409996,1.4654277821125343,2.747622888930521,0.3023085675659074,0.3090296312242613,0.23255857221085596,0.6116511863022919,0,-1.2212820385676062,15
