LAB05/outputs/tables/q10_transformed_avocado.csv
Date,AveragePrice,Total Volume,4046,4225,4770,Total Bags,Small Bags,Large Bags,XLarge Bags,type,year,region
150,69,-0.1960353616414161,-0.21369453301757985,-0.16321520085851315,-0.2111519510068334,-0.19008681716683662,-0.17529541245942992,-0.21955314888893618,-0.1755796145322505,0,-1.2212820385676062,16
111,64,-0.194141406722402,-0.21257452428431037,-0.16144721459472416,-0.21106652476469842,-0.18705915194323744,-0.1719014399209668,-0.21769427309691178,-0.1755796145322505,0,-1.2212820385676062,16
72,67,-0.1921513913624499,-0.21024840094858557,-0.1561427990258876,-0.21039949284353998,-0.1896231760488296,-0.17481795330677366,-0.21913918636222873,-0.1755796145322505,0,-1.2212820385676062,16
33,63,-0.19674473617450008,-0.21166633345950264,-0.1628957390013117,-0.2114396829683599,-0.19553097279964746,-0.18206521124733424,-0.22085570233097807,-0.1755796145322505,0,-1.2212820385676062,16
160,70,-0.20401063395408398,-0.21289412473229466,-0.17701262941064713,-0.21151087150347236,-0.2021559962501068,-0.19105072017197033,-0.2201551345971474,-0.1755796145322505,0,-1.2212820385676062,16
122,69,-0.19928316242761157,-0.21060559168375115,-0.17391772120772617,-0.21069457630084934,-0.1924046374454998,-0.18049112118957347,-0.21303177368480553,-0.1755796145322505,0,-1.2212820385676062,16
83,62,-0.19132374671874716,-0.21148949704857556,-0.15085199542564542,-0.21166869602053215,-0.19145445960217114,-0.1812687178183353,-0.2068123341150671,-0.1755796145322505,0,-1.2212820385676062,16
44,62,-0.18406246461236686,-0.20962853671769496,-0.13079120929506202,-0.21096220797010878,-0.19298395309328759,-0.18033284373510564,-0.21585777808908208,-0.1755796145322505,0,-1.2212820385676062,16
5,66,-0.1826212944937427,-0.20877611865336332,-0.12833681937516514,-0.21092796302772787,-0.1920310577908091,-0.17805095459158624,-0.21898489831880597,-0.1755796145322505,0,-1.2212820385676062,16
138,64,-0.1932465191909118,-0.20982014836452992,-0.16073222497406356,-0.21081229329028367,-0.18835900999642044,-0.17372311826779097,-0.21737733495882863,-0.1755796145322505,0,-1.2212820385676062,16
99,46,-0.16980719826248009,-0.20978476369041352,-0.09034369724167012,-0.20874252152822928,-0.1924905416019078,-0.17867001912814662,-0.21894894969657383,-0.1755796145322505,0,-1.2212820385676062,16
60,58,-0.1811417453709529,-0.20630458296381887,-0.13104311791703036,-0.2100477377288666,-0.18681191385946783,-0.17232817255667465,-0.2153896261911194,-0.1755796145322505,0,-1.2212820385676062,16
21,69,-0.19175229489133674,-0.20589985691912208,-0.16590337779240216,-0.20952643292664425,-0.18198151868314613,-0.1648004512554326,-0.2188863572836337,-0.1755796145322505,0,-1.2212820385676062,16
148,68,-0.19058205957758378,-0.2075949535664378,-0.15511225922417432,-0.2097980660429754,-0.188854956431037,-0.17484703561635834,-0.21594467783723734,-0.1755796145322505,0,-1.2212820385676062,16
109,70,-0.1917878158845539,-0.20639721080712134,-0.16107933432574387,-0.20993625555231138,-0.18731308227715213,-0.1718216310944337,-0.21896489498055138,-0.1755796145322505,0,-1.2212820385676062,16
70,60,-0.17255188487817819,-0.2055100246916807,-0.10320693281799927,-0.20980169526241252,-0.1917642398054786,-0.17912697324224777,-0.214615234661804,-0.1755796145322505,0,-1.2212820385676062,16
31,72,-0.18102167126760776,-0.20202687943139666,-0.1381811628245616,-0.20821228326277716,-0.18336321484378534,-0.1672147654224572,-0.21722263701093342,-0.17371836441313934,0,-1.2212820385676062,16
163,71,-0.18263911724692206,-0.20428599640031836,-0.14122585872600493,-0.20681782548675046,-0.1825640587787311,-0.16751082869482373,-0.21543889670870553,-0.1412812908979038,0,-1.2212820385676062,16
125,63,-0.18184908715460846,-0.2022163961410911,-0.1384884079607122,-0.20709746149722494,-0.18576386692765356,-0.17102797888646332,-0.21806076868571175,-0.1351611523343643,0,-1.2212820385676062,16
86,62,-0.174558900625444,-0.20231474751076986,-0.11140047418717434,-0.20879398199870927,-0.19299679004583864,-0.17906828594562502,-0.2198040514165108,-0.17521166013579093,0,-1.2212820385676062,16
47,60,-0.174627930132031,-0.19976073454127533,-0.12088708613246074,-0.20778822293008753,-0.1850416007608573,-0.16867958908849268,-0.21939238435484898,-0.1755796145322505,0,-1.2212820385676062,16
8,63,-0.17616080273163615,-0.19970719111013363,-0.1260726731188391,-0.20571640391604296,-0.18437254812248752,-0.16807218427973816,-0.21855867964837292,-0.17539761558346406,0,-1.2212820385676062,16
144,70,-0.18109899103290358,-0.20053077809615816,-0.14259683062329725,-0.20806869645273984,-0.18017739958152992,-0.16291782067635444,-0.21752231817072726,-0.1732204107675466,0,-1.2212820385676062,16
105,72,-0.17981824306682062,-0.19811197948459192,-0.14607048209393042,-0.2030429719876165,-0.17510159148056914,-0.1559353725768463,-0.21842394404828505,-0.17232793766154095,0,-1.2212820385676062,16
66,70,-0.17866334313906898,-0.19827463356634903,-0.14563371147748777,-0.18703904483906328,-0.17312592770023358,-0.15434914031978425,-0.21574460346424407,-0.16604275657301495,0,-1.2212820385676062,16
27,72,-0.16644196710545822,-0.19224329372802484,-0.12698782262668357,-0.1826125138086971,-0.16131350794753035,-0.13909231947590864,-0.21608060216029523,-0.14639817438661118,0,-1.2212820385676062,16
154,73,-0.17579712880148857,-0.1978888884426874,-0.1415616483014838,-0.18874859330775776,-0.16836939063005874,-0.14970901091859615,-0.21299398049244744,-0.13452302558535836,0,-1.2212820385676062,16
115,72,-0.1723528752343505,-0.19671003964475117,-0.13831188423131954,-0.18292509196483148,-0.16242284980680996,-0.14110553900641226,-0.21607474052633946,-0.12341091585510464,0,-1.2212820385676062,16
76,66,-0.16593986062271168,-0.1978270996551776,-0.12852124120225963,-0.19366469673449874,-0.1493168282408321,-0.12630313930128687,-0.21116916776208206,-0.08476892165732969,0,-1.2212820385676062,16
37,74,-0.16939740524380487,-0.19954906683585388,-0.12972837947876964,-0.20625297005128285,-0.1563700543028483,-0.13506165878931653,-0.20953733805733682,-0.13105204563350242,0,-1.2212820385676062,16
166,75,-0.17101320359573347,-0.1979802435128592,-0.14108002213752527,-0.2050561651492155,-0.1503113473112585,-0.12639951298249585,-0.21313539753543592,-0.10902904240208808,0,-1.2212820385676062,16
129,74,-0.1681060881389559,-0.19724711828418806,-0.13514373383740755,-0.20530285901403011,-0.14829260977544356,-0.12367460779029835,-0.211905028270989,-0.12838536538389217,0,-1.2212820385676062,16
90,72,-0.17310235458165613,-0.19618568873662065,-0.14468353959529145,-0.2080075580637609,-0.15520753947423402,-0.13017277512628447,-0.2169923116878748,-0.16963808363273744,0,-1.2212820385676062,16
51,72,-0.1596942669604353,-0.18972003285466812,-0.11364634934471593,-0.20709169196888902,-0.15454287735755035,-0.13004390162906493,-0.2142686604303641,-0.1755796145322505,0,-1.2212820385676062,16
12,70,-0.17221336839394819,-0.1951257295977632,-0.13704977486260297,-0.20763021229921044,-0.16281541111645767,-0.14107444639893,-0.21397340623887254,-0.1755796145322505,0,-1.2212820385676062,16
142,74,-0.17846552071356842,-0.19598031374804384,-0.1466844906736273,-0.20867635806618356,-0.1717353997973574,-0.1527609379707826,-0.21444299280248874,-0.17346006155725296,0,-1.2212820385676062,16
103,70,-0.17756583218698946,-0.1955129846572506,-0.15209144863186927,-0.2078702060666027,-0.16267074697582112,-0.14065351682315308,-0.2146760234950654,-0.1755796145322505,0,-1.2212820385676062,16
64,71,-0.18795678106470587,-0.20356056314839327,-0.16120349474702922,-0.2088140822909763,-0.17750693827931185,-0.15981402793841096,-0.21604883456368187,-0.1755796145322505,0,-1.2212820385676062,16
25,74,-0.18366190873140764,-0.20340857348249475,-0.1519799534040595,-0.20802263328296117,-0.1740098624068987,-0.1552942081653988,-0.2159976784855226,-0.1719684614769814,0,-1.2212820385676062,16
157,67,-0.18919099007236495,-0.20642373350186227,-0.1599280973064694,-0.20864881322122503,-0.1797315537650451,-0.16237675569821938,-0.21720374041475438,-0.1755796145322505,0,-1.2212820385676062,16
119,61,-0.182858917689747,-0.20894583227801278,-0.13738460105287323,-0.20805799490824578,-0.18191159480890282,-0.16674398045882083,-0.21265933448115532,-0.1755796145322505,0,-1.2212820385676062,16
80,73,-0.19107952143058218,-0.20695022677967229,-0.17500484328035695,-0.2081609158492058,-0.1673150671787902,-0.1474394382001958,-0.21269589796009614,-0.1755796145322505,0,-1.2212820385676062,16
41,68,-0.19064007111896408,-0.20118605862285788,-0.18221582309221782,-0.2094302120831066,-0.16422724268229572,-0.14255594213552922,-0.2151495861320642,-0.1755796145322505,0,-1.2212820385676062,16
2,60,-0.179452646422114,-0.20878890172263195,-0.13382335627365838,-0.2068251769825333,-0.17466738612342764,-0.15589697588700294,-0.21655027070480592,-0.1755796145322505,0,-1.2212820385676062,16
118,73,-0.19099847495800093,-0.20614751011082097,-0.17561155172558493,-0.2078219095310166,-0.1673570559785642,-0.14582514218448384,-0.21780302075344757,-0.1755796145322505,0,-1.2212820385676062,16
79,75,-0.19197385299641673,-0.2090317958495815,-0.1742759427094854,-0.2078538280506814,-0.16870026156109616,-0.14748677401469035,-0.2181508246983047,-0.1755796145322505,0,-1.2212820385676062,16
40,55,-0.17689188019487112,-0.20322870138906976,-0.14002042298369982,-0.20581532340993128,-0.16537593700038308,-0.14311460392126088,-0.21808454314511272,-0.1755796145322505,0,-1.2212820385676062,16
1,59,-0.16433016631037725,-0.19785400971565398,-0.10508612363302643,-0.20461730876805154,-0.17106452199985717,-0.15099353766719253,-0.21698288388500891,-0.1755796145322505,0,-1.2212820385676062,16
133,70,-0.18664516252646282,-0.20539487429776215,-0.17114976601250828,-0.20857204127159393,-0.158444063740998,-0.13733529230946995,-0.20773839029918179,-0.1755796145322505,0,-1.2212820385676062,16
94,77,-0.1934411071703845,-0.2071855237949539,-0.17419342378333882,-0.2075528820081275,-0.17633980985400666,-0.15816193832222486,-0.21638364453676298,-0.1755796145322505,0,-1.2212820385676062,16
55,79,-0.19456156039272235,-0.20433372934542893,-0.17970091431011984,-0.20712081878129454,-0.177244024106566,-0.15861866460256435,-0.21864205421806523,-0.1755796145322505,0,-1.2212820385676062,16
16,58,-0.18726338475291254,-0.2058007624396652,-0.14461909244685173,-0.20057063603876918,-0.19335191531376558,-0.18040553610708135,-0.21712294824323836,-0.1755796145322505,0,-1.2212820385676062,16
