LAB05/outputs/tables/q10_transformed_avocado.csv
Date,AveragePrice,Total Volume,4046,4225,4770,Total Bags,Small Bags,Large Bags,XLarge Bags,type,year,region
150,80,-0.17579154597969657,-0.22813561459338724,-0.08364536293647684,-0.21096071905957048,-0.1978450210827743,-0.18577488096763006,-0.21886418145167524,-0.1755796145322505,0,-1.2212820385676062,17
111,71,-0.16982673813875215,-0.22783561959486873,-0.06888970660859159,-0.21081834198934554,-0.19537366436214582,-0.18255246725174465,-0.21872948684203464,-0.1755796145322505,0,-1.2212820385676062,17
72,77,-0.17723891279885748,-0.22812566166561413,-0.09019622455934477,-0.2094423094812303,-0.19509345173675216,-0.1818665804130694,-0.2196945249414774,-0.1755796145322505,0,-1.2212820385676062,17
33,72,-0.17683721023873353,-0.22826001433241666,-0.0795285438734958,-0.21074947987694914,-0.20639639859772738,-0.1966695295996201,-0.2201118076944115,-0.1755796145322505,0,-1.2212820385676062,17
160,85,-0.1844568006275536,-0.22881118834136863,-0.10162398295462748,-0.21096593024645455,-0.20537083154253688,-0.19536240710265518,-0.2199637911894169,-0.1755796145322505,0,-1.2212820385676062,17
122,80,-0.18490284724002348,-0.22869467821466455,-0.09866070971340365,-0.20956868076316854,-0.21085236237843077,-0.2028989201067026,-0.21907241292366986,-0.1755796145322505,0,-1.2212820385676062,17
83,65,-0.16662349857898684,-0.2279357734010306,-0.05561954874719769,-0.21070360282098777,-0.2002426210949854,-0.19017984572076171,-0.21508383745468634,-0.1755796145322505,0,-1.2212820385676062,17
44,69,-0.15678751346046474,-0.22764474315238875,-0.028576711367477862,-0.21094006042585156,-0.19916433736024283,-0.19355732041447885,-0.2003947057329086,-0.1755796145322505,0,-1.2212820385676062,17
5,69,-0.15189936785951347,-0.2281008070151624,-0.019381182940962687,-0.20985538909869997,-0.1928076224417372,-0.18409435233718652,-0.20364024736471764,-0.1755796145322505,0,-1.2212820385676062,17
138,73,-0.17845416106113582,-0.22891248052846724,-0.09307762666792437,-0.20974576806031758,-0.19478869072105356,-0.1853152196523602,-0.2079147312032213,-0.1755796145322505,0,-1.2212820385676062,17
99,46,-0.12821313447558122,-0.22769863442215002,0.05151517337205519,-0.2070108255152776,-0.19724943109940637,-0.18788261130329095,-0.21000991692360177,-0.1755796145322505,0,-1.2212820385676062,17
60,91,-0.16980587784404794,-0.22803437774425084,-0.0734303071977885,-0.20796410048742425,-0.18981299259839968,-0.17842115765041477,-0.20888599985064502,-0.1755796145322505,0,-1.2212820385676062,17
21,83,-0.17026604656330188,-0.2273905205540342,-0.07444814858584656,-0.20986590452937667,-0.1908002820107148,-0.1820552937777063,-0.20176202408159452,-0.1755796145322505,0,-1.2212820385676062,17
148,82,-0.17475343648313646,-0.2284901016738281,-0.08167732475108776,-0.21022370834311194,-0.19623829294111964,-0.18752522054306286,-0.20701544178115636,-0.1755796145322505,0,-1.2212820385676062,17
109,78,-0.17637757721555405,-0.22869723957177215,-0.09568761990910565,-0.2100207512253599,-0.18457660091327538,-0.17331115462063718,-0.20334679675290473,-0.1755796145322505,0,-1.2212820385676062,17
70,64,-0.1475242714194996,-0.22821516686676374,-0.009910716002965806,-0.21062022383084297,-0.18881989309618585,-0.17994198821587623,-0.20021984048496985,-0.1755796145322505,0,-1.2212820385676062,17
31,80,-0.16487503871379094,-0.2284920859350442,-0.06075710765890758,-0.20790631214715646,-0.1874387242037399,-0.17336222958922115,-0.21476083273041122,-0.1755796145322505,0,-1.2212820385676062,17
163,79,-0.16152445377700972,-0.2285664759670896,-0.04484058876470643,-0.20701250053963322,-0.19514064224004807,-0.18170199062320327,-0.2203886981655382,-0.1755796145322505,0,-1.2212820385676062,17
125,67,-0.15988379044026368,-0.22820691360497253,-0.03876455147402224,-0.20861075294558973,-0.19710087328595813,-0.1847448579328647,-0.21900629533226684,-0.1755796145322505,0,-1.2212820385676062,17
86,65,-0.14465808024715485,-0.22815539396216278,-0.0018085633478926442,-0.2042879803683613,-0.18944199858581048,-0.1751611781678169,-0.2173570036969961,-0.1755796145322505,0,-1.2212820385676062,17
47,65,-0.14366884071085606,-0.22798342729190943,-0.0023554588597362123,-0.20596374917921806,-0.18534821735500523,-0.169627310527332,-0.2177332550122399,-0.1755796145322505,0,-1.2212820385676062,17
8,69,-0.1526572359177794,-0.22804335830497388,-0.021889547347677812,-0.20059157384321402,-0.19348205929954188,-0.180341608633939,-0.217844585066952,-0.1755796145322505,0,-1.2212820385676062,17
144,83,-0.16927834751517387,-0.22880547272041551,-0.07470464159260085,-0.19233612324979182,-0.18712371187759175,-0.1733934026086193,-0.21339203872562457,-0.1755796145322505,0,-1.2212820385676062,17
105,85,-0.17153999263706665,-0.22866387868598775,-0.08739818849149171,-0.16138902465431565,-0.18309929683351775,-0.1680948068320787,-0.2133291183891065,-0.1755796145322505,0,-1.2212820385676062,17
66,59,-0.13344965626418667,-0.22772446934507506,0.003972221291479427,-0.10751223848447468,-0.16834879675120312,-0.14844765620376565,-0.21379112171998277,-0.1755796145322505,0,-1.2212820385676062,17
27,78,-0.14813583074504505,-0.22780316783274904,-0.03692257556520107,-0.10279620741131777,-0.17025944430740178,-0.1536263980196538,-0.20567562802257053,-0.1755796145322505,0,-1.2212820385676062,17
154,80,-0.15810850812783775,-0.22827263138779863,-0.05685220012164675,-0.12243977637074556,-0.17810597578548176,-0.1629307803968007,-0.20893777078551296,-0.1755796145322505,0,-1.2212820385676062,17
115,78,-0.14739320541183779,-0.22844926225772325,-0.03069034529504443,-0.11855148649997485,-0.17272256753239718,-0.15370674292562625,-0.21538716676428482,-0.1755796145322505,0,-1.2212820385676062,17
76,68,-0.14843329553604612,-0.2277408889090026,-0.03465752405898069,-0.1488919471080024,-0.16912366806004905,-0.15088882795070166,-0.20945716074252946,-0.1755796145322505,0,-1.2212820385676062,17
37,82,-0.14396310580368277,-0.22812899775419254,-0.011518257104292483,-0.21049915679269746,-0.17451072663139464,-0.1556531937619589,-0.21666258453025183,-0.1755796145322505,0,-1.2212820385676062,17
166,86,-0.1538001362534636,-0.2277028559181237,-0.047756855451784735,-0.21121327550962962,-0.16518169950980807,-0.14391814679488726,-0.2148416658923745,-0.1755796145322505,0,-1.2212820385676062,17
129,87,-0.1551240902796911,-0.22805270251516277,-0.05427706315391929,-0.2108872041017419,-0.16144398654581388,-0.13896388824422656,-0.21488458289063797,-0.1755796145322505,0,-1.2212820385676062,17
90,73,-0.1424345911640346,-0.2279801702575627,-0.011284453480210574,-0.21021961383913162,-0.16966510151610636,-0.15051295585180205,-0.21279554573734394,-0.1755796145322505,0,-1.2212820385676062,17
51,78,-0.13891030170772053,-0.22747498209520034,-0.005557742988195558,-0.20890183495582737,-0.16510742567297043,-0.1457321189997708,-0.20899331284152725,-0.1755796145322505,0,-1.2212820385676062,17
12,78,-0.15087951835995564,-0.2284690890590378,-0.03303420337234016,-0.207523755195722,-0.17234887634020404,-0.15444134598335232,-0.21162969543685756,-0.1755796145322505,0,-1.2212820385676062,17
142,89,-0.16605582000107427,-0.22834729810965504,-0.0740359027669996,-0.21040014424190048,-0.175275153974105,-0.15839292155065443,-0.21169208289756142,-0.17118337905504227,0,-1.2212820385676062,17
103,88,-0.1677873316007366,-0.22876940817990638,-0.08175000219902541,-0.210909909987451,-0.17132318760773815,-0.15459260079716466,-0.20702068855840347,-0.1755796145322505,0,-1.2212820385676062,17
64,78,-0.17361203899211516,-0.22892214886100617,-0.09348964825055898,-0.2112932113941546,-0.1771488724772302,-0.15960625694970523,-0.21523681380379736,-0.1755796145322505,0,-1.2212820385676062,17
25,86,-0.17480394248816566,-0.22845657477415704,-0.09247933953822707,-0.2107300309830426,-0.18321461647124535,-0.16838789486355685,-0.21289888265484364,-0.1755796145322505,0,-1.2212820385676062,17
157,75,-0.1763884706676192,-0.22848880518442793,-0.09208359584360043,-0.21051944319878177,-0.1892279682584427,-0.176483833566537,-0.21244638910772776,-0.1755796145322505,0,-1.2212820385676062,17
119,64,-0.16152616510879347,-0.22697088488123565,-0.05399166859090592,-0.21123737724896838,-0.18556012846982708,-0.1718195805905782,-0.21188477899005093,-0.1755796145322505,0,-1.2212820385676062,17
80,93,-0.18094433123273077,-0.22630712183547275,-0.12014402546003125,-0.21104558696025358,-0.17366282867778354,-0.15665341077989647,-0.21017572328269987,-0.1755796145322505,0,-1.2212820385676062,17
41,96,-0.18539975891867516,-0.22906390890932055,-0.14072220758296625,-0.21118740568902666,-0.16058882851477269,-0.1400186647471039,-0.20820150037213356,-0.1755796145322505,0,-1.2212820385676062,17
2,65,-0.1551278720044112,-0.22804019613570523,-0.03739339686574204,-0.21001107330686095,-0.18218229632727206,-0.1669804450995177,-0.21303042100004652,-0.1755796145322505,0,-1.2212820385676062,17
118,91,-0.18255181326506043,-0.22876385857283985,-0.1265799867866796,-0.20988088669166832,-0.1684098179047989,-0.14858001421734096,-0.21363298057451913,-0.1755796145322505,0,-1.2212820385676062,17
79,92,-0.18169470244160896,-0.22872550145961087,-0.12994388708893242,-0.21052251407676703,-0.16128069564227346,-0.13826581900029214,-0.21635954215378408,-0.1755796145322505,0,-1.2212820385676062,17
40,62,-0.14074978357510012,-0.22626685160983626,-0.005029824503953157,-0.2105375892959673,-0.17356467567565545,-0.1562672995637053,-0.2109598705384591,-0.1755796145322505,0,-1.2212820385676062,17
1,85,-0.16003549667289094,-0.22783801493808978,-0.06497165218525082,-0.20914452737357028,-0.16605040427750664,-0.14736831386058016,-0.20780098271212188,-0.1755796145322505,0,-1.2212820385676062,17
133,88,-0.17648142407132533,-0.2282315943361145,-0.12051434741221274,-0.21038069534799395,-0.1551868948965137,-0.1377620517491498,-0.19326589309108347,-0.1755796145322505,0,-1.2212820385676062,17
94,92,-0.1799440650442618,-0.2289892896200032,-0.11167857692076372,-0.20987325602515955,-0.17718328686661275,-0.1601847000667489,-0.2136067466882836,-0.1755796145322505,0,-1.2212820385676062,17
55,91,-0.17895256400183254,-0.2281846282170516,-0.1263635240963531,-0.210462957655235,-0.15675005243381454,-0.13251198456385627,-0.21564253725060892,-0.1755796145322505,0,-1.2212820385676062,17
16,59,-0.15012111460561525,-0.22658589077277536,-0.02288949136397201,-0.21100082658719596,-0.18411559613623457,-0.16992830573054052,-0.21182972881940354,-0.1755796145322505,0,-1.2212820385676062,17
