LAB05/outputs/tables/q10_transformed_avocado.csv
Date,AveragePrice,Total Volume,4046,4225,4770,Total Bags,Small Bags,Large Bags,XLarge Bags,type,year,region
150,31,0.02717934445743108,0.07649666563052071,-0.005938894718929314,0.9613809175789638,-0.10044490723575548,-0.1453884250692181,-0.0731452730059432,1.5411639044565952,0,-1.2212820385676062,18
111,28,0.02076521791448101,0.07070278098800398,-0.014191210890876074,0.972746702286895,-0.10663700294046467,-0.1474171909034628,-0.09352965845811545,1.5626420412699034,0,-1.2212820385676062,18
72,26,0.042887230343662715,0.09421633964204519,0.07616609968467614,0.5454093705594082,-0.12308599610960537,-0.15168860486626662,-0.023429599162756044,-0.1407245549831378,0,-1.2212820385676062,18
33,27,0.04025910540245413,0.05970213957650725,0.16248856199043027,-0.1470163851142875,-0.11796353491331486,-0.16239772980628392,0.03256015451634452,-0.1755796145322505,0,-1.2212820385676062,18
160,32,-0.019521932772666527,0.07795421221695101,-0.004668173018649353,-0.17220037630054724,-0.1438821025968621,-0.15320400762740466,-0.10033604024192688,-0.1755796145322505,0,-1.2212820385676062,18
122,26,0.018056996275352837,0.08631384938237217,0.07969204802305736,-0.14810291757961197,-0.1286361427890324,-0.1493107709050897,-0.05061122552900451,-0.1755796145322505,0,-1.2212820385676062,18
83,25,0.04290136982437353,0.187718941734714,0.031049690708440728,-0.16963098199598448,-0.10996975365249681,-0.16052902389064283,0.05915983950308358,-0.1755796145322505,0,-1.2212820385676062,18
44,28,0.038589181477425766,0.10658070607777079,0.0965140410477921,-0.022663507524549653,-0.11693968147975244,-0.16835681565806057,0.0549251983793002,-0.1755796145322505,0,-1.2212820385676062,18
5,30,0.04550860551433336,0.08137571889276551,0.05842719648257767,0.8228470976810041,-0.1060095943495887,-0.16886022105558135,0.10065020624069444,-0.1755796145322505,0,-1.2212820385676062,18
138,41,0.02402801529510633,0.11409219410737304,0.014928087035428828,0.5437791065768783,-0.13967497898405398,-0.1670121676003412,-0.041308074613172596,-0.1726529357843739,0,-1.2212820385676062,18
99,43,-0.0008197287957016281,0.11314540110121804,-0.04344506715468365,0.5402446190727711,-0.15381652486225642,-0.16398516824208448,-0.10752178861497261,-0.1755796145322505,0,-1.2212820385676062,18
60,32,0.05375072975908881,0.09323715811715584,0.07513999477694054,0.9671053133141847,-0.12848564827895126,-0.16022952970986445,-0.01660743605675603,-0.1755796145322505,0,-1.2212820385676062,18
21,35,0.048832310090795444,0.09385244510803006,0.11646453618207657,0.1927991559524824,-0.11258078574547183,-0.16409885728918444,0.059523096846551396,-0.1755796145322505,0,-1.2212820385676062,18
148,39,0.03426835539323446,0.07131482675537784,0.13606016505274224,-0.05638165474561962,-0.13144526548630234,-0.16229292627589115,-0.022260838540515405,-0.1755796145322505,0,-1.2212820385676062,18
109,36,0.03375870862628339,0.09857545322228925,0.1248401573556838,-0.14777656700099834,-0.14453796339062766,-0.1702003526440242,-0.05100346311867312,-0.1755796145322505,0,-1.2212820385676062,18
70,42,0.07098588515355236,0.10160477185455724,0.20375997602332804,-0.1608058370078452,-0.11299916291704291,-0.16961255494076388,0.07469562891266622,-0.1755796145322505,0,-1.2212820385676062,18
31,42,0.06945209173583008,0.13231200471585322,0.1663774324859853,-0.15455855450295528,-0.11279598214672854,-0.158772961667195,0.04236371681211941,-0.1755796145322505,0,-1.2212820385676062,18
163,41,0.021856665366128736,0.21031609582927208,-0.028563738887340893,-0.17053205204238198,-0.1397650810064621,-0.14732814810858694,-0.10166433568483742,-0.1755796145322505,0,-1.2212820385676062,18
125,42,0.02389556516461438,0.1711237509259742,0.021976753049724428,-0.17230469309513688,-0.14386855586020475,-0.1601017551754956,-0.07918427262691781,-0.1755796145322505,0,-1.2212820385676062,18
86,45,0.03424258406857215,0.21578434818592462,0.0018936180433096628,-0.1801626976317416,-0.13954335459142744,-0.156040216313197,-0.07412182942106128,-0.1755796145322505,0,-1.2212820385676062,18
47,45,0.02446992401735794,0.14369661253079796,0.051024586064647375,-0.16332823757354287,-0.14312140669059628,-0.1599664353230179,-0.0765777720676277,-0.1755796145322505,0,-1.2212820385676062,18
8,43,0.028227675614222424,0.21794175398031965,-0.010973745140335842,-0.18001985527697342,-0.14767862624394956,-0.16271595996346752,-0.08659100050105072,-0.1755796145322505,0,-1.2212820385676062,18
144,32,0.06836529470523942,0.18167539592301282,0.12293344362185127,-0.16511278991060419,-0.12572531816910285,-0.1505704771756442,-0.034991241740784704,-0.1755796145322505,0,-1.2212820385676062,18
105,31,0.07030086597010153,0.17770488922961852,0.10765992621909998,-0.17314239138674797,-0.09433214511458458,-0.14541108782751658,0.07613677105683685,-0.1755796145322505,0,-1.2212820385676062,18
66,32,0.04313468139089218,0.21076978015967102,0.010359290818789538,-0.18251861938787553,-0.11205303084312015,-0.14839686267688734,0.012857194259140498,-0.16490328489365627,0,-1.2212820385676062,18
27,32,0.0935805031378784,0.2845568813906262,0.06357204722371154,-0.17571504268311325,-0.09575749299776116,-0.11195175663047188,-0.03196180174684099,-0.1755796145322505,0,-1.2212820385676062,18
154,27,0.08260462916430687,0.2533508953814296,0.0353342467633081,-0.19452696204999176,-0.05764022077131725,-0.1269837457574845,0.1681047010805411,-0.1755796145322505,0,-1.2212820385676062,18
115,27,0.1000382758804504,0.2259049816062206,0.12825482639742272,-0.19180662943960886,-0.07513412768243155,-0.13105603301254204,0.10984010055079389,-0.1755796145322505,0,-1.2212820385676062,18
76,15,0.19770522880644428,0.4993483199132901,0.11951699730050329,-0.1688018449399686,-0.07569826409011747,-0.1299920359433079,0.10430528343090863,-0.1755796145322505,0,-1.2212820385676062,18
37,25,0.09310505115440341,0.3026827992880964,0.05776372305544431,-0.1762503990785408,-0.11352151332041378,-0.1470062324052578,0.0034417705083098805,-0.1755796145322505,0,-1.2212820385676062,18
166,25,0.11938458054774222,0.3669875351547899,0.07347639462252516,-0.18529925287505963,-0.12217533296145162,-0.17183090526873443,0.0443854886414876,-0.1755796145322505,0,-1.2212820385676062,18
129,36,0.06921638546307594,0.29204997350050793,0.024328260073374918,-0.16459920883179927,-0.1439825269081304,-0.16625425848898942,-0.06082735667628055,-0.1755796145322505,0,-1.2212820385676062,18
90,35,0.05067846354604268,0.3031748091100316,-0.026376082094562506,-0.1823792201387272,-0.15932308065778375,-0.18000580847313072,-0.08078257214581822,-0.1755796145322505,0,-1.2212820385676062,18
51,29,0.10164591427812074,0.28555904398067555,0.10733553947027158,-0.1773992796726566,-0.1220481700689218,-0.17758677680703983,0.06250408613185382,-0.1755796145322505,0,-1.2212820385676062,18
12,27,0.12904890547877768,0.28305132516927434,0.17229866373969563,-0.17046049127963492,-0.10294473643881948,-0.16929302479093986,0.11436376531808796,-0.1755796145322505,0,-1.2212820385676062,18
142,32,0.06705984680664301,0.3131848140384632,0.0005242407146384602,-0.1611043635707744,-0.14996048074796933,-0.16569888018982376,-0.0866921239343993,-0.1755796145322505,0,-1.2212820385676062,18
103,35,0.023857052960343742,0.21596764332758295,-0.03711526091197307,-0.17626072839540022,-0.1289442397900306,-0.13935069636368894,-0.08231995986011546,-0.1755796145322505,0,-1.2212820385676062,18
64,32,0.07106832443592717,0.2674279796527206,0.04870066009511649,-0.1759073913132799,-0.1344410309842099,-0.11398455646249771,-0.1821241976450597,-0.1755796145322505,0,-1.2212820385676062,18
25,36,0.11553695652351324,0.24971585532032506,0.16720090260315626,-0.1671445013970233,-0.10163994031621122,-0.06648529134691389,-0.19480262495822484,-0.1755796145322505,0,-1.2212820385676062,18
157,32,0.07690316082659436,0.165524221112133,0.15388642902216515,-0.1694236512035262,-0.11243334330704775,-0.07934814223848821,-0.19909391488009817,-0.1755796145322505,0,-1.2212820385676062,18
119,33,0.053864893831688375,0.17518895668354192,0.08207048830732512,-0.16415783991410193,-0.11839570217609405,-0.14771267789043208,-0.01410164902634208,-0.1755796145322505,0,-1.2212820385676062,18
80,30,0.05574967531738451,0.1844984936864246,0.08812092114457634,-0.16600920711156947,-0.13092180984768026,-0.1606118347620363,-0.02528642543241827,-0.1755796145322505,0,-1.2212820385676062,18
41,31,0.09133236334837051,0.16942944482097563,0.18479987410370044,-0.16301910252302831,-0.10535590346723382,-0.1630964959534895,0.08566422169998265,-0.1755796145322505,0,-1.2212820385676062,18
2,40,0.040737354588134045,0.14883592813470042,0.08024861891221176,-0.1739236041348123,-0.1272748985504275,-0.15939012312174566,-0.014280285395427233,-0.1755796145322505,0,-1.2212820385676062,18
118,35,0.037111786721551576,0.17947405178662965,0.04274031207991762,-0.15175112062608181,-0.1358895989474354,-0.14603779149608764,-0.0899441420568727,-0.1755796145322505,0,-1.2212820385676062,18
79,26,0.06131366087715974,0.220414941903307,0.05785538583602801,-0.16044486925921606,-0.12116057490422276,-0.13181398232985178,-0.07390548184051253,-0.1755796145322505,0,-1.2212820385676062,18
40,23,0.09557947475706423,0.18360446937994043,0.19983130775260252,-0.16437950147049135,-0.12686899329958137,-0.1054564439175003,-0.1775974585942224,-0.1755796145322505,0,-1.2212820385676062,18
1,25,0.12443206243081352,0.19527639980005956,0.2513946739349365,-0.1375040148558141,-0.10668916193250466,-0.12872541424798584,-0.024850696978224826,-0.1755796145322505,0,-1.2212820385676062,18
133,30,0.03858949710376151,0.2027005012819221,0.012308410111891778,-0.17316277084974094,-0.12101821249204521,-0.11612607320482356,-0.12131199982871058,-0.1755796145322505,0,-1.2212820385676062,18
94,30,0.04841828072965044,0.13085354110033504,0.1117301788953153,-0.12549650970587564,-0.12102675018086669,-0.10034642748573672,-0.16960911726415803,-0.1755796145322505,0,-1.2212820385676062,18
55,31,0.06122213792675505,0.13460097256267115,0.12177789628427266,-0.1744376504981604,-0.08793245783832908,-0.07397752418927105,-0.11647430724508763,-0.1755796145322505,0,-1.2212820385676062,18
16,24,0.061488239884338484,0.16871608315023368,0.11726142185051615,-0.1717906467317888,-0.1255320642365037,-0.1231573313372844,-0.11805407908183418,-0.1755796145322505,0,-1.2212820385676062,18
