LAB05/outputs/tables/q10_transformed_avocado.csv
Date,AveragePrice,Total Volume,4046,4225,4770,Total Bags,Small Bags,Large Bags,XLarge Bags,type,year,region
150,57,-0.21067273855337457,-0.22796168737818734,-0.18750286450711937,-0.10825622846908152,-0.2046018818610921,-0.21650914614864544,-0.1754966161921224,0.145969571699788,0,-1.2212820385676062,19
111,63,-0.21262510750973845,-0.2287088131112955,-0.18866622689195076,-0.12573873683907535,-0.20715492459258253,-0.21985965604656338,-0.17299779753773975,0.11050521132212934,0,-1.2212820385676062,19
72,56,-0.21002214291010185,-0.22775833617794247,-0.18700490231983855,-0.10646916359548682,-0.2033871979006649,-0.2156846827748985,-0.15887080880945298,-0.05034399005860983,0,-1.2212820385676062,19
33,45,-0.20411571725430816,-0.228420423273993,-0.17083608446655862,-0.08626018085913957,-0.20379815275843866,-0.2182228849003567,-0.150043106091193,-0.08793016426777267,0,-1.2212820385676062,19
160,61,-0.21491535880200635,-0.2292011312447344,-0.19093338787957623,-0.11153006357207751,-0.21332348588428146,-0.22078290545899643,-0.18184542161335981,-0.07240825392127077,0,-1.2212820385676062,19
122,64,-0.21290573117442083,-0.2284895403887829,-0.1878725386657985,-0.12283322098049135,-0.2097044589626333,-0.2169529663164826,-0.177474610223835,-0.09246770327664738,0,-1.2212820385676062,19
83,61,-0.21034769554933036,-0.22888527006191037,-0.18587371367895758,-0.09347246350666526,-0.20587899640355475,-0.21429751021565277,-0.1745574020744427,-0.03144379487702517,0,-1.2212820385676062,19
44,49,-0.20351947014952831,-0.22820652623923712,-0.17466371356100607,-0.024374544903782422,-0.204054648454909,-0.21838309224080618,-0.1604709119080321,0.048316961821575174,0,-1.2212820385676062,19
5,54,-0.20361790213146605,-0.22750528358221736,-0.17456085557989445,-0.0549649563684271,-0.2020911219827911,-0.21630087928645833,-0.1563046018598028,0.012504429541890249,0,-1.2212820385676062,19
138,55,-0.20243093862191824,-0.22821000462543267,-0.1704289130301468,-0.058192542187827136,-0.20172387968619235,-0.21931855086247037,-0.14323410091875804,-0.019985774101251873,0,-1.2212820385676062,19
99,50,-0.20014198747850126,-0.2281588486320888,-0.16031784475867678,-0.09954861435655933,-0.2016127173553731,-0.2118381921796948,-0.15901050425365726,-0.1117256790004116,0,-1.2212820385676062,19
60,63,-0.20900698726641795,-0.22825943723652511,-0.1823370435276078,-0.08356022771174963,-0.20738497576120676,-0.2156304985455663,-0.1753243333423599,-0.04859804362133851,0,-1.2212820385676062,19
21,51,-0.20587089793349742,-0.22875332064375198,-0.1725533019908615,-0.08664441283492966,-0.20737887161789262,-0.21907905737294114,-0.16310557290457814,-0.07130212987538538,0,-1.2212820385676062,19
148,57,-0.20592547812434683,-0.2292945654412004,-0.1740541398752869,-0.06200666570240876,-0.20772798400046197,-0.21771854136381708,-0.1732250075868079,-0.008604622446705134,0,-1.2212820385676062,19
109,44,-0.1924687724648024,-0.2285188932250193,-0.1482209572006824,0.012346176531587013,-0.2012431631905424,-0.21999186663829284,-0.14839672477767651,0.10639384376476081,0,-1.2212820385676062,19
70,40,-0.18793475961256467,-0.22873579432058042,-0.1368894376657244,-0.045335706632697134,-0.19263776096532703,-0.21467860908908604,-0.12318981320736125,0.014421635859541352,0,-1.2212820385676062,19
31,64,-0.20096876632152152,-0.22897793743232864,-0.1682485231516577,-0.05748800833248527,-0.19835762716434296,-0.21045298971238868,-0.15778230748291422,-0.005634422211075278,0,-1.2212820385676062,19
163,70,-0.2037317418907665,-0.22870335836930708,-0.1730660222429332,-0.06801209330173356,-0.20135647515322644,-0.212943306541927,-0.1612463691889758,-0.020004991381558528,0,-1.2212820385676062,19
125,75,-0.20811322904016574,-0.22824129429034612,-0.1809695348340396,-0.11680034159311664,-0.20232622275834306,-0.212412909544635,-0.16212430258802715,-0.08432409813964355,0,-1.2212820385676062,19
86,67,-0.19996933408153608,-0.22746881586512643,-0.1702640578888415,-0.02626015704363083,-0.1977354304167618,-0.21333909399199846,-0.1505702842331857,0.051320509690678334,0,-1.2212820385676062,19
47,73,-0.2033499759115751,-0.22882649324062895,-0.1690267390791575,-0.09724806146106837,-0.2016076880279913,-0.21082815150603115,-0.16416017513124695,-0.08303427950259172,0,-1.2212820385676062,19
8,74,-0.20233698332177016,-0.22854118651836344,-0.16705455667636232,-0.08367524605083333,-0.20231322356942483,-0.2136043192946164,-0.16133765491498608,-0.04420011250175031,0,-1.2212820385676062,19
144,75,-0.20448172797760203,-0.2285997973257582,-0.17470264761150678,-0.1390493178807523,-0.194376924681444,-0.20728662310188717,-0.1443644944823792,-0.10229621172524259,0,-1.2212820385676062,19
105,60,-0.197622493014226,-0.22778840840768755,-0.16042924863099262,-0.07201447094250153,-0.1961294830376241,-0.21040208896962248,-0.1459109820759644,-0.047272051280180055,0,-1.2212820385676062,19
66,58,-0.19957210241189288,-0.22833002476002498,-0.16045961187515442,-0.14690592656372733,-0.1940642952019384,-0.20790919895877527,-0.13976913742285704,-0.1219780980440063,0,-1.2212820385676062,19
27,58,-0.1910922246666826,-0.2277695460679999,-0.1459173952012513,-0.08695122146272811,-0.18937671872757691,-0.20312494460031816,-0.13650047717880298,-0.1075238771827765,0,-1.2212820385676062,19
154,48,-0.1889058028562592,-0.2272758049583901,-0.14451273804183631,-0.12630256864854786,-0.1797808939002058,-0.19745341175980835,-0.11568835640964967,-0.09879810149530667,0,-1.2212820385676062,19
115,56,-0.1868985265000923,-0.22593247592594412,-0.14162288139754645,-0.07700864911559463,-0.18337446999175666,-0.1987965185891396,-0.1278203400706179,-0.0751811944266942,0,-1.2212820385676062,19
76,68,-0.19606438189037856,-0.22342793509465791,-0.1645018516349152,-0.08464015313656044,-0.18991826372113665,-0.19930914455301718,-0.15066845635433274,-0.10327685823500811,0,-1.2212820385676062,19
37,81,-0.20122291501750875,-0.21889114712863061,-0.17803781245839861,-0.11344340667070178,-0.19413626731031705,-0.20324520062055013,-0.15769692438130695,-0.07548414919858717,0,-1.2212820385676062,19
166,90,-0.20496200412140145,-0.22120051096723145,-0.17864230345663773,-0.15083571981575317,-0.19945502437109083,-0.2083745829220602,-0.1607301764868443,-0.1138124495560625,0,-1.2212820385676062,19
129,82,-0.19743905330441058,-0.21609178144558017,-0.1680091219273118,-0.07468436670839954,-0.20094431366247192,-0.20930071376147974,-0.17096204796586167,-0.01668379317326905,0,-1.2212820385676062,19
90,79,-0.19880613810376668,-0.216879232742287,-0.17078797334144116,-0.06213368838270748,-0.20269626363227522,-0.21568366422396373,-0.15586129017286937,-0.053370711706906285,0,-1.2212820385676062,19
51,59,-0.18969769195873384,-0.21827572574556245,-0.13949278687098407,-0.16348736488732368,-0.19617485852156244,-0.21257747253052917,-0.13161900679752445,-0.15512790657296766,0,-1.2212820385676062,19
12,66,-0.19451679936613472,-0.21738538536627633,-0.15111051486335583,-0.14285329819229176,-0.20225607580909488,-0.21528303865695217,-0.1511932160599381,-0.11009729710148683,0,-1.2212820385676062,19
142,77,-0.20042116042030098,-0.22189664672088233,-0.17171224178858802,-0.057683334783728495,-0.201272578671862,-0.21309430671800567,-0.163719814756515,0.025146008698902197,0,-1.2212820385676062,19
103,61,-0.19445498583045312,-0.22207643976007566,-0.15683718383014628,-0.11821061904361276,-0.19171606574420683,-0.1962269424144935,-0.16725819214342827,-0.10472437161339976,0,-1.2212820385676062,19
64,68,-0.20391830890739487,-0.22096568827734014,-0.17310415900912332,-0.18967078727241737,-0.1986315125714176,-0.19975823170134593,-0.18004536711312918,-0.16495754544981622,0,-1.2212820385676062,19
25,70,-0.20251739996833304,-0.22165618746426966,-0.16605184708011575,-0.18607450998097078,-0.20184241363194422,-0.1989293858781823,-0.19518506583100237,-0.17013603727833018,0,-1.2212820385676062,19
157,62,-0.19961351027061996,-0.2273802593147574,-0.16399415593500924,-0.13720241741489966,-0.19216943527221841,-0.19396547789761331,-0.17466389525638013,-0.12325435154201818,0,-1.2212820385676062,19
119,64,-0.19982511890698756,-0.2285042207596127,-0.1601506974249785,-0.06790451951534139,-0.20371225874180363,-0.2177463236807613,-0.1558981815753881,-0.022505498677928934,0,-1.2212820385676062,19
80,74,-0.20563676689676758,-0.2277283113807365,-0.17197626747106848,-0.16088102699002937,-0.20048917981396755,-0.2118233829851828,-0.15323884432960175,-0.1293066644103578,0,-1.2212820385676062,19
41,60,-0.19985970170816084,-0.22682696665239538,-0.16398890714663117,-0.1116070216355259,-0.19653656450213208,-0.20673539941837646,-0.15898746762230664,-0.0442916771902702,0,-1.2212820385676062,19
2,66,-0.19721941212258076,-0.22778068480924882,-0.1531563380992973,-0.07879664455827576,-0.2028685282348738,-0.21415432339740265,-0.16236073548772498,-0.03785106221691104,0,-1.2212820385676062,19
118,87,-0.20939721724358545,-0.2282604491306911,-0.17831898805860172,-0.1645050352402518,-0.20483586726161984,-0.21358177715419183,-0.16581930447385604,-0.12397160826875732,0,-1.2212820385676062,19
79,83,-0.21105735964785996,-0.22702379587852364,-0.18242823292063212,-0.1691363845265429,-0.20671370251256158,-0.21409938865685532,-0.17179013698106543,-0.12448538790989673,0,-1.2212820385676062,19
40,51,-0.20033643067525111,-0.22558723028519098,-0.1544637514879544,-0.1338559048662529,-0.209001184590567,-0.2187554396173921,-0.17124094696890327,-0.06320374186851482,0,-1.2212820385676062,19
1,45,-0.17527148933497458,-0.2259075975592229,-0.09415453353532567,-0.07517328770641382,-0.2008466575092182,-0.21647570819361608,-0.14841549840251383,-0.01953529844229905,0,-1.2212820385676062,19
133,59,-0.20303466809781348,-0.22875596105509136,-0.15530614049741223,-0.20579754954038032,-0.2055178582502701,-0.21474153141327965,-0.16144283640261167,-0.17342275742489302,0,-1.2212820385676062,19
94,67,-0.20307925248947925,-0.22933447201737095,-0.1588453353824122,-0.19347420924250497,-0.20195368750026588,-0.21414928425067273,-0.14930429427008457,-0.1671025330605137,0,-1.2212820385676062,19
55,78,-0.20617840774980786,-0.22924426323355904,-0.16165321292847412,-0.19605253701029754,-0.2092126394156062,-0.21942779045022376,-0.16220956271829268,-0.1711681182736223,0,-1.2212820385676062,19
16,55,-0.19994895446547165,-0.228467531690673,-0.14676573892790387,-0.20135873499807314,-0.20599329192421464,-0.216936977747204,-0.15649352683114592,-0.1755796145322505,0,-1.2212820385676062,19
