LAB05/outputs/tables/q10_transformed_avocado.csv
Date,AveragePrice,Total Volume,4046,4225,4770,Total Bags,Small Bags,Large Bags,XLarge Bags,type,year,region
150,52,-0.20780987738365475,-0.15932428947718227,-0.23874161970441263,-0.2077498834837263,-0.20921425163950477,-0.2236708860166439,-0.1489184921806331,-0.1755796145322505,0,-1.2212820385676062,20
111,72,-0.21853746057020448,-0.18178937557223443,-0.23969224836407851,-0.21029601356112812,-0.2165266705775953,-0.22253093989284,-0.18198728955126797,-0.17528344232987753,0,-1.2212820385676062,20
72,49,-0.2057674796345857,-0.1521597230380456,-0.2377243098392283,-0.210686573406706,-0.21217392968549356,-0.22901581245873026,-0.14458879420969306,-0.174844270953458,0,-1.2212820385676062,20
33,72,-0.2192899050676735,-0.18021788021620774,-0.23871834066355221,-0.2059957607557915,-0.2228348058439113,-0.23242310657126122,-0.17721116461940403,-0.1755796145322505,0,-1.2212820385676062,20
160,49,-0.21121119997782165,-0.1641691517842096,-0.23861553251271,-0.21006132403752856,-0.21481262307906834,-0.2339402917965351,-0.14014079780800967,-0.1755796145322505,0,-1.2212820385676062,20
122,51,-0.21292998807180244,-0.1706605477240091,-0.23843816166873735,-0.20972976227203088,-0.2127579299083829,-0.22978505965022428,-0.14454354075593678,-0.1755796145322505,0,-1.2212820385676062,20
83,78,-0.2199669322448246,-0.18596996098099267,-0.2390484329782283,-0.20324323045501783,-0.2177246543319786,-0.22742609568531244,-0.17187859436621591,-0.17500196569479784,0,-1.2212820385676062,20
44,78,-0.21895442612496835,-0.18244859299967364,-0.23872571554342523,-0.2087111613500163,-0.21849397918502242,-0.2270745347889873,-0.17602199075443636,-0.1755796145322505,0,-1.2212820385676062,20
5,50,-0.19924543494569863,-0.14432852388453468,-0.23525082662110167,-0.20327635871449504,-0.20320748056495014,-0.2249057047992266,-0.12085913736756954,-0.1755796145322505,0,-1.2212820385676062,20
138,75,-0.21791150405070162,-0.18331301149637985,-0.2376890632286641,-0.20512726062741934,-0.21538940378361934,-0.21825764965199848,-0.19043837204025893,-0.1755796145322505,0,-1.2212820385676062,20
99,78,-0.2195034132533646,-0.1860109743164073,-0.23709941334566484,-0.20477001515513596,-0.21826216369590537,-0.22525844507031834,-0.1806394416650225,-0.1755796145322505,0,-1.2212820385676062,20
60,52,-0.20523495719742876,-0.157675265636111,-0.23507670304968573,-0.20136171281914975,-0.20748333155879384,-0.22506441111724593,-0.1376590311796801,-0.1755796145322505,0,-1.2212820385676062,20
21,52,-0.20197126216392192,-0.15062157275695698,-0.2335643543730261,-0.2075363178783889,-0.2062757454394296,-0.22417447904196847,-0.13549920352399739,-0.1755796145322505,0,-1.2212820385676062,20
148,80,-0.21958277155939776,-0.1902886778488295,-0.2329669641881782,-0.20279627812280188,-0.21831376500043329,-0.22462589813585834,-0.18278270918001907,-0.1755796145322505,0,-1.2212820385676062,20
109,52,-0.20065603274457167,-0.15426966467171788,-0.2271335172590823,-0.20837271337327898,-0.20475139281319735,-0.22131228390535365,-0.1380910704936217,-0.1755796145322505,0,-1.2212820385676062,20
70,77,-0.21652925760461153,-0.18800325953701563,-0.22895584343166525,-0.20824829628642227,-0.21485574753341244,-0.2194763994533867,-0.18455345551047092,-0.1755796145322505,0,-1.2212820385676062,20
31,51,-0.19424232607151778,-0.14474479975248528,-0.22565987839671106,-0.19801324607542148,-0.1974373008125706,-0.21655617371746239,-0.12307028506320056,-0.1755796145322505,0,-1.2212820385676062,20
163,79,-0.21269595838297858,-0.1810283995377295,-0.2288724940010285,-0.20642307808028365,-0.21067944883036352,-0.21675591691656385,-0.17599128890945134,-0.1755796145322505,0,-1.2212820385676062,20
125,78,-0.21393634382159324,-0.1836955707345033,-0.22912356381346174,-0.20573622503758407,-0.211370231002159,-0.21658500138931336,-0.17930655529202072,-0.1755796145322505,0,-1.2212820385676062,20
86,78,-0.21518212676011472,-0.18380206469004887,-0.23170930632352912,-0.20605140878716047,-0.21240470077799709,-0.21788254146629993,-0.17963451986041223,-0.1739987106199657,0,-1.2212820385676062,20
47,52,-0.1916700988439363,-0.13569641840407873,-0.2262327770041429,-0.2063141084402618,-0.1984319010011806,-0.21528719327260712,-0.13097221853047658,-0.1755796145322505,0,-1.2212820385676062,20
8,77,-0.2137896325929033,-0.18159186647971345,-0.22875212898526337,-0.20547594486410747,-0.2140366262554253,-0.21853229655076303,-0.18412969626687242,-0.1755796145322505,0,-1.2212820385676062,20
144,78,-0.21359700786715208,-0.17706258866569918,-0.22881855273438986,-0.20677902075584603,-0.21894843366873937,-0.21935323520219627,-0.20147500896999881,-0.1755796145322505,0,-1.2212820385676062,20
105,53,-0.1960076357499957,-0.14329657365997445,-0.22513779835903477,-0.20651753084255706,-0.20518723067378342,-0.22043075487528796,-0.1425491505453269,-0.1755796145322505,0,-1.2212820385676062,20
66,75,-0.21418559886154906,-0.18215528598915834,-0.2297914638295279,-0.2071029518548349,-0.21325430221346325,-0.2183255039070341,-0.18159960190124333,-0.1755796145322505,0,-1.2212820385676062,20
27,48,-0.1849407484612038,-0.12711961135870864,-0.2223331680855295,-0.20143532083388696,-0.19116121736854044,-0.20139523068131432,-0.14406924029088758,-0.1755796145322505,0,-1.2212820385676062,20
154,69,-0.20701151649346997,-0.16992033133075293,-0.22891351261779963,-0.20447400112874017,-0.20518401636575917,-0.20410068959184943,-0.19248223772069112,-0.1755796145322505,0,-1.2212820385676062,20
115,48,-0.19068831272220835,-0.13776489609321566,-0.22534902056602807,-0.20186273121528772,-0.19390488783143675,-0.20903944204472696,-0.13178055015010923,-0.1755796145322505,0,-1.2212820385676062,20
76,73,-0.20881068216385257,-0.1745774082157604,-0.2335168993464559,-0.1906101967651761,-0.20140115099283146,-0.2026726677793253,-0.18155750471192472,-0.1755796145322505,0,-1.2212820385676062,20
37,51,-0.19118477847007373,-0.12719720308713856,-0.23378516060183638,-0.20593229594409646,-0.1984546039528092,-0.21155855974214433,-0.14246815342157468,-0.1755796145322505,0,-1.2212820385676062,20
166,77,-0.20922220678389278,-0.163211741794735,-0.2384993532395755,-0.20680851979588608,-0.20957201324839803,-0.2138651487458317,-0.18035595173188965,-0.1755796145322505,0,-1.2212820385676062,20
129,53,-0.1897328799516885,-0.12136679538956872,-0.23411614986136184,-0.2027754333752657,-0.20078861744886892,-0.21632452038973365,-0.13732663964298633,-0.1755796145322505,0,-1.2212820385676062,20
90,75,-0.2112998880825135,-0.16700779951500005,-0.23819099522740805,-0.20765905994089,-0.2122623180862736,-0.2174430903458935,-0.1802883584843859,-0.1755796145322505,0,-1.2212820385676062,20
51,77,-0.2099461725197827,-0.16443528785528383,-0.2380316712460075,-0.2067188129359535,-0.21111855169783855,-0.2146411907442195,-0.1842343448786839,-0.1755796145322505,0,-1.2212820385676062,20
12,49,-0.17261856021769212,-0.08534818538903889,-0.2314645981754908,-0.20000243055459038,-0.19059726347676756,-0.21055304893974316,-0.11439477987555399,-0.1671014026322604,0,-1.2212820385676062,20
142,74,-0.20927036730881224,-0.1626753113999982,-0.23747086478395302,-0.20700226427968238,-0.21166329071987666,-0.21496250335817937,-0.18545372870326968,-0.1755796145322505,0,-1.2212820385676062,20
103,70,-0.21018052362625125,-0.167589733525513,-0.23774126043587332,-0.20648561232289223,-0.20827315903273674,-0.21134982381044776,-0.18279849050220762,-0.1755796145322505,0,-1.2212820385676062,20
64,52,-0.19391432081296467,-0.12725279402288175,-0.23400465463355208,-0.20653642139501174,-0.20760758433648785,-0.2207179460329333,-0.15145514501782106,-0.1755796145322505,0,-1.2212820385676062,20
25,63,-0.20382501381646284,-0.14808190813051905,-0.23598150447158223,-0.20464662169427433,-0.21338825875386766,-0.22181428209434614,-0.17147057545435876,-0.1755796145322505,0,-1.2212820385676062,20
157,73,-0.21473996901157985,-0.1727164953174189,-0.23812385724442003,-0.20452350740413866,-0.2174099766183377,-0.2206115208622365,-0.1914072222512953,-0.1755796145322505,0,-1.2212820385676062,20
119,49,-0.19258243558918095,-0.1238127965622687,-0.23379702020595644,-0.206831784023047,-0.2075772765551489,-0.21793412571035128,-0.15984703730099312,-0.1755796145322505,0,-1.2212820385676062,20
80,80,-0.21442765820018062,-0.17136654944577823,-0.23766262827074092,-0.2032356928454177,-0.21875128606332853,-0.22121895247496295,-0.1949716695626551,-0.1755796145322505,0,-1.2212820385676062,20
41,77,-0.21374470651401167,-0.17052649546328708,-0.23765432322583888,-0.20560315365822351,-0.21718943655673784,-0.21797673062379358,-0.1985742789803982,-0.1755796145322505,0,-1.2212820385676062,20
2,54,-0.19788594834363615,-0.13569663185050437,-0.23376103444639598,-0.20722885785222994,-0.21090674198074616,-0.22131387874168573,-0.16296944362928403,-0.1755796145322505,0,-1.2212820385676062,20
118,63,-0.21126559195113143,-0.16851790926009874,-0.23625376045356056,-0.19907335037869114,-0.21350603221664843,-0.21499653100059202,-0.19279901189698528,-0.1755796145322505,0,-1.2212820385676062,20
79,77,-0.21586170500884191,-0.1757480590898676,-0.2372725153965579,-0.2069944474993563,-0.21821976930521347,-0.22359911838170105,-0.18554316985915398,-0.1755796145322505,0,-1.2212820385676062,20
40,74,-0.21972320500922615,-0.18247870475653452,-0.2369162621904404,-0.20904383979841773,-0.2233203488714841,-0.22941284629349817,-0.18838097951223653,-0.1755796145322505,0,-1.2212820385676062,20
1,45,-0.1774264151118753,-0.09634277124638611,-0.22641928339750772,-0.2004458467242779,-0.19944258286968475,-0.21627883301951512,-0.13202497618701947,-0.1755796145322505,0,-1.2212820385676062,20
133,73,-0.21448212835616068,-0.17868061534251434,-0.23308061872766248,-0.2076643641846827,-0.2146724407180744,-0.22172408672867563,-0.17693779932674022,-0.1755796145322505,0,-1.2212820385676062,20
94,80,-0.21750646280098937,-0.18619581892100726,-0.23147144983753498,-0.20775928223149934,-0.2175778709787961,-0.22449733288431645,-0.18020104883175822,-0.1755796145322505,0,-1.2212820385676062,20
55,73,-0.21743088332402186,-0.18607206742667798,-0.23098745673577942,-0.20761299677111136,-0.21807879604192967,-0.22425809403252092,-0.18295777938019403,-0.1755796145322505,0,-1.2212820385676062,20
16,50,-0.20186683617725937,-0.1484675109565636,-0.22922487705622166,-0.2081779452634876,-0.21390117916839765,-0.22587913124718273,-0.16111159259844074,-0.1755796145322505,0,-1.2212820385676062,20
