LAB05/outputs/tables/q10_transformed_avocado.csv
Date,AveragePrice,Total Volume,4046,4225,4770,Total Bags,Small Bags,Large Bags,XLarge Bags,type,year,region
150,36,-0.1615592392739949,-0.12427995963917535,-0.1676266247793039,-0.1662191434974698,-0.1835573712161768,-0.19770437734933966,-0.1246189861409369,-0.1755796145322505,0,-1.2212820385676062,21
111,49,-0.17905259148937577,-0.15546281438017168,-0.18110683383635998,-0.16834112018527336,-0.18812854309710536,-0.19727954779564147,-0.14439749179240982,-0.1755796145322505,0,-1.2212820385676062,21
72,48,-0.18373641681622627,-0.15175709983591246,-0.18824551823234864,-0.16654419127936243,-0.20076312605967989,-0.19883261013739378,-0.19072321465815079,-0.1755796145322505,0,-1.2212820385676062,21
33,42,-0.17565595406411938,-0.156709823736694,-0.15563302706475612,-0.11209073144665613,-0.21186564002880937,-0.20370137741946426,-0.22071428528798961,-0.1755796145322505,0,-1.2212820385676062,21
160,48,-0.18681818656719842,-0.16155108117075503,-0.17772327549282402,-0.1638931860659191,-0.2121281688901832,-0.2046743884058549,-0.21879958050682022,-0.1755796145322505,0,-1.2212820385676062,21
122,51,-0.18377527070772276,-0.16266717671955455,-0.16907386190393164,-0.1759975634577557,-0.20928247203189304,-0.20175447091560816,-0.2162264051811387,-0.1755796145322505,0,-1.2212820385676062,21
83,48,-0.17456411569912003,-0.15190444111298604,-0.1564148972120128,-0.16959766762269,-0.206985144234356,-0.19909759420426404,-0.2150655147247687,-0.1755796145322505,0,-1.2212820385676062,21
44,45,-0.17761822615872427,-0.13692050993882643,-0.1831312051413195,-0.1617671148741352,-0.2051335405760284,-0.19516106906722167,-0.2196203322319675,-0.1755796145322505,0,-1.2212820385676062,21
5,52,-0.17959705270985665,-0.16269813435669478,-0.16631196108644733,-0.09237802120410604,-0.20709531286742644,-0.19823874133448285,-0.21813770775518693,-0.1755796145322505,0,-1.2212820385676062,21
138,51,-0.17532518055990587,-0.16849220082394448,-0.14910583481985898,-0.08024023638206634,-0.20703456548770025,-0.19903350590728985,-0.21546131848334746,-0.1755796145322505,0,-1.2212820385676062,21
99,44,-0.16542294286742049,-0.14548297654656311,-0.13986634779067736,-0.1689734418795077,-0.20348413413003935,-0.1942221393311877,-0.21582428889368455,-0.1755796145322505,0,-1.2212820385676062,21
60,47,-0.16850818740374035,-0.18193707259335073,-0.11590858544071451,-0.08823447623292552,-0.20557851437203978,-0.19873954674672276,-0.21047425670997086,-0.1755796145322505,0,-1.2212820385676062,21
21,50,-0.16840310120786176,-0.17636343304039673,-0.11644556472894506,-0.16087497829096753,-0.2037887329093708,-0.20272221492150716,-0.1910578606694429,-0.1755796145322505,0,-1.2212820385676062,21
148,50,-0.16728724338914622,-0.18166554502367338,-0.10365786353599986,-0.17478177494632505,-0.20717803313512903,-0.20258102499916858,-0.20519107994571062,-0.1755796145322505,0,-1.2212820385676062,21
109,50,-0.1640089455702156,-0.1755500203339941,-0.1090721299337556,-0.16391533361017632,-0.19811600651478606,-0.19600882509260834,-0.1886587717732026,-0.1755796145322505,0,-1.2212820385676062,21
70,41,-0.1458394985784186,-0.16667554248451794,-0.09638134861481709,-0.1095800560514476,-0.1672893324350504,-0.20168841252669437,-0.04666946115077257,-0.1755796145322505,0,-1.2212820385676062,21
31,55,-0.15622627481806328,-0.13411289099398477,-0.13870541878400222,-0.14600848573676697,-0.18978337432162115,-0.19232176452266705,-0.16625076992153623,-0.1755796145322505,0,-1.2212820385676062,21
163,62,-0.16399100119954904,-0.14099176334512045,-0.14179265312543374,-0.14778550046422811,-0.20418730710437616,-0.1938947422155912,-0.2196682500647946,-0.1755796145322505,0,-1.2212820385676062,21
125,59,-0.1707161702572464,-0.12774659837587693,-0.17491501591469658,-0.17009031089705007,-0.20185561561632134,-0.19252347781370815,-0.2144363523500354,-0.1755796145322505,0,-1.2212820385676062,21
86,49,-0.15516933488057297,-0.1443263419877393,-0.13203822009214666,-0.13996202004073027,-0.18178107565152749,-0.1796772721887256,-0.1725747761221916,-0.1755796145322505,0,-1.2212820385676062,21
47,49,-0.14406627218065676,-0.13844439093109015,-0.10950601039457233,-0.12948148570472723,-0.17909760502061825,-0.1882937038213558,-0.13537307591783054,-0.1755796145322505,0,-1.2212820385676062,21
8,62,-0.1674276102389221,-0.12300406386638371,-0.17901348082844415,-0.15436974203531711,-0.1931320140578614,-0.19202330229480943,-0.18070064040275635,-0.1755796145322505,0,-1.2212820385676062,21
144,59,-0.16747785273939578,-0.12277566038010784,-0.18215508829884927,-0.13200044316480505,-0.19220269372748497,-0.1885394560383394,-0.18759929168331185,-0.1755796145322505,0,-1.2212820385676062,21
105,56,-0.1682379967820645,-0.12781703569633648,-0.1798770477024021,-0.16590563477224896,-0.18748514408429182,-0.18502871199600007,-0.17926613871103908,-0.1755796145322505,0,-1.2212820385676062,21
66,55,-0.16586788623554247,-0.12386957331148764,-0.1760079016884894,-0.16578698721372817,-0.18898566824409832,-0.18812668827202658,-0.17585679925204692,-0.1755796145322505,0,-1.2212820385676062,21
27,58,-0.14996848465921636,-0.11468459415609779,-0.1614877930441155,-0.15408498789486721,-0.16409432039873195,-0.1590206839761182,-0.16425424820766973,-0.1755796145322505,0,-1.2212820385676062,21
154,54,-0.1613560367225143,-0.12181221855275329,-0.1732946435189963,-0.17220270272326332,-0.17843885439156276,-0.1736136508462759,-0.17760950978571186,-0.1755796145322505,0,-1.2212820385676062,21
115,43,-0.14825901767693087,-0.1297534453859675,-0.1399156382321709,-0.17327574193683445,-0.16302713971536645,-0.1655140265971502,-0.14008000897474823,-0.1755796145322505,0,-1.2212820385676062,21
76,41,-0.13350245273189093,-0.11626951292067,-0.11123346803923943,-0.17746739732978384,-0.16321055806820692,-0.1828664623813574,-0.0877484477598523,-0.1755796145322505,0,-1.2212820385676062,21
37,55,-0.14911199640147302,-0.11559792350596715,-0.1516031535168544,-0.16383121016476238,-0.1709300179117136,-0.1809071590404663,-0.12494727863290636,-0.1755796145322505,0,-1.2212820385676062,21
166,56,-0.1635762537160988,-0.12549017715625674,-0.17466568185664785,-0.13573044323397274,-0.18379616286908146,-0.18871279732505297,-0.15308537609512382,-0.1755796145322505,0,-1.2212820385676062,21
129,51,-0.1614573238197461,-0.11078613748949011,-0.1754835128483303,-0.17004945891415546,-0.19049816747575538,-0.18942996439901422,-0.1779850232729053,-0.1755796145322505,0,-1.2212820385676062,21
90,48,-0.1652841860015224,-0.11755121917949282,-0.1752162149781585,-0.17895184113646903,-0.1945779558198936,-0.19815838302652442,-0.16778155817382734,-0.1755796145322505,0,-1.2212820385676062,21
51,51,-0.15218368927493675,-0.11459313631542477,-0.14787374818846324,-0.17283967726292984,-0.18654670809803592,-0.19525801903382795,-0.14418577613239958,-0.1755796145322505,0,-1.2212820385676062,21
12,47,-0.12851019677061284,-0.11616253673431098,-0.08854898534338637,-0.15576540955115614,-0.17592687774050814,-0.1935505792155291,-0.10647694211474766,-0.1755796145322505,0,-1.2212820385676062,21
142,41,-0.1493941315977817,-0.12625018082371156,-0.13471783452474168,-0.16571226251608726,-0.17866563041352507,-0.19157401411669095,-0.12365648944922321,-0.17471596734670483,0,-1.2212820385676062,21
103,35,-0.1488723752038938,-0.06819487170437918,-0.18989334710649505,-0.14164234864011058,-0.18656035623242273,-0.1980566887568799,-0.13568111912886194,-0.1755796145322505,0,-1.2212820385676062,21
64,29,-0.13923060162976508,-0.03766103639493062,-0.18741987219341336,-0.17317747384130666,-0.1915450686132266,-0.20115029598547574,-0.14637011607553366,-0.1755796145322505,0,-1.2212820385676062,21
25,34,-0.14197038300681394,-0.05248714370089102,-0.18151235256883624,-0.1548971885935099,-0.19132700265622585,-0.19221299400442313,-0.1728236291274041,-0.1755796145322505,0,-1.2212820385676062,21
157,37,-0.14379687496830196,-0.07808032669074115,-0.1582385937170046,-0.14308715020371351,-0.19459834690329023,-0.19177681296859672,-0.18738224726515998,-0.1755796145322505,0,-1.2212820385676062,21
119,43,-0.1561961107855906,-0.11179169941150334,-0.14952845363978856,-0.15964588264160076,-0.2036076872634,-0.19299861842278926,-0.22006593938394653,-0.1755796145322505,0,-1.2212820385676062,21
80,60,-0.17055219513668715,-0.14299944042464405,-0.1551461188922399,-0.15765679121934048,-0.20720857413124577,-0.19738334617708542,-0.22121182733662556,-0.1755796145322505,0,-1.2212820385676062,21
41,54,-0.16204001347036084,-0.14082746493534365,-0.13527146542800078,-0.16285327511182512,-0.20388622682625734,-0.1928957179744062,-0.2215066716236447,-0.1755796145322505,0,-1.2212820385676062,21
2,58,-0.16146391432928892,-0.15824971321088038,-0.11958502119272053,-0.09677142397499507,-0.20587483909664642,-0.1962715978317913,-0.2192204704191117,-0.1755796145322505,0,-1.2212820385676062,21
118,69,-0.17603022029826854,-0.15363350736367049,-0.15953016938503356,-0.1685063892550247,-0.20621669140178558,-0.19577864598333783,-0.22211013298795668,-0.1755796145322505,0,-1.2212820385676062,21
79,65,-0.17234320085281152,-0.15150323298160062,-0.15233572491757266,-0.176533757365361,-0.20394727839917196,-0.19298607416390845,-0.2214771175111825,-0.1755796145322505,0,-1.2212820385676062,21
40,54,-0.1540121415944918,-0.14605233302880993,-0.11042580242251704,-0.16963228479270548,-0.19866910070973257,-0.18689166845965413,-0.21877982311124908,-0.1755796145322505,0,-1.2212820385676062,21
1,47,-0.13911329287642582,-0.11743250343972385,-0.09143628403384642,-0.17294241209007252,-0.20603024125683395,-0.19699509064313686,-0.21763586170959046,-0.1755796145322505,0,-1.2212820385676062,21
133,59,-0.17406764126429128,-0.1410515283442983,-0.16295943039066538,-0.1764820177241551,-0.21042648177487883,-0.20151363722748056,-0.2215877097378442,-0.1755796145322505,0,-1.2212820385676062,21
94,59,-0.17879447864243772,-0.15242957465801052,-0.16628683002057376,-0.1670543292525475,-0.2093494553719817,-0.2000877597327138,-0.22159488306611172,-0.1755796145322505,0,-1.2212820385676062,21
55,46,-0.16683676063404912,-0.13195445749457743,-0.1607037635851843,-0.12328045248343325,-0.20532517214495602,-0.19475799093677507,-0.22162783938569514,-0.1755796145322505,0,-1.2212820385676062,21
16,33,-0.1542754492455247,-0.12570046141262317,-0.14494479139277464,-0.16981495550437317,-0.18353041969968337,-0.16627588929436718,-0.22063517372481056,-0.1755796145322505,0,-1.2212820385676062,21
