LAB05/outputs/tables/q10_transformed_avocado.csv
Date,AveragePrice,Total Volume,4046,4225,4770,Total Bags,Small Bags,Large Bags,XLarge Bags,type,year,region
150,33,0.427484925045422,0.5407105137470551,0.13292128994210986,0.5896306649452817,0.5768667181562707,0.7245018781026494,0.08206673608814495,0.4691821831066046,0,-1.2212820385676062,22
111,38,0.376211661350545,0.45659564119785995,0.08418084174215539,0.6818481072161624,0.5546705118204757,0.6689434225296529,0.16635473690684147,0.4127913349032637,0,-1.2212820385676062,22
72,27,0.532699667712334,0.6160878303761075,0.13368297883025465,0.42001527921885545,0.8661696297174606,1.0461457891560393,0.28255605537883893,0.26607531275980795,0,-1.2212820385676062,22
33,19,0.636362493060281,0.7203611051202091,0.32185159371209815,0.38980230657566983,0.8689771097715131,1.0931345190175588,0.15570890290111672,0.18995792632169672,0,-1.2212820385676062,22
160,36,0.37798857391642987,0.42725625208626533,0.17150989210012535,0.4476398739481149,0.5174230090378897,0.6690816640150751,0.0287134059948219,0.22862592036929832,0,-1.2212820385676062,22
122,34,0.4104394350178551,0.46884790873301135,0.21854572152889334,0.4943507198109348,0.515193323665683,0.6622339326786754,0.041613099742204944,0.2152608671301539,0,-1.2212820385676062,22
83,27,0.5726787613044788,0.7813486938023773,0.30461383352947796,0.44569349564692223,0.5827054529135457,0.7788271097293954,-0.04175204214726189,0.21086689250945237,0,-1.2212820385676062,22
44,37,0.5126565961914616,0.807814042603642,0.3385862176644635,0.4889710068653306,0.29238608995304477,0.4161569587707025,-0.10248869456934209,0.16051253117890438,0,-1.2212820385676062,22
5,42,0.5117092365055663,0.7427894626192058,0.514556282933667,0.4784323119614252,0.15877494063454872,0.26248308648828866,-0.1679237130448662,0.09602781668170625,0,-1.2212820385676062,22
138,48,0.4276853940990958,0.5385515743005649,0.5233438592495495,0.5205088307168774,0.11119590151886753,0.21381073213756316,-0.20726138446461456,0.03899092873158605,0,-1.2212820385676062,22
99,42,0.5243164729737698,0.5951287748277975,0.7263622100079283,0.5161290142546503,0.12961166588746914,0.23695254442503508,-0.1968971138410022,-0.05336505956563963,0,-1.2212820385676062,22
60,45,0.5042312407240116,0.5702768122199462,0.7560905750122134,0.4841070153074301,0.05834813498213369,0.1322068301998182,-0.1686131313770468,0.001773274133009443,0,-1.2212820385676062,22
21,51,0.41349513519175596,0.39925396253365736,0.6855106990452774,0.5941080050477674,0.034161683872505115,0.09345203929095305,-0.14936364843769248,0.022576545279078524,0,-1.2212820385676062,22
148,43,0.5281715793691143,0.5624085050100676,0.8393537494526315,0.5492675099917783,0.04351513770712128,0.1151359567391431,-0.1832084359650852,0.09614707686243276,0,-1.2212820385676062,22
109,52,0.4464534191975099,0.5779723780281009,0.5418277083692702,0.8921024685733122,0.06329651655646802,0.13750019920182513,-0.17241671695762248,0.10681266743262031,0,-1.2212820385676062,22
70,51,0.49193361052594503,0.6190249006253853,0.6512349731452449,0.6920678960941458,0.05811920932830656,0.059990215324515386,0.03988051551813635,0.15976644853170527,0,-1.2212820385676062,22
31,45,0.6175039092643961,1.1990430871706446,0.36856447316480584,0.6307858272482519,0.10567444025710793,0.17498871686700368,-0.1132827500322977,0.07262399533884682,0,-1.2212820385676062,22
163,43,0.6332854113738738,1.416052700475624,0.17268118580283823,0.5930948014264541,0.12585693838446974,0.23479292159964527,-0.20837271747026773,-0.013346203755306266,0,-1.2212820385676062,22
125,56,0.5079983394934615,1.1025039962268908,0.2016926427210903,0.6458726785621209,0.048133743445896465,0.13067677906799988,-0.2063601684915292,0.017418966373251202,0,-1.2212820385676062,22
86,46,0.6059373420512922,1.3815905655270946,0.18400985670739486,0.5308969595425972,0.06723988439537569,0.16033658022872788,-0.2196186106331833,0.014388853440194728,0,-1.2212820385676062,22
47,47,0.7298410555543033,1.4892957900110206,0.43030613695709174,0.4311199462411321,0.07313420538794681,0.1644259952218726,-0.20530749281588084,-0.026849734455483876,0,-1.2212820385676062,22
8,53,0.5477325707534609,1.257543795736892,0.1728222968207686,0.33214685157344054,0.057845293501913066,0.1465230058534539,-0.210473600862815,-0.052814541006266924,0,-1.2212820385676062,22
144,48,0.5916527803652698,1.3906391761327732,0.12063827802281613,0.5270636663048349,0.0834024188389873,0.17975841666868247,-0.21069613800089743,-0.026800560826463912,0,-1.2212820385676062,22
105,55,0.5108172185676424,1.1923641429715204,0.10143365897118296,0.6175884964643946,0.06823675589312585,0.1456735477758473,-0.16836300766796977,-0.018405435403093716,0,-1.2212820385676062,22
66,56,0.5217496432460952,1.1182504528984973,0.21058097584172425,0.5635406716964663,0.07420924439534626,0.15596438333132648,-0.17601227601843975,-0.014014852067152176,0,-1.2212820385676062,22
27,49,0.748448638230595,1.644717547946984,0.22376171328465802,0.7096275486414053,0.16076996124144036,0.26196755229345264,-0.15208861138951496,0.010627918641359113,0,-1.2212820385676062,22
154,47,0.5995466732050938,1.407219813057454,0.10301950729522553,0.49245524363877013,0.1150598242367345,0.20685045092287216,-0.16553753613950742,-0.02740986165500988,0,-1.2212820385676062,22
115,44,0.6339686005037082,1.4550789129109694,0.14794681039904173,0.5283430126848694,0.11544707230535796,0.20420008757671612,-0.1592633333322523,0.01943791123370217,0,-1.2212820385676062,22
76,32,0.821930624727352,1.9401879012294707,0.16836343448349747,0.4347272973047074,0.13669342527055858,0.23429009248752178,-0.16280863810474963,-0.016368968904716077,0,-1.2212820385676062,22
37,37,0.6982003174914648,1.6314111475698525,0.12673276912327264,0.45473192706967297,0.1481201787592181,0.24851680988471614,-0.16267554212255148,0.018752871712182977,0,-1.2212820385676062,22
166,38,0.6794050906150868,1.6301090690355164,0.13308908506931053,0.500092703301889,0.07127144797937739,0.14772800521722285,-0.1633760278754877,-0.004654340915436412,0,-1.2212820385676062,22
129,50,0.5800750446129274,1.359880897954058,0.14155917612867827,0.4706342360739871,0.06291811036985447,0.13598647168893507,-0.16171673457108965,0.0020180118498558204,0,-1.2212820385676062,22
90,51,0.4943046679514744,1.2053624294805356,0.07902068480326707,0.29731285896082327,0.05600498555064858,0.13230670179936893,-0.17736938774576216,-0.012311861903507488,0,-1.2212820385676062,22
51,31,0.7826949701473167,1.9375907720819978,0.07951853902496417,0.3479635482218025,0.12055861296618442,0.21828967585332495,-0.17897408177443247,-0.01805613307281413,0,-1.2212820385676062,22
12,31,0.916451182686215,2.0720422566741705,0.31144485753707096,0.36040702498873695,0.13196457992030233,0.23341667165897623,-0.1753231856098371,-0.07056791672484623,0,-1.2212820385676062,22
142,55,0.4358133600625605,1.0078854092613472,0.11023386726036154,0.3689477880640608,0.05856143524584928,0.13150957847702874,-0.15949771670958796,-0.08262280361837886,0,-1.2212820385676062,22
103,46,0.5937667036750672,1.372394771752806,0.15973668536214272,0.3311313215294112,0.08781918225747713,0.13021538889653814,-0.036785147673928875,-0.08922224376133117,0,-1.2212820385676062,22
64,46,0.56436982562445,1.20624959978513,0.2360888332974265,0.38969128968365785,0.09838261519787303,0.13695270127041786,-0.015844767795352134,-0.07327642281982975,0,-1.2212820385676062,22
25,54,0.507454914917276,1.1545428988522706,0.16240250511515544,0.47575925226063337,0.04599000278918943,0.08550990177912215,-0.07135972912403661,-0.05872498512881338,0,-1.2212820385676062,22
157,53,0.49690770204681783,1.0906443357227145,0.1999669042207179,0.4297656890496395,0.05016372598990976,0.09194692925505052,-0.07170507364205919,-0.09278478840170702,0,-1.2212820385676062,22
119,54,0.46796420240575426,0.8936879034302263,0.31936405835799736,0.4259001050645779,0.056082057964819645,0.12544618496834073,-0.15021686459705624,-0.09308491710296667,0,-1.2212820385676062,22
80,47,0.532688412303462,1.2243570189923785,0.12491421344107519,0.44698065880728255,0.0937105322965747,0.1765086360974183,-0.1562458215584563,-0.06595803030775828,0,-1.2212820385676062,22
41,39,0.5638134227249908,1.3540197618766194,0.08760979546112582,0.3696952211542875,0.09035851601594304,0.17329158317592627,-0.15858367072651552,-0.0848949644075762,0,-1.2212820385676062,22
2,28,0.649679144600731,1.4644247832387487,0.2466944836029022,0.363147178720661,0.05591118251111477,0.11703942740642594,-0.1261180067966147,-0.08036138189758815,0,-1.2212820385676062,22
118,36,0.6092635137253513,1.3892946770976977,0.17475939871389762,0.3604423866140215,0.0988729543380498,0.17108355237716322,-0.11936446169929951,-0.05795007656115428,0,-1.2212820385676062,22
79,36,0.6010776144031764,1.4654797066230458,0.09404730152612595,0.3691762427747813,0.07008175855926478,0.11981606426452063,-0.07912758283838069,-0.05551004717633712,0,-1.2212820385676062,22
40,43,0.5184346835460915,1.0912783664719286,0.23842261735525602,0.3292029962684953,0.08873835267513351,0.13182988594203984,-0.041033889511563934,-0.04748965871894649,0,-1.2212820385676062,22
1,27,0.9211960078698448,1.9586854688810875,0.4646827691526836,0.38711640502148503,0.10397386851682769,0.16961547202853375,-0.09522088332091581,-0.0446127188142165,0,-1.2212820385676062,22
133,49,0.42836669526222454,0.968728923357556,0.13405005350987945,0.3543857777149427,0.055217905955174354,0.09794836538253575,-0.07353644484398349,-0.038904621349016476,0,-1.2212820385676062,22
94,42,0.5646628948119862,1.2901689237867509,0.19180686540267766,0.3398856502100726,0.05126259346373495,0.10542440862582456,-0.11340789386773067,-0.024892397934839484,0,-1.2212820385676062,22
55,38,0.5394765213064244,1.1805312502302028,0.26748790757456303,0.33549969199187507,0.01176968866087421,0.054649269272266196,-0.11980010817259848,0.0032106136571210917,0,-1.2212820385676062,22
16,38,0.5303437284987219,1.2213809433851717,0.19041466581061564,0.3851257316317778,0.016086595595380795,0.04473196046813949,-0.07114452927601068,-0.008811490817064884,0,-1.2212820385676062,22
