LAB05/outputs/tables/q10_transformed_avocado.csv
Date,AveragePrice,Total Volume,4046,4225,4770,Total Bags,Small Bags,Large Bags,XLarge Bags,type,year,region
150,57,-0.22846397253399822,-0.23054648406551234,-0.2137671703676331,-0.1827239959852523,-0.2234056750608341,-0.22904648960464702,-0.19285771021743733,-0.13405728914498555,0,-1.2212820385676062,23
111,58,-0.22997304574962582,-0.23028850639115123,-0.21942950845661244,-0.18876711163257784,-0.22144919573091448,-0.2290454308477543,-0.18436666204238442,-0.1421257208031428,0,-1.2212820385676062,23
72,44,-0.22415266736165965,-0.23018832096329667,-0.20578168698334365,-0.197523580622138,-0.21690508690398178,-0.2284721206913424,-0.16667018417772694,-0.15702080868317214,0,-1.2212820385676062,23
33,36,-0.21641156083357513,-0.22990673769534495,-0.19060927519722964,-0.16969602877512643,-0.21171550041078135,-0.2299454546184775,-0.14396631327786036,-0.11866707368999684,0,-1.2212820385676062,23
160,50,-0.22932897112018905,-0.2306156723291108,-0.21687374715864144,-0.19073675416093158,-0.22167994654387208,-0.22978294213643882,-0.18292949597159638,-0.14370153778828765,0,-1.2212820385676062,23
122,54,-0.22866191368133146,-0.23059217741144458,-0.2175842686651448,-0.18120437666709976,-0.21954542294077398,-0.22798448943132446,-0.1808448038057101,-0.12931175133749775,0,-1.2212820385676062,23
83,57,-0.22928588667753166,-0.23054871339484675,-0.2169988792701803,-0.19590587932227496,-0.22089894067239316,-0.22687437612832032,-0.18800202282747466,-0.15288739777486363,0,-1.2212820385676062,23
44,46,-0.22114529855629125,-0.23001266246042215,-0.2015306168695213,-0.15010745644870713,-0.2169562420585,-0.22967904994109298,-0.1695367691247741,-0.06944427104103422,0,-1.2212820385676062,23
5,42,-0.21626929153882135,-0.22891370586905882,-0.19484459894591774,-0.16185738007551964,-0.20817415428968108,-0.2293409580406815,-0.1327798972538944,-0.10100695830231743,0,-1.2212820385676062,23
138,59,-0.22761046100903606,-0.23002931128162168,-0.21485508972457448,-0.17413093492727058,-0.22068832744850853,-0.2291315118037278,-0.18223843802152603,-0.12542873028730228,0,-1.2212820385676062,23
99,56,-0.22486241832982298,-0.23023428309361677,-0.20656153900468915,-0.18517064822731397,-0.21972536335149356,-0.22762948422460152,-0.181330868529118,-0.14761168911656308,0,-1.2212820385676062,23
60,56,-0.22473389181111947,-0.23000701798827758,-0.20780308508222828,-0.1671853533799179,-0.22001070670199843,-0.22831349478523896,-0.18120137970627725,-0.1364554926844294,0,-1.2212820385676062,23
21,64,-0.2280289641563163,-0.23037355293363207,-0.21215555979430442,-0.17346585720119365,-0.22508064387442286,-0.2299602638129895,-0.1969124442682711,-0.1329760345206735,0,-1.2212820385676062,23
148,71,-0.22865926126184935,-0.23048430791226712,-0.21161417052723092,-0.1734089063731037,-0.22781290709275365,-0.2323871356408809,-0.20131477731172576,-0.1222245314032327,0,-1.2212820385676062,23
109,58,-0.22573922829054163,-0.2303347926438214,-0.21175377002698914,-0.1446558105127213,-0.22074212908376598,-0.2320013728763253,-0.17787853009096788,-0.06751293437021647,0,-1.2212820385676062,23
70,51,-0.22143774517811932,-0.2302677862770183,-0.19798354049690928,-0.1620639664127088,-0.22068094569380303,-0.23148679022249405,-0.17643402673012334,-0.10572253976109193,0,-1.2212820385676062,23
31,51,-0.21789509437689697,-0.22990529100290452,-0.1910477732630119,-0.18195087918824,-0.21504157915221428,-0.229906320819405,-0.15641031622324256,-0.1341313321955788,0,-1.2212820385676062,23
163,66,-0.22599982850465775,-0.22775432022297126,-0.21159386469244545,-0.15705573664641048,-0.2238085789388879,-0.22968127467076627,-0.1957439295887139,-0.08994684827171699,0,-1.2212820385676062,23
125,68,-0.22739887553790408,-0.22957440951605432,-0.2119627581769038,-0.19416785543953552,-0.22187889902886748,-0.22947730984607992,-0.18402943363291596,-0.15251435645126404,0,-1.2212820385676062,23
86,62,-0.2234626097394546,-0.22764228456578237,-0.20748393051168817,-0.14041725443781553,-0.22189851948952016,-0.2293330240649791,-0.19109553089045928,-0.06225926906285592,0,-1.2212820385676062,23
47,61,-0.22211150026573462,-0.22914358766946785,-0.20131524214007698,-0.1750763000621825,-0.21899658745046524,-0.2279410401927652,-0.17831819362809667,-0.13539006405566403,0,-1.2212820385676062,23
8,46,-0.219927088039504,-0.22994232791046385,-0.1957077837878102,-0.17841667085485877,-0.21680515944158793,-0.22873443776300187,-0.16696879958589245,-0.13627010245088297,0,-1.2212820385676062,23
144,41,-0.2174922017027914,-0.23008186653486698,-0.19195290688670452,-0.1933896205125478,-0.21105278513050352,-0.22658131490081415,-0.14960282769735556,-0.14588326431721843,0,-1.2212820385676062,23
105,61,-0.22387481773394652,-0.22704039726718414,-0.20797065597321654,-0.16661603121283544,-0.22066500597073016,-0.22578797093852138,-0.19262037552790018,-0.12198318497114631,0,-1.2212820385676062,23
66,66,-0.22526745957953523,-0.23001344509731614,-0.20909875513739393,-0.19691545372415106,-0.21704947727074878,-0.22548026134033503,-0.1761861574956447,-0.1600328347641753,0,-1.2212820385676062,23
27,68,-0.2226455458171357,-0.23009506859156365,-0.20416711981402985,-0.18270873465223472,-0.21533270217329903,-0.22211652368225118,-0.18019940921386854,-0.15085940948838597,0,-1.2212820385676062,23
154,68,-0.22627028263088916,-0.22982583359460612,-0.21089675583345888,-0.20266804570269079,-0.21797968990114455,-0.22374201035625954,-0.18503337166679235,-0.1632002947300116,0,-1.2212820385676062,23
115,70,-0.22365208109750276,-0.22899630173035646,-0.2079389888370051,-0.15547107054911596,-0.21862938571295826,-0.22317727747087723,-0.1936114835517895,-0.1049498920499395,0,-1.2212820385676062,23
76,60,-0.22246728353748838,-0.22986321043536176,-0.2028481458028691,-0.17931494919399696,-0.21698602257164568,-0.2229971949852139,-0.18411067669935163,-0.15194575103983807,0,-1.2212820385676062,23
37,54,-0.2176890772492847,-0.22519611737919581,-0.1933026676993171,-0.1702884290555526,-0.21887805350471343,-0.22752674460005026,-0.1799713383654083,-0.1234600894841246,0,-1.2212820385676062,23
166,53,-0.21957709607666315,-0.22594717210762028,-0.19620185921407685,-0.19743815438000303,-0.21802804647832935,-0.2286201322245467,-0.17089269212912642,-0.155151080352161,0,-1.2212820385676062,23
129,58,-0.22327706778450382,-0.2295949240891848,-0.19861909236308203,-0.1974954774357276,-0.22334809129026742,-0.23029458975533962,-0.18733969918092172,-0.1542976070208953,0,-1.2212820385676062,23
90,73,-0.22502329799576826,-0.22996357768794928,-0.20493877475605704,-0.16845725520726076,-0.22443833995708756,-0.23213796591747143,-0.188975586939944,-0.11477105271488805,0,-1.2212820385676062,23
51,63,-0.22157477912961585,-0.22983438726247782,-0.19511289342147783,-0.2068953418916507,-0.2203365483056541,-0.2313997711275017,-0.1705118498837914,-0.1718554186516482,0,-1.2212820385676062,23
12,56,-0.21864898670159422,-0.2300294298629693,-0.19007592521362132,-0.1879563067875648,-0.21805445044708366,-0.23243488691694092,-0.15981871290194816,-0.14843803216974882,0,-1.2212820385676062,23
142,74,-0.22728038535754658,-0.2299990888488364,-0.210086332941829,-0.18666383938341166,-0.22402789208796112,-0.231026458807925,-0.1887684212195777,-0.14162494108691673,0,-1.2212820385676062,23
103,54,-0.2185306789474675,-0.2299645421495762,-0.19314486354113364,-0.16283298870574078,-0.21671399274302036,-0.21794559781035336,-0.20139716811068428,-0.11146568050214524,0,-1.2212820385676062,23
64,50,-0.22076696103197632,-0.22945226282262882,-0.19385683843049484,-0.20936646810068565,-0.21926219880281503,-0.21738644015114028,-0.20899454255494457,-0.1723307637321743,0,-1.2212820385676062,23
25,61,-0.22441834944934685,-0.23018624974242569,-0.20369071752331472,-0.20727538630655182,-0.21932840138038678,-0.22286261224196527,-0.19230216668595246,-0.17523935562799756,0,-1.2212820385676062,23
157,53,-0.2191552716137214,-0.22954912797275132,-0.19175525512308111,-0.2021450658761129,-0.21684699614476774,-0.21402405609364078,-0.20997314849242477,-0.16601280022430168,0,-1.2212820385676062,23
119,52,-0.21877907108239528,-0.22968761517587263,-0.19298950106615137,-0.14297334160444222,-0.2202926430887931,-0.23346509757951006,-0.17118216666755676,-0.07306220666582333,0,-1.2212820385676062,23
80,74,-0.22984949686093295,-0.23004645814448105,-0.21474517245529612,-0.2004955391134937,-0.22576824215751293,-0.23090003787414048,-0.194954781498391,-0.1586644513635169,0,-1.2212820385676062,23
41,71,-0.22815300530626678,-0.22944000941671275,-0.21322308196096643,-0.1975092498582069,-0.22278919714519513,-0.22816941003392793,-0.19130531999944914,-0.1580890633825709,0,-1.2212820385676062,23
2,55,-0.22354945331225767,-0.2304071905092275,-0.20097855561974867,-0.14824529464983693,-0.22574581297975388,-0.23407589309071844,-0.19059946449792406,-0.08353110271993114,0,-1.2212820385676062,23
118,54,-0.21520523118702264,-0.2291670035329023,-0.18091656525765445,-0.20120677306625787,-0.21684056752871925,-0.23105659987440239,-0.15812269215682034,-0.16228747391544598,0,-1.2212820385676062,23
79,66,-0.2229961574500302,-0.22859733083372866,-0.20319809547990594,-0.19956580753923392,-0.21782779610239666,-0.22867438346380878,-0.1697472550713671,-0.1574950233354449,0,-1.2212820385676062,23
40,53,-0.22110927661485316,-0.226608302647467,-0.19577488855061861,-0.2003728901079012,-0.22274684331359504,-0.23049354223726803,-0.18394036139105685,-0.15926527398016285,0,-1.2212820385676062,23
1,43,-0.20997520724701743,-0.22738377722806877,-0.17548560571964564,-0.16456635974304804,-0.2114369202888322,-0.23262716520984947,-0.135437922805369,-0.10763748522223637,0,-1.2212820385676062,23
133,55,-0.2212305089799809,-0.22983075076781886,-0.19277341210284546,-0.21035929225900588,-0.22161454500836314,-0.23228193005090864,-0.17277099739314403,-0.17473857591177147,0,-1.2212820385676062,23
94,59,-0.22153605843822433,-0.2298567596100537,-0.19211873371826335,-0.20856850510906544,-0.22364557194899,-0.23046862794532427,-0.18664351742494603,-0.17313958514743333,0,-1.2212820385676062,23
55,58,-0.22456224610190514,-0.22981751708942952,-0.20084989386412644,-0.21032588482880277,-0.22344125552410554,-0.23350254272834858,-0.17641644182825608,-0.17481883631775805,0,-1.2212820385676062,23
16,45,-0.21702380932488122,-0.2300610910827718,-0.18276447927358058,-0.20989782304904148,-0.21885877779634094,-0.23376457835830247,-0.15703496964877917,-0.1755796145322505,0,-1.2212820385676062,23
