LAB05/outputs/tables/q10_transformed_avocado.csv
Date,AveragePrice,Total Volume,4046,4225,4770,Total Bags,Small Bags,Large Bags,XLarge Bags,type,year,region
150,52,-0.08848519836837011,0.07505795766750857,-0.20804330020097458,-0.21203292076096386,-0.12901286577333673,-0.17233420345036735,0.018283837588751375,-0.1755796145322505,0,-1.2212820385676062,24
111,74,-0.1448146627618868,-0.043273689211236824,-0.2182300191264572,-0.21168032813411264,-0.16208787226772892,-0.17698158332597264,-0.1013037017299932,-0.1742745351137787,0,-1.2212820385676062,24
72,50,-0.09304506651924938,0.07435644622610094,-0.20413083507285287,-0.21174416517344224,-0.1488887270270047,-0.19262828134410087,5.008440112113823e-06,-0.1755796145322505,0,-1.2212820385676062,24
33,78,-0.14771613748378323,-0.03632261663027424,-0.2161748194948213,-0.2117646376933439,-0.183663757713938,-0.21027369794389839,-0.08660534715758578,-0.1755796145322505,0,-1.2212820385676062,24
160,51,-0.11015818745230076,0.0445864645251918,-0.20988431272458713,-0.21188691447130178,-0.1635899985116611,-0.20746570043860174,-0.014044713295121507,-0.1755796145322505,0,-1.2212820385676062,24
122,51,-0.1017092121314496,0.052862248867031066,-0.20593137711265783,-0.2118654183254051,-0.1494474082368451,-0.20026756077667152,0.021087625170622206,-0.1752500946964042,0,-1.2212820385676062,24
83,75,-0.139468482539016,-0.02718172601991281,-0.20948071245748318,-0.21234121829930058,-0.17461732606438768,-0.19811454513037166,-0.08722397498737768,-0.1755796145322505,0,-1.2212820385676062,24
44,75,-0.15103124775781862,-0.055170718650746,-0.21393118669940328,-0.2123427072098389,-0.1737734130415448,-0.1953400927959923,-0.09231015166218792,-0.175414572007264,0,-1.2212820385676062,24
5,51,-0.08241419819154468,0.09720693751161835,-0.19945546021498584,-0.21223420285436026,-0.1466260873927198,-0.19327625396442816,0.011121658722870399,-0.17541400679313737,0,-1.2212820385676062,24
138,78,-0.1573994260558539,-0.06391157903777461,-0.21531076262321414,-0.21214849744149938,-0.18319847395271355,-0.19937473387242155,-0.11809535646220791,-0.1750822261007844,0,-1.2212820385676062,24
99,77,-0.1496213709769052,-0.05415423143390954,-0.2098686078846774,-0.21230762475528023,-0.1751040960044871,-0.18987421343040278,-0.11443130236404753,-0.1750805304584044,0,-1.2212820385676062,24
60,53,-0.0904196461193031,0.0726602032924253,-0.1958485626039445,-0.21233851964894995,-0.14756678454834285,-0.19085384499786937,-9.025335928069067e-05,-0.17541287636488404,0,-1.2212820385676062,24
21,52,-0.08115846867996536,0.09342174974821432,-0.19265374471085212,-0.2120883826785155,-0.14569408002251233,-0.18002284239731603,-0.02563468027219512,-0.1755796145322505,0,-1.2212820385676062,24
148,84,-0.1542213671072418,-0.07335367417639983,-0.19707667942387708,-0.21216143235180085,-0.18221993516445176,-0.19678957118807638,-0.12201031308794293,-0.1755796145322505,0,-1.2212820385676062,24
109,51,-0.08421307429648163,0.06958810841537542,-0.1815054759916574,-0.211997093851136,-0.13944165266876782,-0.1802601513631299,0.00036683111792639854,-0.1755796145322505,0,-1.2212820385676062,24
70,79,-0.15044839305489982,-0.07563886323094171,-0.1913349118854547,-0.21237276459133086,-0.17306416634321267,-0.187010356447526,-0.11490781631324781,-0.1755796145322505,0,-1.2212820385676062,24
31,51,-0.06176929674410041,0.11821556006321472,-0.1782513932981441,-0.212412686005139,-0.1271487699147383,-0.17740921389474143,0.04134162001011434,-0.1755796145322505,0,-1.2212820385676062,24
163,77,-0.14142716112644044,-0.06389150716834174,-0.1898407263419958,-0.21185341398419003,-0.15842277021780907,-0.16401181139022014,-0.1260731632473308,-0.1754151372213907,0,-1.2212820385676062,24
125,77,-0.13844665820311888,-0.05870360483362617,-0.1864294789787565,-0.21194535420993008,-0.15879489988496834,-0.1653021948066914,-0.12367825537670925,-0.1747611844768381,0,-1.2212820385676062,24
86,77,-0.14198414315679095,-0.06260750043137596,-0.19393912481538414,-0.21224276408995552,-0.15697384736253042,-0.16103769626865522,-0.12930034115877492,-0.1755796145322505,0,-1.2212820385676062,24
47,50,-0.05641375197471748,0.12467274133152727,-0.17308876145587496,-0.21178427270106773,-0.12304897579857542,-0.16171782025335743,0.009922524179222656,-0.1755796145322505,0,-1.2212820385676062,24
8,75,-0.1386971757484177,-0.05809717191670422,-0.19012224244903989,-0.21192292749494693,-0.15594385936633498,-0.1587242588501301,-0.13221230253092014,-0.1755796145322505,0,-1.2212820385676062,24
144,77,-0.1362954736117759,-0.047394280363545246,-0.1927506562798139,-0.21182633442377471,-0.1580631226111477,-0.15971965115311354,-0.1377350684593159,-0.1755796145322505,0,-1.2212820385676062,24
105,49,-0.06480547441565593,0.11351806274953052,-0.16469325800477233,-0.21162123699712385,-0.1483950417617554,-0.1700236340568428,-0.06713636037324501,-0.1755796145322505,0,-1.2212820385676062,24
66,77,-0.12970716476630764,-0.04507942225584009,-0.1789215688965134,-0.2117274149298864,-0.1548567743086743,-0.16125443318598406,-0.12092734547178194,-0.16388307339502414,0,-1.2212820385676062,24
27,51,-0.03836504508679066,0.1508907452525967,-0.1611469041710668,-0.21073645190973905,-0.108169771578243,-0.14692395761330368,0.024824765236216927,-0.1755796145322505,0,-1.2212820385676062,24
154,74,-0.11775856806945684,-0.026211453906937923,-0.17911643016504972,-0.21009808151644285,-0.13715647231922143,-0.14177106822837818,-0.10811545326239348,-0.1755796145322505,0,-1.2212820385676062,24
115,49,-0.05247931333423002,0.12018214475309198,-0.17002179972904927,-0.16197425955277622,-0.1126838362579334,-0.1449593068800051,0.0005675203476282933,-0.1755796145322505,0,-1.2212820385676062,24
76,79,-0.11951737700368004,-0.015522373128059859,-0.19872258983265112,-0.12678441732150525,-0.14216613868124814,-0.1466713301775104,-0.11337961045913297,-0.1755796145322505,0,-1.2212820385676062,24
37,52,-0.048289755953512474,0.16619349423784655,-0.1945187422041417,-0.211571823778634,-0.12171589984921764,-0.15593947358455731,-0.002361738993253469,-0.1755796145322505,0,-1.2212820385676062,24
166,80,-0.1249432224719564,0.002968909712135427,-0.21564984099647422,-0.21200072307057308,-0.15493129150006268,-0.16228708301000225,-0.11722193201235334,-0.1755796145322505,0,-1.2212820385676062,24
129,54,-0.02702771235873072,0.2198820215164584,-0.19281399055223677,-0.2118607654799729,-0.11817482750198695,-0.16047935613058714,0.025838581967878912,-0.1755796145322505,0,-1.2212820385676062,24
90,77,-0.1158379499642078,0.023898043233740673,-0.21459603045894546,-0.21127236664661844,-0.15125759092268368,-0.15786781833782598,-0.11588732404056737,-0.1755796145322505,0,-1.2212820385676062,24
51,81,-0.12019771391387483,0.01779982351538419,-0.21427309709297493,-0.21199588411132364,-0.1590179140511673,-0.16326037543809852,-0.13076542172413547,-0.1755796145322505,0,-1.2212820385676062,24
12,51,0.01933739676290104,0.3141463269425639,-0.17779131872570636,-0.21220461075741157,-0.09502784507625942,-0.1526117068568538,0.0937195004303949,-0.15312817899282335,0,-1.2212820385676062,24
142,78,-0.10847902059824745,0.03855657928473119,-0.21068114025771237,-0.21142265355407808,-0.14905360987489782,-0.15880449654021472,-0.10614520642520978,-0.14755460248976984,0,-1.2212820385676062,24
103,76,-0.1206383369655478,0.010967237416918574,-0.21277193531179836,-0.21215761701854646,-0.1536123098351014,-0.16628316657275632,-0.09966773199007643,-0.1755796145322505,0,-1.2212820385676062,24
64,53,-0.045772815456467775,0.18374114624115545,-0.19269737111172247,-0.21198267003029622,-0.1375884874854064,-0.18034616530917347,0.0081214039273637,-0.1755796145322505,0,-1.2212820385676062,24
25,64,-0.0984247813163802,0.06129912201683946,-0.20462575761369955,-0.21168907548352517,-0.15038094671276753,-0.17755932953974518,-0.053499699374879466,-0.15650363775727275,0,-1.2212820385676062,24
157,78,-0.1391588617906068,-0.025267846786321088,-0.21773955639472295,-0.21172750798679504,-0.16597143572579448,-0.18042431228944458,-0.10637881098404782,-0.1755796145322505,0,-1.2212820385676062,24
119,50,-0.06014557009027008,0.14787570381457674,-0.19676508244419783,-0.2110022224408256,-0.137056078427272,-0.17535775849822624,-0.004983528989365219,-0.1755796145322505,0,-1.2212820385676062,24
80,86,-0.1386809224399537,-0.01639426224966333,-0.21574820594829386,-0.21118228755905127,-0.17817007943005345,-0.19192968942271313,-0.12050272542879134,-0.1755796145322505,0,-1.2212820385676062,24
41,83,-0.14314156809522863,-0.03086650700361343,-0.21781302282192627,-0.2119541946162512,-0.17262232573704195,-0.1807228549292181,-0.1323522029273606,-0.1755796145322505,0,-1.2212820385676062,24
2,54,-0.05896416913293307,0.15147383345489265,-0.1950412873243325,-0.2121519405471192,-0.13951356393850878,-0.1831765441310629,0.008996017100188346,-0.1755796145322505,0,-1.2212820385676062,24
118,77,-0.13923002539452825,-0.02914518016221407,-0.21603242119493113,-0.21191008564155409,-0.16331180370108392,-0.17466033254961902,-0.1132564751556149,-0.1755796145322505,0,-1.2212820385676062,24
79,82,-0.14394973077574846,-0.03874988195005737,-0.21610783930768646,-0.21182028572471284,-0.1674372717223489,-0.19221524553806837,-0.07624152742889309,-0.1755796145322505,0,-1.2212820385676062,24
40,78,-0.14548738410086115,-0.034131636503669155,-0.2153142175218934,-0.21221847623679949,-0.17967078610577303,-0.19570902266615234,-0.11501016946001366,-0.1755796145322505,0,-1.2212820385676062,24
1,48,-0.028187233750994863,0.21653657291697845,-0.18322752705209328,-0.21177608369310708,-0.129657664074817,-0.17971730392085902,0.038258687482518455,-0.1755796145322505,0,-1.2212820385676062,24
133,80,-0.13105393365399742,-0.0024188891528989834,-0.21097679985622464,-0.21192711505583586,-0.17513213247668585,-0.19689519223961413,-0.09303453484586682,-0.1755796145322505,0,-1.2212820385676062,24
94,83,-0.1290030921765334,-0.006169498595350133,-0.20958244095248815,-0.21214272791316346,-0.16481889843376013,-0.18881077924457998,-0.07606932656002512,-0.1755796145322505,0,-1.2212820385676062,24
55,81,-0.14705494953650886,-0.03959510607930277,-0.21519287251082983,-0.21217948539207776,-0.17830472547501827,-0.19717668755321638,-0.1049989085680583,-0.1755796145322505,0,-1.2212820385676062,24
16,50,-0.08988395004486188,0.08352997042331504,-0.19957873199646664,-0.2121759492295493,-0.15509635686386888,-0.19257247547446465,-0.025260273527077225,-0.1755796145322505,0,-1.2212820385676062,24
