LAB05/outputs/tables/q10_transformed_avocado.csv
Date,AveragePrice,Total Volume,4046,4225,4770,Total Bags,Small Bags,Large Bags,XLarge Bags,type,year,region
150,58,0.35167356117338183,0.11244506756786299,0.6043640486880517,0.7535025782702153,0.26725616339000563,0.37783478396939213,-0.07632760736810346,0.015175631504513815,0,-1.2212820385676062,25
111,58,0.3455607187896608,0.12128872217239281,0.6056458327081413,0.6844125695045672,0.2404708276353927,0.33818535688816925,-0.0648263437188638,0.03568103480582991,0,-1.2212820385676062,25
72,56,0.3887412653227713,0.1755439971436048,0.6358334916106432,0.8481178179061197,0.2673928475293328,0.3525796929240621,0.01189395973937643,-0.12857979904346528,0,-1.2212820385676062,25
33,53,0.4003224903387337,0.16932875344603807,0.7139462177096634,1.028066242768349,0.20094202803629918,0.26241721572717863,0.014165486363796432,-0.06151827334279679,0,-1.2212820385676062,25
160,58,0.28805944963767577,0.09869208983576405,0.5347484963998249,0.7342183950919697,0.14923346499017412,0.21796494573293926,-0.055744787160827716,-0.10515845606267925,0,-1.2212820385676062,25
122,59,0.30479687388327653,0.10231897940557858,0.5488124587579998,0.8795133577443504,0.17018854283769586,0.24386417643060518,-0.05170407184295106,-0.08506339821732267,0,-1.2212820385676062,25
83,55,0.435852512206466,0.1403010040212938,0.8363723213832518,1.3562747025630744,0.17735547631354107,0.2558180912307771,-0.05531647797758523,-0.13989425543106543,0,-1.2212820385676062,25
44,57,0.47846758954601415,0.21787643937407522,0.7915678498935366,1.911643079251352,0.2212684703804183,0.29523756703649123,-0.008842041769246568,0.004610649048872792,0,-1.2212820385676062,25
5,61,0.4810018952828341,0.2024429663112587,0.7417138612731179,2.215744774634278,0.277670136077161,0.33087823227621943,0.11299513527509028,-0.03454116829115491,0,-1.2212820385676062,25
138,66,0.38739260557272154,0.18107573795374896,0.5694856339845241,1.7554115103537054,0.2377186904620856,0.31473690716138963,0.0060568380710737755,-0.10621936297843135,0,-1.2212820385676062,25
99,58,0.5595927920763012,0.2075764002803214,1.0315217832827208,1.7938482942413743,0.23842883960021005,0.32344230117697986,-0.01459218170849947,-0.14904676778416812,0,-1.2212820385676062,25
60,66,0.4283002052445957,0.13917559588399808,0.6331217283492324,2.3740184773921116,0.28960850194964044,0.36640787546405834,0.05637773586780438,-0.08680030122856731,0,-1.2212820385676062,25
21,71,0.4005535432947764,0.13810211056609387,0.6442533039281743,1.592799866742534,0.26535763286247877,0.34356337283364946,0.029170654433817965,-0.10000087715685192,0,-1.2212820385676062,25
148,64,0.44592123265626993,0.1475563405292876,0.7570974537410009,2.34562420897146,0.19229280171240637,0.2702636764610717,-0.04316539276820174,-0.08403075200790389,0,-1.2212820385676062,25
109,66,0.46232619233545463,0.20721592088911645,0.687266759264587,1.7280498944482732,0.3257672567518023,0.3987407161312268,0.09204688523064285,0.07332994778305271,0,-1.2212820385676062,25
70,62,0.5687525897574646,0.2227624573141343,0.9544551440294706,1.4876345792598695,0.37848372336864394,0.49066235141032033,0.030792195536305165,-0.020192077257484974,0,-1.2212820385676062,25
31,61,0.6263826836805622,0.21462063036793894,0.966322388790879,2.714080153982245,0.4426049198873039,0.5583555815843392,0.08702887566959776,-0.07626131862275294,0,-1.2212820385676062,25
163,71,0.4877871144226491,0.17693680621968225,0.719209008393451,1.6202246682889354,0.42651147785655397,0.5867711021603801,-0.07170388491908913,0.01701370784443167,0,-1.2212820385676062,25
125,65,0.5545740292941289,0.22020097371974254,0.8231858617643806,1.7431860659237233,0.46454305886182173,0.6335793206726849,-0.05177387857460595,-0.11191785180347805,0,-1.2212820385676062,25
86,67,0.5712434809470192,0.2647858370257083,0.8807128564546498,1.858565093585309,0.382920948848941,0.5293994919036449,-0.07272106286742505,0.020788772996433936,0,-1.2212820385676062,25
47,68,0.5386108798849443,0.18850654323446114,0.8579892486922633,1.68519672273328,0.41312360102196505,0.5560043103593821,-0.025695141181878597,-0.0661123337643381,0,-1.2212820385676062,25
8,67,0.5505907293803435,0.18916050355549116,0.8841188633345558,1.7269518229262768,0.4177830294866253,0.5656080528974475,-0.034157905948333823,-0.09472008157141143,0,-1.2212820385676062,25
144,68,0.5252080739374521,0.18871947580759005,0.784161709831523,1.6444419843082039,0.4604956873717955,0.61218606549651,-0.002167895168241154,-0.11930350479662277,0,-1.2212820385676062,25
105,67,0.550333247786077,0.21835429058311004,0.7802668015683242,1.8185013957638214,0.4962556753232661,0.6739473890463272,-0.052022362665793236,-0.04323698762991143,0,-1.2212820385676062,25
66,66,0.559704179216277,0.18896961920758804,0.8660718927968616,1.702327103760966,0.4746576648924864,0.6432463875945235,-0.03970153601437633,-0.1222691833192393,0,-1.2212820385676062,25
27,66,0.6754912024342767,0.26876883428771386,1.0383846322223784,1.9554535273855633,0.5397971481093607,0.7176229067369218,-0.004850801921192254,-0.1085480451802953,0,-1.2212820385676062,25
154,67,0.574783470641796,0.1910747069114329,0.8546528131735014,1.7951835678235035,0.5285848913776247,0.7238174252764745,-0.06989157427513285,-0.09794971509118099,0,-1.2212820385676062,25
115,66,0.616419336096428,0.24409901262973793,0.8869086192726416,1.7938925893298887,0.5671302242588041,0.7613120810512336,-0.0360779394876448,0.003105483829561207,0,-1.2212820385676062,25
76,62,0.6724889357720605,0.2849373298807628,0.9875082427442506,1.7059171462395335,0.5978519009896722,0.8102845862800506,-0.055618044697952236,-0.08032294733697487,0,-1.2212820385676062,25
37,67,0.5987214116850087,0.3409666766767755,0.7660306424091506,1.648612515782891,0.5443233602370419,0.7178971247721349,0.007391855947332185,-0.03662454756204582,0,-1.2212820385676062,25
166,67,0.6337889888490843,0.34926782161614955,0.8986453502534146,1.720335383664797,0.4867461399636749,0.642750045043616,0.010068573142749608,-0.11377344978132255,0,-1.2212820385676062,25
129,67,0.6568522540289128,0.33745543554253943,0.9434422973724484,1.9440069692809294,0.5035929062857581,0.6665385969687047,0.0031527468647992636,-0.08259058641315889,0,-1.2212820385676062,25
90,71,0.5693911597477797,0.32048061840767283,0.7525222875549217,1.6822435617374705,0.480721188276226,0.6500337831900244,-0.040583404496362975,-0.05836550894425379,0,-1.2212820385676062,25
51,70,0.6098871363473621,0.3390850752859937,0.8345275632843884,1.5625750758719508,0.5115818508748804,0.6661032468560093,0.04092548498970304,-0.1397535171135256,0,-1.2212820385676062,25
12,60,0.741236434571597,0.39604709600237686,1.0483897364259434,3.1773704876487896,0.4614077092495241,0.592822273057851,0.05970890654390408,-0.10503297852655939,0,-1.2212820385676062,25
142,73,0.5353979630479856,0.32026457900323746,0.6898987774848484,1.5749924036475562,0.45010815921248626,0.61752627443953,-0.06254998022166909,-0.09094162513464915,0,-1.2212820385676062,25
103,71,0.5386972196138718,0.2856782024241421,0.6895728543027132,1.555597668861842,0.5085341697394836,0.6963820321413817,-0.07038190200505404,-0.05180393814778812,0,-1.2212820385676062,25
64,66,0.5729841601886906,0.294299066392848,0.8332599808910813,1.5154489170258536,0.44648467079074133,0.6070156597159037,-0.03931925910338778,-0.1699760816804837,0,-1.2212820385676062,25
25,72,0.48329437043772466,0.25657751756521613,0.6406959542150183,1.4964864315807898,0.41797002717931614,0.5705612794951874,-0.04684313767574132,-0.11827764115672397,0,-1.2212820385676062,25
157,71,0.48428847177785583,0.22409144590894686,0.7189177504687367,1.6770521029180527,0.3479415206189397,0.4889210849793985,-0.07754022776889416,-0.15546081769357395,0,-1.2212820385676062,25
119,64,0.5583889266316912,0.30693029619857964,0.8196239525815735,1.6260222067543502,0.38377503206404984,0.5068301052415101,-0.0024480238847000395,0.05124703185421177,0,-1.2212820385676062,25
80,72,0.46662431938436183,0.2194296336754596,0.6405814525609539,1.7438403490483974,0.38043068145176623,0.5305964366738376,-0.08073543313148872,-0.05799472847716089,0,-1.2212820385676062,25
41,74,0.4189621365968217,0.19975595250232395,0.5430343068178617,1.460849264789668,0.3886977802923739,0.5451076380275086,-0.0863383763746919,-0.1319032581082614,0,-1.2212820385676062,25
2,67,0.4888842257744137,0.25903227004136703,0.7110773645239308,1.489223246804236,0.34925712573950957,0.48467797601099233,-0.07102065614444222,0.006924635683443431,0,-1.2212820385676062,25
118,63,0.5414012946758184,0.26851694378919494,0.7590773432254652,2.53476265496062,0.34846259341091923,0.4741339099303507,-0.030966389725991115,-0.14498513906994617,0,-1.2212820385676062,25
79,70,0.4546714458058789,0.2697788943955118,0.5707440725233941,1.7090821978163249,0.36304835260216195,0.4472750300263199,0.10986010388904846,-0.14104333575057743,0,-1.2212820385676062,25
40,59,0.5453568368459845,0.3477165799542887,0.7698818578311201,1.2716399094361213,0.38517196830342854,0.4838613125930879,0.08735602042904442,-0.14050186061723138,0,-1.2212820385676062,25
1,52,0.815819844049604,0.470779606790432,1.2485390928128264,3.4004801025936224,0.3580468994562225,0.3782678155385124,0.29291823548964196,-0.033706347026069214,0,-1.2212820385676062,25
133,68,0.4720428446381724,0.2161560532780333,0.6498500238573826,1.3217221140421958,0.43828282138904834,0.523377993003142,0.18365614884097062,-0.17442940378448518,0,-1.2212820385676062,25
94,72,0.4286104833065666,0.1876157759623237,0.62310285438122,1.518575070814832,0.33400795162365565,0.39747075734139475,0.14705877080031357,-0.1723104160236143,0,-1.2212820385676062,25
55,70,0.430103746248862,0.2111623397581067,0.6124571322340919,1.5696416314005404,0.3164684664331441,0.3800404426166361,0.12964533197386927,-0.17478435825603142,0,-1.2212820385676062,25
16,63,0.5002622714041312,0.22312030419942303,0.8440815457539201,1.472336302649562,0.2746147588540973,0.3309918007054455,0.10923430273098905,-0.15778667382480457,0,-1.2212820385676062,25
