LAB05/outputs/tables/q10_transformed_avocado.csv
Date,AveragePrice,Total Volume,4046,4225,4770,Total Bags,Small Bags,Large Bags,XLarge Bags,type,year,region
150,49,-0.2105065859006641,-0.16878056694497748,-0.2378965813856311,-0.16835535789229583,-0.21185269153875588,-0.2125978837551824,-0.19346531161692085,-0.17539139822807073,0,-1.2212820385676062,26
111,52,-0.20943413104659614,-0.16261404437041774,-0.2389683308201482,-0.1719963955568001,-0.2143013960066205,-0.21259917034583684,-0.20337786751191497,-0.17515005179598434,0,-1.2212820385676062,26
72,44,-0.20189026202181196,-0.15013270138802093,-0.2358459329186015,-0.1553475840313457,-0.20952017872909234,-0.21326445833205507,-0.18253516786911836,-0.16797465845795936,0,-1.2212820385676062,26
33,53,-0.20838715795174487,-0.16204122531282172,-0.23710802567722825,-0.16184518962048733,-0.21474729252197006,-0.21341020492962812,-0.20307039816714495,-0.17004051609092363,0,-1.2212820385676062,26
160,48,-0.21159252002622675,-0.1706409818016592,-0.23731425655223545,-0.16196290660992166,-0.21467660816475567,-0.21674220668490252,-0.192234286505318,-0.17499518312527784,0,-1.2212820385676062,26
122,49,-0.20949435197232671,-0.16842306789830824,-0.23675308466820533,-0.15684049601671748,-0.21141748234409258,-0.2123913189452152,-0.19339685757002498,-0.1607873956232744,0,-1.2212820385676062,26
83,57,-0.21021658321119727,-0.1703602286031405,-0.23526966246293946,-0.15760309738305306,-0.2131899045154761,-0.2118425612271255,-0.20116758061567605,-0.1755796145322505,0,-1.2212820385676062,26
44,56,-0.20707923426858824,-0.1621011167987703,-0.23532109560601772,-0.16718926177008095,-0.21168987720454396,-0.20981178509498322,-0.20131485929262027,-0.1755796145322505,0,-1.2212820385676062,26
5,47,-0.20018403238120874,-0.15434090834534098,-0.22843179509834718,-0.16550428032526845,-0.20609318896728968,-0.21142636255240083,-0.1737517758243281,-0.1755796145322505,0,-1.2212820385676062,26
138,44,-0.20327023827480817,-0.16049346203715636,-0.22809258384436873,-0.1722077277963301,-0.20869245892364605,-0.210671803937545,-0.18656727519307398,-0.1755796145322505,0,-1.2212820385676062,26
99,44,-0.19342857477789702,-0.1414286012187406,-0.2209788311931759,-0.1562637292969435,-0.20910557355305756,-0.212017550958115,-0.1841212932251876,-0.1755796145322505,0,-1.2212820385676062,26
60,49,-0.19776984418255078,-0.1655295802469759,-0.21570393175392114,-0.14731388805122156,-0.20081014418683565,-0.21228867313456584,-0.14975744366435628,-0.1755796145322505,0,-1.2212820385676062,26
21,49,-0.20071344198982502,-0.16971123288786227,-0.22012393478609568,-0.15332666714632923,-0.19970263762645948,-0.2089729279882897,-0.15560661652414842,-0.1730288031786068,0,-1.2212820385676062,26
148,57,-0.19982809853542327,-0.15781343662230546,-0.22399500757042565,-0.1491871236222204,-0.2075877408008303,-0.2100928783490059,-0.1840573891179357,-0.17302428146559348,0,-1.2212820385676062,26
109,48,-0.1890846239972166,-0.14584669716126847,-0.21815338847714616,-0.12612166601814442,-0.19496147245207246,-0.20775661734835052,-0.14263826377763328,-0.13886160922164661,0,-1.2212820385676062,26
70,58,-0.20154398228798423,-0.17121893147889364,-0.22428546821082923,-0.12147291508993692,-0.19906712735699877,-0.20131268784964054,-0.17754929481871182,-0.1581003676651042,0,-1.2212820385676062,26
31,50,-0.19536008054390225,-0.158123977455335,-0.21978787944917993,-0.12284513226479775,-0.1995505410322527,-0.2078543982380878,-0.15922357259842657,-0.16184943296727983,0,-1.2212820385676062,26
163,62,-0.20515435665563375,-0.1662047587237987,-0.2276265130295117,-0.1389047074447199,-0.21216244132274448,-0.21123255643309014,-0.1988797397932533,-0.1755796145322505,0,-1.2212820385676062,26
125,50,-0.19663482002698812,-0.1428702579045958,-0.22911169590429678,-0.11891617652494971,-0.21262378071229254,-0.2098225870956861,-0.20505716415456762,-0.1755796145322505,0,-1.2212820385676062,26
86,49,-0.19207852800936254,-0.13139771806771258,-0.22985145947390015,-0.08530820868371396,-0.21414284037704637,-0.2135301124982245,-0.20078788610286383,-0.16276338421009878,0,-1.2212820385676062,26
47,51,-0.19523475661902756,-0.14820388090463474,-0.2280516898032711,-0.1176554415266441,-0.20231161134552625,-0.20316395778151677,-0.18632227528990236,-0.13991008142661207,0,-1.2212820385676062,26
8,61,-0.20235901925218366,-0.16273182727025243,-0.2286307009237508,-0.12537907188716724,-0.20707621967496698,-0.2030003061306695,-0.20407445917236308,-0.1676185735581598,0,-1.2212820385676062,26
144,60,-0.20309573745029977,-0.16413385406974806,-0.229015207892625,-0.12127563444361217,-0.20783538447551783,-0.2040732289225688,-0.20345845473119475,-0.17318084577867995,0,-1.2212820385676062,26
105,51,-0.19238295105802244,-0.14198461334667364,-0.2290390599815836,-0.12350295155200047,-0.19845977523701225,-0.1974342201158797,-0.18715331561730766,-0.15538620942885403,0,-1.2212820385676062,26
66,62,-0.2020159797556927,-0.1598692577289445,-0.23064770565388226,-0.12184244407416128,-0.20746938937099155,-0.20432426152203,-0.20153448610894845,-0.16872187153341184,0,-1.2212820385676062,26
27,50,-0.18788343703297872,-0.13560599617384117,-0.22426059460134765,-0.11199851205019018,-0.19797284306054566,-0.1962864204282893,-0.18796615618613702,-0.16544249917049567,0,-1.2212820385676062,26
154,59,-0.19999195203849532,-0.1597897607935302,-0.22898539278142668,-0.1353243428846514,-0.20104429182373051,-0.19472336020499312,-0.20772117431133968,-0.13017200723828343,0,-1.2212820385676062,26
115,49,-0.1916579255126014,-0.1437066674870048,-0.23024672147592246,-0.13713541644067617,-0.19075228032558314,-0.1892088182282967,-0.18286887110012393,-0.13172804172899494,0,-1.2212820385676062,26
76,56,-0.19642427120015152,-0.1499016337741362,-0.230822443798621,-0.14730132536855467,-0.1976861916793306,-0.1919785396616238,-0.19924799797128473,-0.1755796145322505,0,-1.2212820385676062,26
37,49,-0.19145309270766186,-0.13021396000198676,-0.2365017490943352,-0.11475364794440586,-0.2021431491577828,-0.20255151382603243,-0.1860708398865136,-0.15981579253953554,0,-1.2212820385676062,26
166,57,-0.19818724118982864,-0.13891671624932792,-0.2381911945484857,-0.1023694484282775,-0.21384854360702915,-0.2116849270679849,-0.20464393945591056,-0.17100646703339584,0,-1.2212820385676062,26
129,51,-0.1898545408736758,-0.12023087303945466,-0.23736304038599002,-0.08013433762002976,-0.21207078791507547,-0.21457143340717416,-0.19017931241368294,-0.1496266774781274,0,-1.2212820385676062,26
90,60,-0.2030559974885396,-0.15192342993944435,-0.2383487246401874,-0.11154839578308032,-0.2130222028107037,-0.21035638819741795,-0.20506614106251383,-0.175152312652491,0,-1.2212820385676062,26
51,60,-0.19832832326625524,-0.14124726662202883,-0.2375865540594383,-0.0828857512378997,-0.2142145488513284,-0.21252149243507515,-0.20467009136125164,-0.15576659853610025,0,-1.2212820385676062,26
12,51,-0.181798167070992,-0.1053135055284005,-0.234206757901243,-0.0616111738406728,-0.20886505813875192,-0.21306215535363068,-0.17995404039667173,-0.1755796145322505,0,-1.2212820385676062,26
142,61,-0.19808802158987873,-0.1389088740695416,-0.237985005198703,-0.06657566685990854,-0.21766310591018959,-0.2153888473362937,-0.20840423912419762,-0.1755796145322505,0,-1.2212820385676062,26
103,64,-0.2055899354772436,-0.15927122037143088,-0.23881660595483303,-0.09735433245073954,-0.2134461974164875,-0.2141264338645705,-0.1952183500741637,-0.1755796145322505,0,-1.2212820385676062,26
64,53,-0.20042377809192963,-0.14334595093310468,-0.23710536806285962,-0.09400605182082857,-0.21823618559761487,-0.2249402417171067,-0.18150766032807722,-0.1755796145322505,0,-1.2212820385676062,26
25,59,-0.2014130321065007,-0.14920534781744502,-0.23826177912510804,-0.0809408618472452,-0.21419655075434726,-0.2152514769799605,-0.19481070007633172,-0.1755796145322505,0,-1.2212820385676062,26
157,60,-0.20250544091542796,-0.15034826646706603,-0.23822780318641384,-0.08151967581900935,-0.21653432610617035,-0.217988752205221,-0.19588919973374322,-0.1755796145322505,0,-1.2212820385676062,26
119,54,-0.19593845277372246,-0.13502787257729698,-0.23749068892613417,-0.09011394661680346,-0.21315253945216595,-0.21402094683289255,-0.1947222836816285,-0.17049946996177642,0,-1.2212820385676062,26
80,61,-0.2083685041457365,-0.16333987289350144,-0.2394618913336309,-0.10591091520053293,-0.21623718005995504,-0.21484506175500395,-0.20887251399350207,-0.11257180454803062,0,-1.2212820385676062,26
41,61,-0.20310253934261796,-0.14927060708572717,-0.23871264340274942,-0.11191159689751691,-0.21610389274456515,-0.21340793999399685,-0.2081597311063929,-0.1755796145322505,0,-1.2212820385676062,26
2,52,-0.19725792143119694,-0.1353476232283215,-0.23706063709101727,-0.11115504423024317,-0.21559518033580818,-0.21639120867198866,-0.19751078182667767,-0.16824426559637903,0,-1.2212820385676062,26
118,58,-0.2034138801097743,-0.15171563589137704,-0.23677778387174397,-0.08510897384230767,-0.21934084288179287,-0.2164728803745735,-0.21189146043295157,-0.17529757268304416,0,-1.2212820385676062,26
79,56,-0.20176688108107754,-0.1454287374381823,-0.23697378293143187,-0.10937914618568573,-0.21875345597473922,-0.21578341520564065,-0.21160522413985344,-0.1755796145322505,0,-1.2212820385676062,26
40,47,-0.1965844472220639,-0.1321965373629403,-0.23838372209940456,-0.12210933128815157,-0.21446956414094845,-0.20947030249211782,-0.2135962941242366,-0.1755796145322505,0,-1.2212820385676062,26
1,47,-0.18218663359459558,-0.10448902522955757,-0.23396036382908955,-0.04896241353327024,-0.21296194214007896,-0.21214852856713398,-0.19931022147019964,-0.1755796145322505,0,-1.2212820385676062,26
133,60,-0.20553023576931523,-0.15619525974245005,-0.23817442666282848,-0.10941320501424934,-0.21665255585873378,-0.2117664647507099,-0.21539823418504042,-0.1755796145322505,0,-1.2212820385676062,26
94,61,-0.2047747102955045,-0.1547818254173177,-0.23813138161510125,-0.09912436791005244,-0.21699349558430772,-0.21265486899958522,-0.2140592812258467,-0.1755796145322505,0,-1.2212820385676062,26
55,60,-0.20293088494644027,-0.14955940009961144,-0.2375705502379121,-0.10398138019980464,-0.21739089356565122,-0.21405084666362229,-0.21139613186846673,-0.1755796145322505,0,-1.2212820385676062,26
16,53,-0.19936038374065587,-0.1416198017835706,-0.23592223136611642,-0.10367196597856415,-0.21711777878132055,-0.21780044090016362,-0.1997324230768029,-0.1630505129864451,0,-1.2212820385676062,26
