LAB05/outputs/tables/q10_transformed_avocado.csv
Date,AveragePrice,Total Volume,4046,4225,4770,Total Bags,Small Bags,Large Bags,XLarge Bags,type,year,region
150,44,-0.19197601894595015,-0.1481772712502389,-0.22963361814611993,-0.2098901923825327,-0.17895296115952758,-0.17192867275648574,-0.1849213037840299,-0.17447744698525178,0,-1.2212820385676062,27
111,45,-0.1907387839793841,-0.14446487662339963,-0.22965467143494656,-0.2101598713037823,-0.17932706808241156,-0.16765098666424155,-0.19970147528913443,-0.17193511384350807,0,-1.2212820385676062,27
72,39,-0.18718286818509683,-0.137015952112778,-0.21920358632014256,-0.20846474665592765,-0.1893741128059295,-0.18445138124379304,-0.18866815858562125,-0.1755796145322505,0,-1.2212820385676062,27
33,47,-0.19263306900300628,-0.13846643915631596,-0.22722729782611603,-0.20951517304069836,-0.19668800201109732,-0.1881262058005312,-0.2069952744811128,-0.1755796145322505,0,-1.2212820385676062,27
160,43,-0.1954017953420017,-0.1552195645091794,-0.225549936212298,-0.20976009882424873,-0.18691639407991492,-0.1782763893978185,-0.19761916056918827,-0.1755796145322505,0,-1.2212820385676062,27
122,47,-0.19069883553050307,-0.1425897893013113,-0.22949499864166018,-0.20892119079282526,-0.18192215031254078,-0.17208571722824303,-0.19638985705636963,-0.17522466006070422,0,-1.2212820385676062,27
83,51,-0.189625923163031,-0.14185320940271412,-0.2270659972440288,-0.2094221161320546,-0.18202090156127276,-0.1689932625704418,-0.20622170276074223,-0.1755796145322505,0,-1.2212820385676062,27
44,49,-0.18906605995649636,-0.13497938861698514,-0.22722771307836115,-0.20609635527403541,-0.18904196426350073,-0.17823034017397846,-0.20635270823013097,-0.1755796145322505,0,-1.2212820385676062,27
5,50,-0.1870320190661886,-0.12911502712689296,-0.23178954966737253,-0.20801258313682763,-0.18366273359687033,-0.17661258644588265,-0.18960556912362217,-0.1748810098716913,0,-1.2212820385676062,27
138,54,-0.19095782865639588,-0.13856021328597828,-0.2305795544554162,-0.2065207878343596,-0.18693494986440815,-0.17454153734585925,-0.20911734993488468,-0.1755796145322505,0,-1.2212820385676062,27
99,55,-0.18650359687574197,-0.13290154300138982,-0.2299779370027132,-0.2031986561957775,-0.17969199851077838,-0.166364972295201,-0.20484573542768805,-0.1755796145322505,0,-1.2212820385676062,27
60,53,-0.1832562854551497,-0.1243037154358062,-0.23173447060958227,-0.20178642455019985,-0.17735799515449163,-0.16855460216720844,-0.18873862116443202,-0.17523144263022425,0,-1.2212820385676062,27
21,53,-0.18189220924077376,-0.12633881642831235,-0.22801728200224197,-0.20163790572400442,-0.17452565237717277,-0.16388974610188034,-0.19153113637331098,-0.1755796145322505,0,-1.2212820385676062,27
148,59,-0.18843053619466943,-0.1339807202239776,-0.23049666180224904,-0.1984344216439431,-0.1849412170086808,-0.17299165127478508,-0.205797984507591,-0.1755796145322505,0,-1.2212820385676062,27
109,53,-0.18144939417867728,-0.12490922341821709,-0.22503958289802337,-0.19756889933664754,-0.17888757990356458,-0.16791768618531774,-0.19686985519358557,-0.17523426870085757,0,-1.2212820385676062,27
70,55,-0.18267749914674217,-0.12055652904158844,-0.23008962324655569,-0.1965941282186042,-0.18271151135692812,-0.17135674300463014,-0.20178473278936718,-0.1755796145322505,0,-1.2212820385676062,27
31,52,-0.1744022254497694,-0.10888562632648167,-0.23016965896427655,-0.19202680208546,-0.16910327697665237,-0.157502131748274,-0.18914770582791748,-0.1755796145322505,0,-1.2212820385676062,27
163,56,-0.17846963543855102,-0.11728204742592063,-0.23288013494372745,-0.19005287893930864,-0.16948248420532874,-0.15290412478903276,-0.20479339062655866,-0.17489627065311128,0,-1.2212820385676062,27
125,57,-0.17665900008086646,-0.11127717494437521,-0.22960691742675987,-0.18567771532251381,-0.1753172644511544,-0.16138239534815668,-0.20247439706423123,-0.174554881320605,0,-1.2212820385676062,27
86,57,-0.17301110092711594,-0.11209881719629952,-0.23127300909464588,-0.14362269271295833,-0.1640377607452329,-0.14637487824755038,-0.20287667731347436,-0.17318819356232662,0,-1.2212820385676062,27
47,53,-0.16742073885089698,-0.09570304859248825,-0.23672130956641016,-0.10150374000716464,-0.16342915129340094,-0.14857749464397602,-0.19350613810237488,-0.1755796145322505,0,-1.2212820385676062,27
8,57,-0.17431066485585683,-0.1070017877009423,-0.23846198053751635,-0.10307668093397004,-0.1707669805024969,-0.15547435766099205,-0.2021743879808595,-0.17421349198809877,0,-1.2212820385676062,27
144,56,-0.1713311956811762,-0.09592115921779462,-0.23645382898525047,-0.09767119122467155,-0.17758690052877285,-0.1616612638725061,-0.21072224891579122,-0.1755796145322505,0,-1.2212820385676062,27
105,51,-0.17144726799006255,-0.09956112435753504,-0.2377101995679397,-0.10347273113715787,-0.1711585278348499,-0.1601433415380031,-0.18940266640976916,-0.17523822519974422,0,-1.2212820385676062,27
66,58,-0.17684786045582432,-0.11360302949571216,-0.23593412419041615,-0.10252457429498664,-0.17433100929567988,-0.1601392271283061,-0.20224017764868454,-0.17523765998561755,0,-1.2212820385676062,27
27,54,-0.1601767901320929,-0.08520678108476722,-0.23748518268136412,-0.0724820819084364,-0.15375541245070412,-0.1354100568169495,-0.19469756644194094,-0.1752370947714909,0,-1.2212820385676062,27
154,56,-0.17068282969183496,-0.1026241833358997,-0.2362096025298165,-0.13734907510292224,-0.1626937237013193,-0.14350080895135398,-0.206159930156747,-0.17420670941857877,0,-1.2212820385676062,27
115,46,-0.1612616268046166,-0.08742764371096122,-0.23781557397765668,-0.145894584080587,-0.14630301394707868,-0.1277429548614767,-0.18799620218396618,-0.1755796145322505,0,-1.2212820385676062,27
76,55,-0.17037856879982463,-0.10034861518135776,-0.23605770325855835,-0.2100389903794541,-0.15681194560788378,-0.1361964585505027,-0.20462364918452527,-0.1755796145322505,0,-1.2212820385676062,27
37,52,-0.16267326124778506,-0.08419709253185839,-0.23784431773806264,-0.20977117259637734,-0.1483944942140162,-0.12974025283263163,-0.19034229043192127,-0.1755796145322505,0,-1.2212820385676062,27
166,57,-0.17528858238323095,-0.10130955889499006,-0.23803722732104696,-0.20957100718588462,-0.1704070591219659,-0.154234070868128,-0.20441377809464095,-0.1755796145322505,0,-1.2212820385676062,27
129,56,-0.16951359337886948,-0.09262554640598895,-0.23643759262246702,-0.21035268521849218,-0.1631909274677813,-0.14817087838922974,-0.1937867587042007,-0.1755796145322505,0,-1.2212820385676062,27
90,49,-0.17178197379302793,-0.09517993093037252,-0.23710351603784643,-0.21010143156515404,-0.167072158778069,-0.15047075299793927,-0.2024425474867234,-0.1755796145322505,0,-1.2212820385676062,27
51,58,-0.17210387211633238,-0.09212050054124366,-0.23851642010684915,-0.20955239580415588,-0.17045827511512182,-0.15414760125456095,-0.20488529120927756,-0.1755796145322505,0,-1.2212820385676062,27
12,46,-0.15694111634676103,-0.06988304320099656,-0.2342194147896737,-0.20975200287319673,-0.15110962121606636,-0.1354496998914894,-0.18385575710794724,-0.1755796145322505,0,-1.2212820385676062,27
142,49,-0.1693680519945799,-0.08969856347667825,-0.237490622485775,-0.20985948360268028,-0.1652036115591468,-0.1467075155396665,-0.20639886347372663,-0.1755796145322505,0,-1.2212820385676062,27
103,46,-0.17002048927408692,-0.09491027694598687,-0.23501866739591032,-0.20906747625321326,-0.16390789053332622,-0.1448451621653817,-0.20685693172166755,-0.1755796145322505,0,-1.2212820385676062,27
64,50,-0.17806364441417707,-0.09878462997734413,-0.2391846440196665,-0.20980364945749402,-0.18193686312308704,-0.1720167372063848,-0.19663457002641055,-0.1755796145322505,0,-1.2212820385676062,27
25,52,-0.1774521922278465,-0.09969947716846243,-0.23867679882895224,-0.21021309985552655,-0.17919773527847105,-0.16704171897943532,-0.20155207101081568,-0.16490328489365627,0,-1.2212820385676062,27
157,50,-0.17763554506802823,-0.10395537754377719,-0.23726009104938442,-0.21181600510691526,-0.17593604409525235,-0.16032861059224218,-0.2081245613026584,-0.1755796145322505,0,-1.2212820385676062,27
119,43,-0.16451659143993724,-0.07643222778418095,-0.23766436402512542,-0.2108718497118157,-0.1649085847254774,-0.15220380401145306,-0.18839561310190228,-0.1755796145322505,0,-1.2212820385676062,27
80,62,-0.1786467336651068,-0.10539920822100458,-0.23569008044597003,-0.21082774073711855,-0.17964957370076765,-0.16597340647071443,-0.20587184929352295,-0.1755796145322505,0,-1.2212820385676062,27
41,59,-0.17442560206819624,-0.10277108190927568,-0.23484602212248692,-0.2100281957780514,-0.1693569233969246,-0.15125371042109464,-0.20928409907426937,-0.1755796145322505,0,-1.2212820385676062,27
2,61,-0.1812366504457627,-0.12180991807461033,-0.23164840542926252,-0.20895850661319143,-0.17280801539902255,-0.16009215935353127,-0.19620257170291622,-0.1755796145322505,0,-1.2212820385676062,27
118,45,-0.17213782366483413,-0.0902921342700999,-0.23614131845063197,-0.20931156452458582,-0.17584833505925976,-0.1599137521161159,-0.20903885322841428,-0.1755796145322505,0,-1.2212820385676062,27
79,55,-0.1796970773017454,-0.10887331758260338,-0.2352743298981744,-0.21018481055529883,-0.17944922192710552,-0.16313761324648757,-0.21373529273083777,-0.1755796145322505,0,-1.2212820385676062,27
40,46,-0.17622336913747638,-0.09751516921901425,-0.23794472573092815,-0.21065353820413746,-0.17854221923698568,-0.16196187041812113,-0.21366474817113248,-0.1755796145322505,0,-1.2212820385676062,27
1,34,-0.1398404612061446,-0.01733883383190709,-0.2352766968359715,-0.20857232044231983,-0.15746063758217574,-0.14170106965558518,-0.1904099656603195,-0.1755796145322505,0,-1.2212820385676062,27
133,47,-0.1677151342481742,-0.08238199156079669,-0.23452000758485778,-0.20925908042811076,-0.1724923439876328,-0.15560877958040883,-0.20863903240600573,-0.1755796145322505,0,-1.2212820385676062,27
94,56,-0.1688102533896727,-0.08934496180363262,-0.22580681955616266,-0.21055145477535525,-0.1778934562842831,-0.1620195391638091,-0.21086571548114186,-0.1755796145322505,0,-1.2212820385676062,27
55,50,-0.17704369067105885,-0.1007967736209597,-0.23625695789584789,-0.2103848829088829,-0.17929555366809194,-0.16430938908700282,-0.2095301647290693,-0.1755796145322505,0,-1.2212820385676062,27
16,47,-0.18181597245024464,-0.11433155376809738,-0.23342894061589853,-0.210505019377942,-0.18208625239791695,-0.1712404807762213,-0.199612689980406,-0.1755796145322505,0,-1.2212820385676062,27
