LAB05/outputs/tables/q10_transformed_avocado.csv
Date,AveragePrice,Total Volume,4046,4225,4770,Total Bags,Small Bags,Large Bags,XLarge Bags,type,year,region
150,70,0.08085594922937228,-0.22079628296419446,0.47957401364363944,-0.20421483763816728,0.0030697938915646454,0.03521546485882813,-0.08258279060783781,-0.17532865946001078,0,-1.2212820385676062,28
111,76,0.08359869286093008,-0.2205692708323968,0.4752579482484139,-0.20505932908410937,0.01774451945064545,0.04076952929219058,-0.040228714156369,-0.1755796145322505,0,-1.2212820385676062,28
72,65,0.11703114028392589,-0.21899448682033068,0.5650336897496564,-0.19711143157375483,0.022320953873733566,0.05394558459620459,-0.062027720933345604,-0.1755796145322505,0,-1.2212820385676062,28
33,73,0.06322010764949897,-0.2192002491746429,0.49211835210582044,-0.2042330767922615,-0.07604673766699113,-0.06104799841742767,-0.10797120787854525,-0.1755796145322505,0,-1.2212820385676062,28
160,69,0.04300788936920809,-0.22084275104159756,0.4313781521530457,-0.20450331405496294,-0.0705293424541833,-0.05720761912783254,-0.09741284748723711,-0.1755796145322505,0,-1.2212820385676062,28
122,67,0.0756226531998313,-0.2197737085715158,0.5067651126849503,-0.20111315781616226,-0.05010338837836112,-0.03422047916059886,-0.08517605125266842,-0.1751800081446976,0,-1.2212820385676062,28
83,57,0.1467370946999145,-0.21292372263664938,0.6746285488798783,-0.2038892315148228,-0.014511396185078443,0.0185825012901714,-0.10276476523152395,-0.1755796145322505,0,-1.2212820385676062,28
44,66,0.16088781634130594,-0.2157090640989933,0.6667618110275981,-0.2055250789118714,0.048395937694763094,0.02121466473936148,0.14349014246333494,-0.1755796145322505,0,-1.2212820385676062,28
5,59,0.3850861965285867,-0.2125063241986084,1.3469123995076382,-0.20112544132810325,-0.0015189299363353775,0.002053644348636217,0.0002498033910475223,-0.1747233151303515,0,-1.2212820385676062,28
138,76,0.05716075379489733,-0.2173773850780266,0.4111070905905878,-0.20750858691961305,-0.0003380114198220552,0.014146805783179072,-0.03190154578939371,-0.1755796145322505,0,-1.2212820385676062,28
99,50,0.29121418408964134,-0.21276244409852413,1.0823223393958483,-0.20162385413079922,-0.006807095302127681,-0.00045563629106909996,-0.013399523655516133,-0.17546204999390397,0,-1.2212820385676062,28
60,81,0.07199732277691422,-0.21988881943831848,0.4132001280067974,-0.205825838840608,0.05209797893752932,0.04290589967189864,0.0921123879653372,-0.1755796145322505,0,-1.2212820385676062,28
21,79,0.14255864215403735,-0.21612236752783137,0.635845899347727,-0.20250640585237661,0.022159254914545852,0.03472645319425387,-0.0038990037362089977,-0.1755796145322505,0,-1.2212820385676062,28
148,69,0.10147021754832185,-0.21942272359354004,0.5364711952537632,-0.2033864450374206,0.0039364098660361075,0.005063918028385253,0.013158310084587828,-0.1755796145322505,0,-1.2212820385676062,28
109,71,0.09890586360520744,-0.2189091398717693,0.5131424902248597,-0.20508482667707778,0.022965498680890158,0.04305093596421454,-0.026100454724217712,-0.1755796145322505,0,-1.2212820385676062,28
70,69,0.1820471394899,-0.2154085631533918,0.7583349303465381,-0.2029524276155061,0.01002101383773284,-0.0012288906763722395,0.05697299914266768,-0.17517492121755765,0,-1.2212820385676062,28
31,75,0.1419685946454488,-0.2159082965737657,0.647414677405446,-0.20048446534136505,0.0054736602834570824,0.02548452407179117,-0.04311366282378103,-0.17517661685993763,0,-1.2212820385676062,28
163,75,0.11595274644256781,-0.21690917848526128,0.5707238497390575,-0.1982964182484244,0.009051935457630748,0.03539470301937453,-0.05929398602581313,-0.17055712180269636,0,-1.2212820385676062,28
125,63,0.181650226342247,-0.21377766644765314,0.770320455557441,-0.20488577794948878,-0.007883381501599677,0.02017672113087972,-0.0808902950411729,-0.17497879191560453,0,-1.2212820385676062,28
86,67,0.19845002588049382,-0.21609081698395322,0.8272253774694135,-0.19645975404252258,-0.016482578185771403,0.008576350720958546,-0.08013734151576563,-0.175467136921044,0,-1.2212820385676062,28
47,63,0.2065386427955501,-0.21319514743582546,0.826707890121568,-0.20345567937745154,0.009521518482584809,0.04894561187135342,-0.09847736940213872,-0.1755796145322505,0,-1.2212820385676062,28
8,67,0.176078547028581,-0.2144265910141228,0.7384101310211804,-0.200156905022939,0.011883081741741863,0.046235502471681934,-0.08064168797864389,-0.1755796145322505,0,-1.2212820385676062,28
144,81,0.104558369321716,-0.21643483728411478,0.5112271724645087,-0.20024028401308386,0.04139593530094629,0.06926161541415632,-0.03176094855535012,-0.1755796145322505,0,-1.2212820385676062,28
105,90,0.1161954399295253,-0.2151832585929992,0.5221061833229347,-0.1909117942060905,0.06624155277032116,0.09969345137946294,-0.02441271404943301,-0.1753817895879174,0,-1.2212820385676062,28
66,80,0.14120318051166936,-0.21365678462193513,0.5488775370898521,-0.16480002564065252,0.11632293575275716,0.16619118419777543,-0.02785595260829515,-0.14072172891250448,0,-1.2212820385676062,28
27,71,0.23633799365037664,-0.2127038570073989,0.8268686259606018,-0.1616314379013326,0.10848682796126684,0.12961934897189784,0.05446598239883649,-0.17027790602412335,0,-1.2212820385676062,28
154,89,0.12571351404092937,-0.21763116497268356,0.5164545421317891,-0.18138890851694037,0.1085735027404188,0.11291933526736445,0.1061080433006573,-0.1732300194076999,0,-1.2212820385676062,28
115,81,0.23639604573091938,-0.2168437057705535,0.8446959945009966,-0.16452811335359546,0.09254991360550152,0.14141219870451727,-0.04587059832445307,-0.1724551108400408,0,-1.2212820385676062,28
76,85,0.1483993827841412,-0.21332553158019585,0.5288573460187498,-0.17952265221408983,0.1671443700637387,0.18881562621833148,0.11044003673664296,-0.16893269640265826,0,-1.2212820385676062,28
37,85,0.2549383719383809,-0.21208151047363238,0.8743121998738799,-0.19173627841667418,0.11817755092365001,0.15378128022649315,0.019813929003439375,-0.17128342195546217,0,-1.2212820385676062,28
166,96,0.18606744007632978,-0.21190457129220408,0.6498769820331346,-0.19980077623355938,0.15167941143979713,0.18755437871938888,0.05221945994723467,-0.1749940526970245,0,-1.2212820385676062,28
129,90,0.19238109030529585,-0.21444782498076193,0.6714964340757962,-0.19649623235071095,0.15029448069158777,0.18812163117813607,0.04488590002143057,-0.17499461791115117,0,-1.2212820385676062,28
90,96,0.11724755860234566,-0.21434937874600513,0.4784191639298326,-0.19719955646624046,0.12287958671423413,0.1591339262125061,0.022762412864078128,-0.1755796145322505,0,-1.2212820385676062,28
51,75,0.36715447987200883,-0.20971064244275592,1.1766135172002348,-0.16982156254488687,0.1366132500858657,0.1806328426461768,0.012526114416758488,-0.1755796145322505,0,-1.2212820385676062,28
12,85,0.23989320869628547,-0.21309938904494707,0.8494529581199813,-0.17016131331834522,0.09479936139518227,0.10117634092260445,0.08401870118585826,-0.14119594356477724,0,-1.2212820385676062,28
142,97,0.1288408700800093,-0.215508226823317,0.5290827781575704,-0.18817629331959865,0.10212321799715714,0.0860168989088866,0.1604752721065368,-0.14786829633006945,0,-1.2212820385676062,28
103,95,0.13953307995171912,-0.2156251243157565,0.5248713978533349,-0.19051434814927304,0.1451107955462426,0.1294495860154419,0.20342358707168792,-0.1755796145322505,0,-1.2212820385676062,28
64,96,0.06768991515547407,-0.21667196835757216,0.3899398565478866,-0.19535777413036326,0.06014682930522316,0.07622421517242256,0.022744950933552586,-0.1755796145322505,0,-1.2212820385676062,28
25,94,0.11399625696991238,-0.215760259619453,0.5103530997087496,-0.19382568518645246,0.07394775993058596,0.09372718206319901,0.022212689976101787,-0.13711340192786867,0,-1.2212820385676062,28
157,89,0.09647487192373874,-0.21441719146597168,0.4874373630375996,-0.19566904948977662,0.03904917611029201,0.046457680595320176,0.02849882100350462,-0.1755796145322505,0,-1.2212820385676062,28
119,86,0.0990569791243256,-0.21367971034913297,0.4898633829241112,-0.1971783394910697,0.04434756236721505,0.05518266831441856,0.0232320814085888,-0.1755796145322505,0,-1.2212820385676062,28
80,98,0.07154987466768743,-0.21377584820032366,0.37730363937395445,-0.19463881645418157,0.08529810009031599,0.10245510481722783,0.04419189075915876,-0.1755796145322505,0,-1.2212820385676062,28
41,89,0.0806989758012887,-0.20642798661952863,0.3823502746540769,-0.1929047009616052,0.10156059241564033,0.11986939076674993,0.056671473412747926,-0.1755796145322505,0,-1.2212820385676062,28
2,71,0.14115906521602548,-0.21588802706875357,0.6064489056350328,-0.18602360785194264,0.05105303477623685,0.06211117342034219,0.029148150678281547,-0.1755796145322505,0,-1.2212820385676062,28
118,86,0.06901312789416068,-0.2168395870450811,0.38438496082480483,-0.18569260442789678,0.07072426527205902,0.0953445605356872,0.007024417578245623,-0.1755796145322505,0,-1.2212820385676062,28
79,89,0.0425424997849692,-0.21792572894548312,0.3264270505747489,-0.18779094466090482,0.05041510110104177,0.0787445122446065,-0.024304376297369666,-0.1755796145322505,0,-1.2212820385676062,28
40,64,0.2339876198846297,-0.21046353913477941,0.8436361461958243,-0.18465632269323992,0.07942007371287091,0.08980643106365946,0.05911614368632255,-0.1755796145322505,0,-1.2212820385676062,28
1,89,0.16885114118368658,-0.2137512228071439,0.6555796577252031,-0.18227806727903145,0.08488949765986595,0.08174104888872218,0.1058947700036518,-0.1755796145322505,0,-1.2212820385676062,28
133,89,0.07303542937781989,-0.21732524881220944,0.39280972294909733,-0.18290908617654475,0.0748429295056765,0.09066930452923579,0.03797372189328486,-0.1755796145322505,0,-1.2212820385676062,28
94,90,0.05607045302241438,-0.2166582919754852,0.37717746082675785,-0.18425608492916312,0.03381333197290685,0.03985666641889493,0.027522141617044842,-0.1755796145322505,0,-1.2212820385676062,28
55,87,0.04852590351883289,-0.21908111444744582,0.3482937604142337,-0.19099014812316853,0.04650039840025562,0.052986953940774524,0.03865067912950358,-0.1755796145322505,0,-1.2212820385676062,28
16,62,0.15991141324121255,-0.2129463479577667,0.6915842365174458,-0.19512792356601316,0.009994254976925408,-0.004706344185527996,0.06753008883011129,-0.1755796145322505,0,-1.2212820385676062,28
