LAB05/outputs/tables/q10_transformed_avocado.csv
Date,AveragePrice,Total Volume,4046,4225,4770,Total Bags,Small Bags,Large Bags,XLarge Bags,type,year,region
150,73,0.6676557352144202,-0.17636041316874515,1.6759589595397384,0.121147197434963,0.5047441659664011,0.68071669196075,-0.03292774163612311,-0.11885133349528997,0,-1.2212820385676062,29
111,73,0.6774314183288869,-0.174260748585196,1.6905249784723309,-0.07379492877558251,0.5397403755206298,0.7071176126017309,0.02658300948025967,-0.10210177806566949,0,-1.2212820385676062,29
72,62,0.8240764755231862,-0.16755807230571046,2.1237488839643404,-0.16865025523578794,0.5260584858296664,0.7029517660825209,-0.010670830572994571,-0.17538122437379072,0,-1.2212820385676062,29
33,67,0.6856476959619641,-0.16408801052077557,1.8653398203007066,-0.18144530100357847,0.35375903283143645,0.4897315030718346,-0.05507844645044493,-0.17508166088665775,0,-1.2212820385676062,29
160,75,0.5047520965693635,-0.17535551530227836,1.386260597682483,-0.18438738822725945,0.3200019643699833,0.4442128906608138,-0.052286382136485635,-0.1755796145322505,0,-1.2212820385676062,29
122,69,0.629970831004604,-0.169177221552616,1.678657409814171,-0.1746928125416616,0.39250981779207045,0.535683468699639,-0.038958379205860094,-0.1752766597603575,0,-1.2212820385676062,29
83,62,0.7784394265928459,-0.16108558613813762,2.02955298163507,-0.1809622425908087,0.4742954113641776,0.6384012212097704,-0.02248067030907979,-0.1755796145322505,0,-1.2212820385676062,29
44,63,0.9715301268505195,-0.1633444501335178,2.522947028797779,-0.17074031340392667,0.5498352596929122,0.621444144012083,0.33475607824853204,-0.1755796145322505,0,-1.2212820385676062,29
5,62,1.1440664351320937,-0.1562528112231398,3.010983973186793,-0.1685304909943634,0.5488196904538478,0.6903346540059443,0.11986763465030473,-0.17449157733841844,0,-1.2212820385676062,29
138,68,0.7111640958928896,-0.16135081308554713,1.7800201257265134,-0.18123620212985594,0.5437450180074571,0.6858036435746356,0.11329022550479284,-0.1755796145322505,0,-1.2212820385676062,29
99,52,1.1628841525566347,-0.1576650834510659,3.0979707643393057,-0.16209132514385005,0.5096202002607577,0.6419818968149728,0.10936247985951804,-0.17548126727421062,0,-1.2212820385676062,29
60,76,0.7115157644396608,-0.16177003767634077,1.7339804199933846,-0.17192036806243816,0.6007097655754993,0.7226629916058223,0.23082984108882817,-0.1754818324883373,0,-1.2212820385676062,29
21,74,0.7918280872683183,-0.15284479910467932,1.9804260000352853,-0.16196942059352673,0.568519302174149,0.7161662984882943,0.12057603155955883,-0.1755796145322505,0,-1.2212820385676062,29
148,66,0.8363891399591907,-0.16342845316013999,2.21744636732886,-0.16800388194834842,0.4494098938882558,0.5458572513095363,0.1599676054174318,-0.1755796145322505,0,-1.2212820385676062,29
109,74,0.7192655058093345,-0.16349375986096112,1.8245843405722577,-0.17258414299179406,0.5195105347933779,0.6576200577680293,0.10152182711087034,-0.1755796145322505,0,-1.2212820385676062,29
70,67,0.9713908864103271,-0.1558702598904395,2.5489431398432716,-0.16957710204587972,0.5078951713881291,0.6114114977165804,0.19587158905252564,-0.1752325730584776,0,-1.2212820385676062,29
31,71,0.9374442981646638,-0.1531255206815053,2.4353321686245506,-0.1502541141367297,0.5221073103655893,0.6787831874428777,0.04688926713998668,-0.17003712480616362,0,-1.2212820385676062,29
163,73,0.8615505847755369,-0.1579348876384918,2.2309158047426787,-0.10947806567957404,0.5076497787430359,0.6651922066528074,0.02652246658968169,-0.1219119679911864,0,-1.2212820385676062,29
125,66,0.9542851638744119,-0.14633042209971978,2.4888359836331095,-0.14584154164266008,0.5065591447648436,0.6701114056081348,0.006681532487057632,-0.11658312920497928,0,-1.2212820385676062,29
86,70,0.9760647043553761,-0.1548423177154273,2.5640902129373897,-0.13680059768337594,0.500878347110993,0.664473632370318,0.00518132310840981,-0.17479057561142475,0,-1.2212820385676062,29
47,63,1.1396398626428075,-0.1483171893349543,2.989523072756356,-0.12770354040817963,0.5448939151210033,0.7235502968918468,0.002485217431446418,-0.1755796145322505,0,-1.2212820385676062,29
8,72,0.9567284765655927,-0.14880868530438335,2.449108975750193,-0.1034172692196062,0.5621743595320348,0.7514961582710739,-0.013143825245614093,-0.1754066590094907,0,-1.2212820385676062,29
144,81,0.8417322044578663,-0.15061876633173105,2.04469475611054,-0.07421256818157568,0.6523852932413625,0.8490308535258302,0.05304910659943373,-0.17299149904624686,0,-1.2212820385676062,29
105,80,0.9609429655311803,-0.1465715691281484,2.294496570898249,0.12689895190132494,0.7377358991646283,0.9623919540287705,0.05126380866021056,-0.1716168982901951,0,-1.2212820385676062,29
66,73,1.0434476057227347,-0.14448384173358847,2.2894256599718785,0.4862823136038865,0.9909979307841668,1.2951806081745925,0.0527527866563138,-0.10974177741581391,0,-1.2212820385676062,29
27,77,1.1596023828480109,-0.13503887692635194,2.519032146901591,0.6498940398122524,1.0874668890019057,1.375641937199281,0.19815574073469655,-0.13066035224372285,0,-1.2212820385676062,29
154,83,0.9411712255198396,-0.14832266779321227,1.9727099489177073,0.4640647905513725,1.026883013114486,1.2697168750114678,0.2772427096454078,-0.13099439379258246,0,-1.2212820385676062,29
115,80,1.0591811702726859,-0.14715860213660706,2.4157634564044126,0.506757159928229,0.8930442157535539,1.1667447796113375,0.049827831312392594,-0.1129329763749702,0,-1.2212820385676062,29
76,73,1.0746079605025587,-0.14254660197452446,2.2347208524200375,0.316275716633522,1.1829425145026529,1.478857292047002,0.262456922449031,-0.048269654213745565,0,-1.2212820385676062,29
37,80,1.1209898702113468,-0.14500172600556455,2.592374671140053,-0.1468515813290794,0.9623061047802635,1.2298825809355856,0.13675582188577678,-0.1135281468503495,0,-1.2212820385676062,29
166,87,1.0072811450663672,-0.13987873510051158,2.2083292053060406,-0.16146393546577387,1.0280389472304574,1.302535068601037,0.17841699581704937,-0.087931294696026,0,-1.2212820385676062,29
129,79,1.1034798448176057,-0.14275808785521296,2.422911866007982,-0.14018935806854696,1.1042872513552344,1.3733761304389422,0.2721043931217044,-0.11716925625433192,0,-1.2212820385676062,29
90,86,0.9393601036922062,-0.14146174075267623,2.0226410249649067,-0.16049037408754285,1.0188326823399416,1.3062613433819665,0.1355326669400446,-0.16693240360838724,0,-1.2212820385676062,29
51,74,1.345902006056904,-0.12526305434853469,3.1962367283287585,-0.11742773127119284,0.9840963146072559,1.2572413281128374,0.14566603837433698,-0.1755796145322505,0,-1.2212820385676062,29
12,77,1.084905993620077,-0.12929232995778714,2.550319941882085,-0.08702836563999379,0.860627848350715,1.0355046122849594,0.3208636368593699,-0.12227653110288597,0,-1.2212820385676062,29
142,89,0.8095438054763726,-0.1439400039573398,1.825108189584498,-0.14702550469133457,0.8071350604374958,0.9648718843191715,0.3218478174976752,-0.13879943566771338,0,-1.2212820385676062,29
103,84,0.8500185453461716,-0.1439211416176522,1.8750554189440318,-0.15307708851734667,0.8885200619997813,1.0754880570628547,0.3151939201776079,-0.1755796145322505,0,-1.2212820385676062,29
64,86,0.6812227131869747,-0.15733434426183276,1.5007423777743163,-0.16315450032510495,0.7727517900181476,0.9889509913003873,0.11187261187733974,-0.1755796145322505,0,-1.2212820385676062,29
25,87,0.757829458320764,-0.15425117388691936,1.755931633664748,-0.15480980815629342,0.7245783878316251,0.9212259448116431,0.11963439900549183,-0.11167198365837833,0,-1.2212820385676062,29
157,79,0.7663010631811923,-0.15560964971016225,1.8670866951403546,-0.1594304558980905,0.620778353493573,0.7865418691470264,0.11657733145010635,-0.17541570243551735,0,-1.2212820385676062,29
119,75,0.7730715868746408,-0.1377468005795757,1.8531586946722711,-0.1619459702525485,0.6388543543502625,0.8041394540588479,0.135839357466317,-0.1755796145322505,0,-1.2212820385676062,29
80,87,0.6617577301217857,-0.14327039089842986,1.4840147881949832,-0.16106658246586503,0.7067474348677487,0.8868572620616305,0.15730457903139358,-0.1755796145322505,0,-1.2212820385676062,29
41,80,0.6950116575518875,-0.1418282203600685,1.5088452197481166,-0.13935054309403214,0.7886614689437769,0.9744766722121436,0.22045167470360047,-0.17548748462960392,0,-1.2212820385676062,29
2,68,0.8483721515092563,-0.16158617334421407,2.0721299902517916,-0.14444429215937407,0.6638602309310667,0.8414650169764504,0.1227650854041259,-0.1755796145322505,0,-1.2212820385676062,29
118,82,0.6346704173786609,-0.1586819026956756,1.4184366006051596,-0.14693886870938724,0.7101887217094066,0.9092461641785227,0.1027388744799633,-0.1755796145322505,0,-1.2212820385676062,29
79,82,0.6176581202381283,-0.16202340648899277,1.3810632009222539,-0.14020573608446826,0.6997985065102664,0.9138165630466374,0.04675727789986412,-0.1755796145322505,0,-1.2212820385676062,29
40,62,1.0442903859522812,-0.129672604528614,2.5411129109683808,-0.1453542026120927,0.7364874801796061,0.9216850030375437,0.17100133202541742,-0.17548691941547728,0,-1.2212820385676062,29
1,76,0.9984909081808612,-0.1260088282542805,2.370443166880877,-0.12700710250388975,0.777785700577291,0.9576461499681007,0.22796936371842028,-0.1755796145322505,0,-1.2212820385676062,29
133,80,0.6914411302852131,-0.15514125338724083,1.5231734071098497,-0.1388044851541106,0.7756812109816621,0.9671487611199331,0.19039780670858525,-0.1755796145322505,0,-1.2212820385676062,29
94,85,0.6417191903001377,-0.15906133138622303,1.4979226074039547,-0.14539347262754038,0.6381439922769063,0.8068462263640095,0.12468893105503047,-0.1755796145322505,0,-1.2212820385676062,29
55,81,0.6386020617125979,-0.15468136329965212,1.4745664209814706,-0.1481862965697568,0.6504310649410371,0.8228769046825576,0.12532952976454462,-0.1755796145322505,0,-1.2212820385676062,29
16,62,0.8422412344504182,-0.13152076597937962,2.130705247709595,-0.14199884965712478,0.5320465186038148,0.653716461310549,0.16413834243396339,-0.1755796145322505,0,-1.2212820385676062,29
