LAB05/outputs/tables/q10_transformed_avocado.csv
Date,AveragePrice,Total Volume,4046,4225,4770,Total Bags,Small Bags,Large Bags,XLarge Bags,type,year,region
150,74,-0.15811593548151856,-0.22957910533741827,-0.03727608810650087,-0.09972439885698738,-0.20283220756817727,-0.191101232257143,-0.22273425353767912,-0.1755796145322505,0,-1.2212820385676062,30
111,70,-0.16384649356390044,-0.22956739740570103,-0.052068328157179565,-0.17698405974628814,-0.19643548110562226,-0.18264652238937842,-0.22273425353767912,-0.1755796145322505,0,-1.2212820385676062,30
72,48,-0.12832416545005892,-0.2292875533308471,0.06139228852863502,-0.2114522456510268,-0.20717541707370868,-0.19684175852149702,-0.22273425353767912,-0.1755796145322505,0,-1.2212820385676062,30
33,64,-0.15856190391131805,-0.22901087142526186,-0.027947438115251057,-0.21166311260601356,-0.20431501754464515,-0.19306109848144537,-0.22273425353767912,-0.1755796145322505,0,-1.2212820385676062,30
160,78,-0.18270250891428244,-0.22934463839156977,-0.09399378108620197,-0.21171522447485405,-0.2077777702856323,-0.19763790349886035,-0.22273425353767912,-0.1755796145322505,0,-1.2212820385676062,30
122,61,-0.16691560351358903,-0.22944526652312192,-0.05368159143444375,-0.21122956046864227,-0.20163813776615153,-0.18952765147484957,-0.2227200298524858,-0.1755796145322505,0,-1.2212820385676062,30
83,60,-0.16320720255562565,-0.22958841002049135,-0.048085444553333564,-0.21169335610132278,-0.19525064863675137,-0.1813650914995443,-0.22186382139047328,-0.1755796145322505,0,-1.2212820385676062,30
44,49,-0.10462122124425854,-0.22977985565343967,0.13116537090856356,-0.21130772827190306,-0.20874579412934788,-0.1994653581016435,-0.22105819514035868,-0.1755796145322505,0,-1.2212820385676062,30
5,60,-0.1448937604590189,-0.22904937874153103,-0.01134140117310375,-0.21059016644935105,-0.17679511607865112,-0.1569554111320538,-0.22191444459281842,-0.1755796145322505,0,-1.2212820385676062,30
138,61,-0.15542794578007751,-0.2295805757461282,-0.022504594057987434,-0.21106699004924165,-0.19932026678862363,-0.18725161899920506,-0.22031126721069608,-0.1755796145322505,0,-1.2212820385676062,30
99,53,-0.12977675023855034,-0.22904723637185154,0.05505737468330969,-0.21074529231606018,-0.20491282813828846,-0.19553095047838656,-0.21759679781336783,-0.1755796145322505,0,-1.2212820385676062,30
60,72,-0.1656810528187041,-0.2287763254251816,-0.05282967653848335,-0.21063381013950497,-0.1992781258922554,-0.18654667453646098,-0.22229700843693767,-0.1755796145322505,0,-1.2212820385676062,30
21,65,-0.15996217291074502,-0.22849022816059883,-0.034722145613363384,-0.2102293848145392,-0.20177102963039648,-0.18999051586476956,-0.2218415635776203,-0.1755796145322505,0,-1.2212820385676062,30
148,51,-0.11352164936444975,-0.22944721125722217,0.10995075658469623,-0.21007146724057074,-0.21457268563182064,-0.20730092302093184,-0.22064829066792832,-0.1755796145322505,0,-1.2212820385676062,30
109,70,-0.15286567381251728,-0.22972774310389202,-0.020246776245876737,-0.20982505254648207,-0.1930510783901975,-0.17962663948567908,-0.21828908547685544,-0.1755796145322505,0,-1.2212820385676062,30
70,62,-0.143201337298864,-0.23024995164234302,0.004997545524994229,-0.2099595197794723,-0.18934604591441187,-0.17445561721371758,-0.21912709418029205,-0.1755796145322505,0,-1.2212820385676062,30
31,54,-0.09915769752019502,-0.22965381949181374,0.13431745934563502,-0.20902476313214577,-0.19387291712733448,-0.17937864913703622,-0.2223698894521358,-0.1755796145322505,0,-1.2212820385676062,30
163,66,-0.13190193474852896,-0.22939504336971228,0.03490644559535961,-0.20828458848079331,-0.18757402933394626,-0.17093412477861927,-0.22273425353767912,-0.1755796145322505,0,-1.2212820385676062,30
125,71,-0.13046146537828326,-0.22966932993207656,0.03569178725138534,-0.2068789638757294,-0.18329009694106368,-0.1652719465243261,-0.22273425353767912,-0.1755796145322505,0,-1.2212820385676062,30
86,76,-0.13844935116176338,-0.23000134189444033,0.0077325795222204915,-0.20532761215172934,-0.1768687511097931,-0.1567846966345931,-0.22273425353767912,-0.1755796145322505,0,-1.2212820385676062,30
47,56,-0.07859314179695356,-0.22964862562878993,0.18963606785105036,-0.20494626494010723,-0.1898521017026567,-0.17394957162495803,-0.2227206037187472,-0.1755796145322505,0,-1.2212820385676062,30
8,78,-0.12554431111098738,-0.22983383388285583,0.043149227575758856,-0.1973004301552103,-0.1760092228366117,-0.15564863708672447,-0.22273425353767912,-0.1755796145322505,0,-1.2212820385676062,30
144,78,-0.12968250826861108,-0.22961309075163328,0.024171186759142826,-0.18972159634453684,-0.16843836136564502,-0.1456477668999892,-0.22271675061670637,-0.1755796145322505,0,-1.2212820385676062,30
105,56,-0.07418438916519247,-0.22917848220734754,0.18842959397813253,-0.14878083715908175,-0.17966386064085013,-0.16050195187895572,-0.22266424185378803,-0.1755796145322505,0,-1.2212820385676062,30
66,63,-0.09886598639459888,-0.22917611848581923,0.038815613620655234,-0.06949458291333724,-0.09206793381549283,-0.04473993919497444,-0.22261632402096093,-0.1755796145322505,0,-1.2212820385676062,30
27,68,-0.09092384905587608,-0.22928873914432285,0.03630039755189589,-0.04511171865359161,-0.06369829909698435,-0.0074487523714202725,-0.22198732560801654,-0.1755796145322505,0,-1.2212820385676062,30
154,67,-0.11520149669730033,-0.2295937698974017,-0.010436599751207249,-0.07149995929461019,-0.08838324172423914,-0.03989675630414689,-0.22253385124110792,-0.1755796145322505,0,-1.2212820385676062,30
115,71,-0.12299536494523565,-0.22983362043643019,0.00408196415481486,-0.0750045755310427,-0.13271164200921398,-0.0984211651892443,-0.22273425353767912,-0.1755796145322505,0,-1.2212820385676062,30
76,57,-0.09061051318279928,-0.22941851457110898,0.05558394775027797,-0.11255415485170203,-0.07862951021276252,-0.02693948842131719,-0.22273425353767912,-0.1755796145322505,0,-1.2212820385676062,30
37,70,-0.12260989831964894,-0.2299784161672425,0.015907658776578376,-0.21219121056256687,-0.13066603407508917,-0.0957174351349011,-0.22273425353767912,-0.1755796145322505,0,-1.2212820385676062,30
166,73,-0.12652404421370567,-0.2296402616910743,0.014948035753283519,-0.21196954900617745,-0.143658540882924,-0.11288994925727676,-0.22273425353767912,-0.1755796145322505,0,-1.2212820385676062,30
129,57,-0.09800967187612293,-0.2295605750255039,0.0640608904716899,-0.21204315702091464,-0.10386609704743242,-0.0602953026786236,-0.22273425353767912,-0.1755796145322505,0,-1.2212820385676062,30
90,68,-0.12398023783461413,-0.22946473758039374,-0.006114239131945871,-0.2122614685285929,-0.10922887086256962,-0.06739851607383109,-0.22268805730363622,-0.1755796145322505,0,-1.2212820385676062,30
51,58,-0.078821814525033,-0.22946974171326143,0.1734341626988808,-0.21180846749731508,-0.17035337916398388,-0.14868259301806042,-0.22117616564752413,-0.1755796145322505,0,-1.2212820385676062,30
12,69,-0.14005025426716805,-0.22979972988729325,0.007539902480493401,-0.21198536868064688,-0.18177256838202488,-0.16328995362116458,-0.2226615774747172,-0.1755796145322505,0,-1.2212820385676062,30
142,77,-0.15600766448922,-0.23008549512410276,-0.0345421835953813,-0.21179860346499887,-0.18592603231639684,-0.16877879058874423,-0.22266432383468251,-0.1755796145322505,0,-1.2212820385676062,30
103,66,-0.14596484277287447,-0.22993077808721005,-0.008940628623094414,-0.21181116614766576,-0.1822133341722632,-0.16385006282138254,-0.22273027746429655,-0.1755796145322505,0,-1.2212820385676062,30
64,69,-0.15763751255657124,-0.22992741828236207,-0.0671418683837349,-0.21199495354223719,-0.15201314596406534,-0.12396173193801373,-0.22264464842000584,-0.1755796145322505,0,-1.2212820385676062,30
25,72,-0.15679974180923428,-0.22977611638827947,-0.03558547164101919,-0.21177626980692435,-0.1878251509507546,-0.17141942409307603,-0.2222651178689826,-0.1755796145322505,0,-1.2212820385676062,30
157,60,-0.12683105887310409,-0.2296965483040566,0.06395755910301887,-0.21200658565581765,-0.20449396425761593,-0.19454102618568447,-0.21893124182336485,-0.1755796145322505,0,-1.2212820385676062,30
119,72,-0.16461475991731944,-0.22803327889043,-0.05453262599564455,-0.2120217539319266,-0.19426692842451365,-0.18004039899895471,-0.2219387109375863,-0.1755796145322505,0,-1.2212820385676062,30
80,68,-0.15891097216038733,-0.2267054444874005,-0.03991550612177004,-0.21169642697930802,-0.19387872721723318,-0.17932378140641883,-0.22256119186941903,-0.1755796145322505,0,-1.2212820385676062,30
41,62,-0.16293276690451666,-0.22965301313865022,-0.050347265397087046,-0.21239975109483752,-0.19136832223098535,-0.17635416935214443,-0.22149544024110013,-0.1755796145322505,0,-1.2212820385676062,30
2,58,-0.1433250570311698,-0.22984383424316798,0.012736360770648499,-0.21215556976655633,-0.19950934313476856,-0.18670932103835952,-0.22273425353767912,-0.1755796145322505,0,-1.2212820385676062,30
118,66,-0.1698374173123875,-0.2293625599858999,-0.0645112786311966,-0.21231962909649524,-0.19863466604080413,-0.18556217804808234,-0.22270691290936803,-0.1755796145322505,0,-1.2212820385676062,30
79,64,-0.16277320186569458,-0.22934470954037828,-0.05235231086255957,-0.21223122503328368,-0.188775379492948,-0.17273938569261338,-0.22206930650250262,-0.1755796145322505,0,-1.2212820385676062,30
40,56,-0.14093404275512672,-0.22799431305961682,0.011036127063170281,-0.21222666524476014,-0.19142534831403996,-0.17714729888266145,-0.21930015584855217,-0.1755796145322505,0,-1.2212820385676062,30
1,59,-0.1267981816124057,-0.22819356925065876,0.05526167048285471,-0.21222098877333287,-0.19566628806962674,-0.18175495527181093,-0.22235164870311264,-0.1755796145322505,0,-1.2212820385676062,30
133,59,-0.16216611922193874,-0.2286262409662674,-0.051426231915624024,-0.21231506930797173,-0.18869260852638067,-0.17241852874617697,-0.2227160537791032,-0.1755796145322505,0,-1.2212820385676062,30
94,65,-0.1567826921957948,-0.2292538208901736,-0.04465923149918079,-0.21218544103423095,-0.17731246757395908,-0.157371167541241,-0.22273425353767912,-0.1755796145322505,0,-1.2212820385676062,30
55,59,-0.15518593566757172,-0.22801625851434137,-0.024834142542916954,-0.21232642225082624,-0.19749784539683785,-0.18405067526486554,-0.22273425353767912,-0.1755796145322505,0,-1.2212820385676062,30
16,58,-0.1531280693323964,-0.22770912491869882,-0.02558170454968336,-0.2124029150297314,-0.18976466644053372,-0.17382954343848775,-0.22273425353767912,-0.1755796145322505,0,-1.2212820385676062,30
