LAB05/outputs/tables/q10_transformed_avocado.csv
Date,AveragePrice,Total Volume,4046,4225,4770,Total Bags,Small Bags,Large Bags,XLarge Bags,type,year,region
150,52,-0.15777566133503346,-0.06474978315124358,-0.22788152773827344,-0.21138524467680328,-0.16817613669745957,-0.18970931539485902,-0.08689289514499568,-0.1755796145322505,0,-1.2212820385676062,31
111,74,-0.1883823611914776,-0.1279538785714381,-0.23200974132286004,-0.21140357688780612,-0.18924225519852517,-0.195584102754798,-0.15408529706517043,-0.1755796145322505,0,-1.2212820385676062,31
72,49,-0.1565224278775956,-0.0595508053186645,-0.2249784411574546,-0.21097030392116078,-0.17404569636449382,-0.20208524533167255,-0.07276861178622697,-0.1755796145322505,0,-1.2212820385676062,31
33,73,-0.18867510896136913,-0.12473608674533436,-0.2272251219043517,-0.21140487968452712,-0.20023611136075334,-0.2118801269938379,-0.1486864452587903,-0.1755796145322505,0,-1.2212820385676062,31
160,49,-0.1702529611008132,-0.08114670594683791,-0.227680147009489,-0.21218758134312976,-0.1909953306831256,-0.21531344776314923,-0.10082927829360233,-0.1755796145322505,0,-1.2212820385676062,31
122,51,-0.1690174577356121,-0.0858266611265042,-0.22720028982009463,-0.21141772153791996,-0.18133602073733252,-0.20783820863901947,-0.08464440515192624,-0.1755796145322505,0,-1.2212820385676062,31
83,77,-0.18819688583657937,-0.12923417766493636,-0.2279510658792381,-0.2115215730479664,-0.19189306562077174,-0.20699606804575996,-0.12989740801331698,-0.1755796145322505,0,-1.2212820385676062,31
44,77,-0.187548392438442,-0.12698686349280996,-0.2276805373465994,-0.21168163093083367,-0.19281755941922535,-0.20213511412151797,-0.14850211121753834,-0.1755796145322505,0,-1.2212820385676062,31
5,50,-0.15073985804986714,-0.05133416935299566,-0.22075143075871345,-0.21178985611558634,-0.16940722681051523,-0.19894780020692393,-0.06361339539449515,-0.1755796145322505,0,-1.2212820385676062,31
138,78,-0.18543140552622955,-0.12245371202144159,-0.22504386830119277,-0.2116900060526116,-0.19443708395433926,-0.20432306874527742,-0.14842611492834978,-0.17462892437119826,0,-1.2212820385676062,31
99,77,-0.18709331717537697,-0.12797460659099422,-0.22511668693489378,-0.21187863240643248,-0.1930658824587003,-0.20006374337383095,-0.15584132782506202,-0.1755796145322505,0,-1.2212820385676062,31
60,53,-0.15712150982808826,-0.06478671728830163,-0.22015872461919025,-0.21155665550252511,-0.17524833427465986,-0.20133296505443393,-0.0799312005565804,-0.1755796145322505,0,-1.2212820385676062,31
21,53,-0.14989265326031115,-0.053945939344182396,-0.21681900030264725,-0.21197317822561454,-0.16787180155222473,-0.19433218303810007,-0.07153492229555335,-0.17542078936265734,0,-1.2212820385676062,31
148,81,-0.18769247151723104,-0.1414290992604004,-0.210249942326399,-0.21121522970471115,-0.1961301015637739,-0.20511034160791955,-0.1527933601489644,-0.1755796145322505,0,-1.2212820385676062,31
109,52,-0.1508517374511006,-0.0724264470925947,-0.2019983071681342,-0.21142339800934726,-0.16568124556382086,-0.19464802764177858,-0.0617019698491052,-0.1755796145322505,0,-1.2212820385676062,31
70,76,-0.1821643949683701,-0.1420079185341837,-0.2025289829272841,-0.212133701393025,-0.18535648126995713,-0.19371334633530143,-0.1440986714320081,-0.1755796145322505,0,-1.2212820385676062,31
31,52,-0.13751665507003547,-0.047832477969950916,-0.1978464408156666,-0.21176947665259335,-0.1555619752376006,-0.1865288901010606,-0.04562707407738218,-0.1755796145322505,0,-1.2212820385676062,31
163,78,-0.1773223974124911,-0.13413368225692626,-0.20236640336828196,-0.21092861442608837,-0.178830736336423,-0.18427702140614474,-0.14657941329915658,-0.1755796145322505,0,-1.2212820385676062,31
125,74,-0.18002802454522626,-0.141784495464506,-0.20204936658419187,-0.2117785031727318,-0.17878635455023348,-0.18049510157941062,-0.15796713340953303,-0.1755796145322505,0,-1.2212820385676062,31
86,76,-0.1767676363491087,-0.12983778834578605,-0.20614198474632842,-0.21168693517462636,-0.17770588062453435,-0.18351939373649864,-0.14434936900734652,-0.1755796145322505,0,-1.2212820385676062,31
47,52,-0.13380637772798432,-0.03458027717408457,-0.1969975323459607,-0.21161351327370645,-0.16062079921887495,-0.18086273145693027,-0.08340772335860389,-0.1755796145322505,0,-1.2212820385676062,31
8,77,-0.1765835219518049,-0.12808227054916918,-0.2040314070752858,-0.21171420084885897,-0.18188672194586353,-0.18591474409335626,-0.153924327578847,-0.1755796145322505,0,-1.2212820385676062,31
144,75,-0.17686717157539433,-0.13028411272721213,-0.20262248942783603,-0.2118763059837164,-0.1817583321408071,-0.1840306929037638,-0.15916774360928154,-0.1755796145322505,0,-1.2212820385676062,31
105,51,-0.14099256103603688,-0.05272523923597536,-0.19716624102810057,-0.21197131708744166,-0.16226647422841947,-0.18724891179803638,-0.07052807393992269,-0.1755796145322505,0,-1.2212820385676062,31
66,75,-0.1752204302599442,-0.1264352388747372,-0.20029101417248923,-0.21185695014671851,-0.1837772521925351,-0.18824769480347367,-0.15443146139213784,-0.1755796145322505,0,-1.2212820385676062,31
27,50,-0.12460425716128566,-0.027319406869870614,-0.1900051080957417,-0.2117667780022427,-0.14623106211824588,-0.1657441386964908,-0.07147737170762415,-0.1755796145322505,0,-1.2212820385676062,31
154,68,-0.1658602127512329,-0.11739383010956805,-0.20155278303436483,-0.21143326204166346,-0.16110286430432688,-0.16083449535716993,-0.14661355834171003,-0.1755796145322505,0,-1.2212820385676062,31
115,49,-0.13221813731951765,-0.03907794120083533,-0.1976864856508535,-0.20577847287410836,-0.14908501275171504,-0.16990323061476498,-0.07029385452437599,-0.1755796145322505,0,-1.2212820385676062,31
76,75,-0.17214499620092275,-0.11942116797651957,-0.2144430930570746,-0.19314813783461726,-0.16676448764753457,-0.16845336356508733,-0.14623115845937976,-0.17512687801679103,0,-1.2212820385676062,31
37,51,-0.13293574419822127,-0.017143214135524158,-0.21721299163279953,-0.20731288824073524,-0.15572467803431006,-0.17955306258262843,-0.06762062151697422,-0.1755796145322505,0,-1.2212820385676062,31
166,79,-0.17391402679537718,-0.09374961062134549,-0.22881471580364507,-0.21185695014671851,-0.18630124447453206,-0.19284316878736396,-0.15057938411247365,-0.1755796145322505,0,-1.2212820385676062,31
129,53,-0.1299143517383203,0.0022026686657981606,-0.22041304170418025,-0.21104670364315734,-0.16564446860734164,-0.19437812504605229,-0.0623788041139822,-0.1755796145322505,0,-1.2212820385676062,31
90,76,-0.1758758124200334,-0.09812353105919008,-0.22868543116965517,-0.2109237754668389,-0.18782025344042114,-0.19316103709092605,-0.15574782861490066,-0.1755796145322505,0,-1.2212820385676062,31
51,76,-0.17188924041671222,-0.08492181429569803,-0.2288569137367923,-0.2112467759967414,-0.19054881564162623,-0.19594310175334415,-0.15826911003437247,-0.1755796145322505,0,-1.2212820385676062,31
12,51,-0.10107865441701545,0.06035318279638697,-0.21472179375389688,-0.21099850016447985,-0.14620959621891685,-0.19003517128206737,0.001987798354152197,-0.1629408614458719,0,-1.2212820385676062,31
142,76,-0.17180961571046907,-0.09008694901167918,-0.2273946112607123,-0.21166497374418644,-0.18538479151602552,-0.19302459147162568,-0.14774296813459736,-0.1559542496261534,0,-1.2212820385676062,31
103,76,-0.17920242423356975,-0.10678408815764086,-0.22950355283790924,-0.21062357387955416,-0.1873946364709658,-0.19659371456491018,-0.14352828935862127,-0.1755796145322505,0,-1.2212820385676062,31
64,52,-0.13762470931173193,-0.014012318720923395,-0.22170414398464974,-0.21163882475285753,-0.1702052269414535,-0.2014426067017668,-0.059208889857336584,-0.1755796145322505,0,-1.2212820385676062,31
25,63,-0.15925067296729004,-0.06473900805946059,-0.22365137803255927,-0.21157396408753285,-0.1784991353417334,-0.19848765642015864,-0.10327247291107616,-0.15493347291339454,0,-1.2212820385676062,31
157,78,-0.18350299811049273,-0.11256999622817737,-0.22952581866329158,-0.2113393676208419,-0.19492765630929385,-0.20502235756993636,-0.14820152826790517,-0.1755796145322505,0,-1.2212820385676062,31
119,51,-0.1410587875491101,-0.02559256204309742,-0.22047572818310074,-0.2112272340459262,-0.1689218257397637,-0.19398248501782667,-0.07683773348404305,-0.1755796145322505,0,-1.2212820385676062,31
80,80,-0.18080360242614782,-0.1091555965277942,-0.22739273432056445,-0.21146108605734795,-0.1924456122679791,-0.19792232044540703,-0.15988347780859216,-0.1755796145322505,0,-1.2212820385676062,31
41,80,-0.1828814922118894,-0.11322394073836109,-0.22862654840129978,-0.21173197471840993,-0.19296769903725336,-0.1986148144631722,-0.15987601754719394,-0.1755796145322505,0,-1.2212820385676062,31
2,53,-0.15475678809450963,-0.05176582917443834,-0.2230359492901842,-0.21147281122783707,-0.18016506961762624,-0.20168255585881947,-0.09873806864660441,-0.1755796145322505,0,-1.2212820385676062,31
118,71,-0.18059581605366265,-0.11205020674921694,-0.22645633220281572,-0.21191799547878878,-0.18909875713177754,-0.194991131884948,-0.15531882259405505,-0.1755796145322505,0,-1.2212820385676062,31
79,79,-0.18701055357970303,-0.12160064571240989,-0.22751184527454937,-0.2121921411316533,-0.1979930820473481,-0.21638974785551643,-0.12582607283134978,-0.1755796145322505,0,-1.2212820385676062,31
40,76,-0.1871309317267661,-0.12286719727501261,-0.22493082002998635,-0.21161667720860033,-0.20000401195799378,-0.21974611442130923,-0.12368977369238456,-0.1755796145322505,0,-1.2212820385676062,31
1,48,-0.10465459945317793,0.05195659568306142,-0.20356174848103112,-0.21086254402095134,-0.16160210616515128,-0.20818636543090474,-0.0038043977839720662,-0.1755796145322505,0,-1.2212820385676062,31
133,81,-0.18493181826286018,-0.12600621946463386,-0.22069508933409807,-0.2116872143453523,-0.19344090196114952,-0.21389981968357166,-0.11503923168710897,-0.1755796145322505,0,-1.2212820385676062,31
94,86,-0.19098741934928623,-0.14252395293713763,-0.21630596445886927,-0.21175970567718577,-0.19881056068211783,-0.2188274216841107,-0.12167505221994214,-0.1755796145322505,0,-1.2212820385676062,31
55,82,-0.18781487662241364,-0.137295385105627,-0.21254142879054252,-0.2120515321426926,-0.19897193516857123,-0.2190316545485167,-0.12170276176227844,-0.1755796145322505,0,-1.2212820385676062,31
16,53,-0.16471664641502373,-0.08084493222810578,-0.2133477656000806,-0.2118395485048021,-0.18953234396276933,-0.2174619469401726,-0.08834383400605739,-0.1755796145322505,0,-1.2212820385676062,31
