LAB05/outputs/tables/q10_transformed_avocado.csv
Date,AveragePrice,Total Volume,4046,4225,4770,Total Bags,Small Bags,Large Bags,XLarge Bags,type,year,region
150,78,-0.15697259790201143,-0.2239055807626902,-0.07159740870304525,-0.2075992243486321,-0.1524477467723518,-0.13324031549214196,-0.1960356995921898,-0.1753998764399707,0,-1.2212820385676062,32
111,86,-0.15746594503002723,-0.22400988491601723,-0.08038682873889606,-0.20758256716198484,-0.1433121865185963,-0.12545222040720802,-0.18291195206017635,-0.1755796145322505,0,-1.2212820385676062,32
72,71,-0.14428317696902526,-0.22175359018316781,-0.0420389233922312,-0.20618122317471851,-0.1470161340386766,-0.12659026344900226,-0.19441784762995445,-0.17539648515521072,0,-1.2212820385676062,32
33,71,-0.14586801787916007,-0.21856270051211724,-0.033507507881306825,-0.20750961054560813,-0.16692995860225862,-0.15383990505836057,-0.19159692604113607,-0.17511218244949772,0,-1.2212820385676062,32
160,76,-0.16666003884257263,-0.22267425576574046,-0.08294269800245081,-0.20757298230039453,-0.17410099868614742,-0.1607335515987405,-0.19946778874940188,-0.1755796145322505,0,-1.2212820385676062,32
122,76,-0.15363927975275393,-0.22161137162030944,-0.05727246030882416,-0.20703278694571756,-0.16126932895679977,-0.1438759439410245,-0.1991548266847013,-0.1755796145322505,0,-1.2212820385676062,32
83,70,-0.14104615670437112,-0.22057661497052328,-0.026199392264271825,-0.20691330187501897,-0.1564496109613914,-0.1394142887871817,-0.19331704916924278,-0.1755796145322505,0,-1.2212820385676062,32
44,80,-0.13774923982728557,-0.22067311647117985,-0.022286212902288553,-0.20807558266397946,-0.14943197550241957,-0.14212975898124666,-0.15664260908776886,-0.1755796145322505,0,-1.2212820385676062,32
5,66,-0.08428598977134924,-0.219635474341936,0.13169731733958348,-0.20722997453513364,-0.15164282117649064,-0.1384712714454227,-0.17679732506403836,-0.17519809499675093,0,-1.2212820385676062,32
138,72,-0.13097228198963476,-0.21590548224311656,-0.010023016820131077,-0.2084694925582685,-0.1467455237782639,-0.1312132115041592,-0.17917116384477697,-0.1755796145322505,0,-1.2212820385676062,32
99,59,-0.10262413180046943,-0.22027555273987656,0.07742121620558515,-0.20491462559116835,-0.14902254161058784,-0.1328043488880913,-0.18350955179053252,-0.1755796145322505,0,-1.2212820385676062,32
60,79,-0.1381207436070833,-0.22130045132696768,-0.032226678941381114,-0.20741497166951745,-0.13786373162205595,-0.13256289870860846,-0.13914501687313457,-0.17548409334484394,0,-1.2212820385676062,32
21,81,-0.13390612723269973,-0.22047194716773036,-0.021954833305652656,-0.20551912326971822,-0.13691564257195438,-0.121367147657522,-0.1695480005073187,-0.1755796145322505,0,-1.2212820385676062,32
148,78,-0.13953123426674147,-0.21979068942048857,-0.03305545598224445,-0.2079100344235022,-0.14367353760711282,-0.1333829394269808,-0.16011634453937984,-0.1755796145322505,0,-1.2212820385676062,32
109,78,-0.14167927996865368,-0.21990957117414411,-0.03659553950704895,-0.20713943016302327,-0.14680472991250212,-0.13066488264962098,-0.1810875902247306,-0.1755796145322505,0,-1.2212820385676062,32
70,72,-0.11462401053774379,-0.21906688468573685,0.04240790265771388,-0.20554006107416306,-0.14977653512693564,-0.13833248047857521,-0.1696496158260342,-0.1755796145322505,0,-1.2212820385676062,32
31,78,-0.13076261923306184,-0.2189720117022536,-0.008865152375024762,-0.2066456702057595,-0.1436904913074804,-0.12477035416432793,-0.18655046910970433,-0.17525292076703752,0,-1.2212820385676062,32
163,79,-0.13590018203061852,-0.21982300679041433,-0.02104701715245671,-0.2064474589903483,-0.14573783314277916,-0.12852638135414146,-0.1835036901565768,-0.17298189040609352,0,-1.2212820385676062,32
125,62,-0.11609480899276622,-0.214352319563425,0.03423372865325029,-0.20586287549024823,-0.15095876167415911,-0.13363848849571852,-0.18914799276104818,-0.17058199122426965,0,-1.2212820385676062,32
86,73,-0.1230469046989058,-0.2199761032155569,0.02400770195024639,-0.206467652339524,-0.15553876529732463,-0.1391145265666837,-0.19055175161733315,-0.1755796145322505,0,-1.2212820385676062,32
47,72,-0.12888223624648504,-0.2198330071507265,-0.000615012124842379,-0.20508073217309747,-0.1462448319299081,-0.12549675520663195,-0.19463107993651274,-0.1755796145322505,0,-1.2212820385676062,32
8,74,-0.13071902805087462,-0.21939220075467422,-0.005269724030993177,-0.20364374738982058,-0.14771571753339016,-0.12979806900016544,-0.1874214751231716,-0.1755796145322505,0,-1.2212820385676062,32
144,89,-0.13829986879175862,-0.21831898422115784,-0.03585923914116969,-0.20456659275284073,-0.1381904249666392,-0.12084575679481106,-0.1762960528847033,-0.1755796145322505,0,-1.2212820385676062,32
105,92,-0.13918542942024462,-0.21915190751194813,-0.048146038160938764,-0.19883512469256312,-0.12584642761718323,-0.10579500488742122,-0.17242819428285053,-0.1755796145322505,0,-1.2212820385676062,32
66,91,-0.138580727004452,-0.21969316812024284,-0.05094841776727556,-0.19499094379648954,-0.120032089153619,-0.09783252316086702,-0.17454006311525894,-0.15816367164729078,0,-1.2212820385676062,32
27,78,-0.11298396687105142,-0.2188028198355335,0.0094520560187367,-0.20300947150050472,-0.10441163711153334,-0.08033381810163341,-0.1638300790595988,-0.17311188965522673,0,-1.2212820385676062,32
154,91,-0.1365917598714132,-0.21936620772328577,-0.05014326857915848,-0.20503429677568422,-0.1133753180740622,-0.09518943709310017,-0.15445072690234204,-0.1755796145322505,0,-1.2212820385676062,32
115,86,-0.11399049925576407,-0.21893416053610765,0.013081684537674887,-0.20178949542818508,-0.11233217879235435,-0.08637587564863533,-0.17747805342140344,-0.17161294179130845,0,-1.2212820385676062,32
76,85,-0.12426119160390459,-0.21895770288631292,-0.034539766827314806,-0.2026370577521124,-0.09003287124523306,-0.06865074403620665,-0.14165605068079568,-0.17008347236455026,0,-1.2212820385676062,32
37,88,-0.1082443915089511,-0.21810316616857126,0.02513629941711791,-0.20007101349626083,-0.10818171623077472,-0.08746441175420566,-0.15739138158755736,-0.17132242173020212,0,-1.2212820385676062,32
166,96,-0.12005852559546273,-0.2172476254620868,-0.020560848128936784,-0.2025949029724968,-0.09458141115294363,-0.06896700410145067,-0.15921537450897794,-0.16816739647515247,0,-1.2212820385676062,32
129,93,-0.11874201050553383,-0.21903380048976337,-0.014883602484358303,-0.20271662140900282,-0.09459851694990543,-0.07066069348213024,-0.1535777123569599,-0.17542870236043068,0,-1.2212820385676062,32
90,97,-0.13373414562756844,-0.218271330330279,-0.044802036746271194,-0.2020306989353897,-0.11162156322467433,-0.08763255307035753,-0.1705722288125804,-0.17422649191301207,0,-1.2212820385676062,32
51,85,-0.0911324491072635,-0.2169543737895337,0.07140674421275976,-0.19345038667389217,-0.10694774642220209,-0.08494058995970802,-0.15981346612470104,-0.1755796145322505,0,-1.2212820385676062,32
12,75,-0.08747405899741725,-0.2096016029409491,0.08207163440352161,-0.19546627848584186,-0.11636929897193109,-0.10128973967118739,-0.1488752472587917,-0.16207721426032626,0,-1.2212820385676062,32
142,99,-0.1346774745624604,-0.217929223142525,-0.03827287620573229,-0.19914351528780852,-0.12364979790478405,-0.10911715618299758,-0.153387311729516,-0.1755796145322505,0,-1.2212820385676062,32
103,96,-0.13355619028729354,-0.21852383745180534,-0.04352986996817829,-0.20035260370181687,-0.11241059979632738,-0.0963249203555715,-0.14707789812807912,-0.1755796145322505,0,-1.2212820385676062,32
64,97,-0.14919988530553485,-0.21961293598047357,-0.0705690282130065,-0.20120537721262824,-0.13268803661779308,-0.11586151800150478,-0.16929689302750786,-0.1755796145322505,0,-1.2212820385676062,32
25,96,-0.14035145155676348,-0.21906772266059302,-0.045314673947893895,-0.20052931877133134,-0.13330974665627274,-0.11808175800949902,-0.1652301487756319,-0.1726749791353139,0,-1.2212820385676062,32
157,92,-0.14790045168124447,-0.21912971698910524,-0.06060383805524063,-0.20166172829261722,-0.14087452426347113,-0.12582901724314052,-0.1719051561760294,-0.1755796145322505,0,-1.2212820385676062,32
119,71,-0.11622646860959158,-0.20999047861218673,0.02235421734052168,-0.20226566762971518,-0.14290250927221387,-0.1296278637781721,-0.1684844623631509,-0.1755796145322505,0,-1.2212820385676062,32
80,97,-0.15033863037707404,-0.21973384942788426,-0.07977044491635721,-0.20251040729944825,-0.12514414694286577,-0.10734117860837791,-0.16486016899881625,-0.1755796145322505,0,-1.2212820385676062,32
41,93,-0.14508220096408056,-0.2159985606955398,-0.07320445150167779,-0.20275859007480118,-0.11951810406292952,-0.10102523807581253,-0.16144033598532986,-0.1754948324132506,0,-1.2212820385676062,32
2,77,-0.13268813678565117,-0.21872646925854158,-0.023360030292986316,-0.1983176352235952,-0.1339584589101106,-0.11853997191028266,-0.1662404813192782,-0.1755796145322505,0,-1.2212820385676062,32
118,89,-0.14548597391714088,-0.21987489008268998,-0.06660762145527713,-0.19994268801924112,-0.12432110157274806,-0.10276801893115049,-0.1755201447088399,-0.1755796145322505,0,-1.2212820385676062,32
79,87,-0.14926254437231773,-0.2190494532276433,-0.0699949087639741,-0.2008146312532331,-0.1343737231713869,-0.11318968467380283,-0.1842832464822448,-0.1755796145322505,0,-1.2212820385676062,32
40,62,-0.1079408197827014,-0.21090816385022362,0.03434536506682341,-0.19994017548270773,-0.12760501913826688,-0.11001274389636018,-0.16664345840612446,-0.17549426719912392,0,-1.2212820385676062,32
1,67,-0.08146611459203525,-0.20771120281417726,0.10201860819876764,-0.1965141923340792,-0.12199527087345668,-0.10430635249030669,-0.16141283139522977,-0.1755796145322505,0,-1.2212820385676062,32
133,89,-0.14333439841244627,-0.21889794579255825,-0.06951398852883225,-0.199426036062451,-0.11454781043925645,-0.095426786264872,-0.15846463446772177,-0.1755796145322505,0,-1.2212820385676062,32
94,93,-0.15032749658568906,-0.21968550776518947,-0.0711172774471691,-0.19886536818787234,-0.13612914094353815,-0.11920225785164053,-0.17298992737186905,-0.1755796145322505,0,-1.2212820385676062,32
55,91,-0.15481900123050624,-0.22031213903831506,-0.0803657837551143,-0.19657644740596186,-0.14001114287656982,-0.12492619245734672,-0.17117622305270652,-0.1755796145322505,0,-1.2212820385676062,32
16,63,-0.12826835750171997,-0.21251162083213343,-0.00036478942698909406,-0.19279796468739077,-0.15512973699641078,-0.14657048023298289,-0.16609394047038437,-0.1755796145322505,0,-1.2212820385676062,32
