LAB05/outputs/tables/q10_transformed_avocado.csv
Date,AveragePrice,Total Volume,4046,4225,4770,Total Bags,Small Bags,Large Bags,XLarge Bags,type,year,region
150,3,0.08312364626907896,0.3520335339127582,-0.006890029986334269,-0.1041983889107619,-0.14068671538894462,-0.14935932630030874,-0.09917765020283872,-0.1755796145322505,0,-1.2212820385676062,33
111,6,0.0714011162112968,0.38914170095650014,-0.07558194501082677,-0.11625651701900253,-0.14415093839700907,-0.14745503811188088,-0.11900624618084264,-0.1755796145322505,0,-1.2212820385676062,33
72,19,0.016454868308113078,0.2001448677006775,-0.04433222866120828,-0.12478695077746702,-0.13136719937438246,-0.12084111970766069,-0.14872706679200814,-0.1755796145322505,0,-1.2212820385676062,33
33,9,0.07379758590033585,0.36971418675550727,-0.019888446778533745,-0.08826388221605695,-0.18188808067543843,-0.16342253946850163,-0.22272302215513454,-0.1755796145322505,0,-1.2212820385676062,33
160,28,-0.03640660394303163,0.12335220363408522,-0.07201742804392049,-0.12161882832269033,-0.18452021363591642,-0.16689782185592802,-0.22273425353767912,-0.1755796145322505,0,-1.2212820385676062,33
122,30,-0.03266574269861157,0.11755695925878294,-0.06210490017587839,-0.10922076332717405,-0.17744088779833433,-0.15962552900554983,-0.21635835343081403,-0.1755796145322505,0,-1.2212820385676062,33
83,15,0.0461823519149853,0.31403372209490665,-0.04180242893360099,-0.10633423107795337,-0.17844703718833108,-0.1595057286528413,-0.22079216713775138,-0.1755796145322505,0,-1.2212820385676062,33
44,13,0.0728626311981319,0.39534627233278513,-0.05001962307065706,-0.10500863541432308,-0.1794264074379745,-0.16019133404981084,-0.22265436315600245,-0.1755796145322505,0,-1.2212820385676062,33
5,24,0.016449690877944963,0.23641769239413868,-0.052407888223043944,-0.01738606412154496,-0.17975315148142246,-0.1605970791754682,-0.22273425353767912,-0.1755796145322505,0,-1.2212820385676062,33
138,36,-0.025882026403459456,0.1130305353025337,-0.04523308518677634,-0.026717345635797616,-0.17746938056031575,-0.15761986819514104,-0.2226079209792761,-0.1755796145322505,0,-1.2212820385676062,33
99,18,0.07067928167708676,0.3441558745872674,-0.005996074953079769,-0.11710063623731004,-0.17384481732263843,-0.15287068683400334,-0.22248101455461167,-0.1755796145322505,0,-1.2212820385676062,33
60,42,-0.015900470944103268,0.07091025881914446,0.021869534920039242,-0.03033577047150143,-0.17002429283298512,-0.14774197463179248,-0.22272273522200384,-0.1755796145322505,0,-1.2212820385676062,33
21,42,-0.03606494567371638,0.05590860368623399,-0.02170840601331965,-0.11330410047846207,-0.15914744965056674,-0.1333620189268602,-0.22273425353767912,-0.1755796145322505,0,-1.2212820385676062,33
148,44,-0.05398726014027409,0.05667810176691798,-0.05453616394477279,-0.11971990904490584,-0.18211430914966165,-0.16380264659497212,-0.22247498895886691,-0.1755796145322505,0,-1.2212820385676062,33
109,24,0.012019044202838747,0.09260324594928916,0.0901980710098883,-0.15641317869222532,-0.1697678376956066,-0.15769375334386934,-0.19124813832554508,-0.1755796145322505,0,-1.2212820385676062,33
70,24,0.07246597576372549,0.24811035083381383,-0.0006999976493248145,-0.06923476802440388,-0.05607864503859615,-0.14497857893584973,0.22945526743098027,-0.1755796145322505,0,-1.2212820385676062,33
31,11,0.15629982849000024,0.5092335061152642,-0.001369915791302153,-0.1557562899741091,-0.08719605682804453,-0.11938267538695349,0.025375881799399518,-0.1755796145322505,0,-1.2212820385676062,33
163,27,0.02581236390163535,0.251007190384571,-0.04703665856797053,-0.15733946716086528,-0.1569887528287627,-0.1306425415389861,-0.2223252508550881,-0.1755796145322505,0,-1.2212820385676062,33
125,31,0.006721539931380699,0.21338345535784217,-0.05531614884683673,-0.16672714116175608,-0.16445047992349954,-0.1424757312494166,-0.2162973596453164,-0.1755796145322505,0,-1.2212820385676062,33
86,19,0.10207353584128429,0.4296081391961066,-0.05935150372437375,-0.13534918907925927,-0.10638399532588813,-0.11552841163987922,-0.063980546830451,-0.1755796145322505,0,-1.2212820385676062,33
47,32,0.03802893894015731,0.259436814261331,-0.05497385642119958,-0.14701992127681593,-0.1164556391385758,-0.13740314656450558,-0.037790930277931234,-0.1755796145322505,0,-1.2212820385676062,33
8,31,0.027863141674701313,0.25214974538472607,-0.07476491960849976,-0.16357623423507847,-0.11673949194245746,-0.13666091777675476,-0.04120854980726651,-0.1755796145322505,0,-1.2212820385676062,33
144,30,0.015230623247438608,0.22649617286726756,-0.07558162111407557,-0.13059779638081773,-0.1306671798694322,-0.14096677484353673,-0.08434218258440336,-0.1755796145322505,0,-1.2212820385676062,33
105,29,0.02257341513111322,0.24917963837201393,-0.07841795174397187,-0.17250374182272585,-0.1260202537448157,-0.1315130273326012,-0.09447141398352417,-0.1755796145322505,0,-1.2212820385676062,33
66,23,0.04775614011205989,0.31337057567215115,-0.07800065645782449,-0.1682484355042642,-0.12114408763341075,-0.13064787552940763,-0.07871480903464334,-0.15752441447003154,0,-1.2212820385676062,33
27,9,0.17553219205008563,0.6351566755278018,-0.06231301629607835,-0.16366845363154445,-0.10609454536733967,-0.11152817346147019,-0.07504530320699962,-0.1755796145322505,0,-1.2212820385676062,33
154,23,0.03036573130825989,0.2965030430351473,-0.09869427870489766,-0.1714145107070507,-0.13479536534984699,-0.13045610651196646,-0.13317779152528256,-0.1755796145322505,0,-1.2212820385676062,33
115,7,0.1426216689689362,0.5810779760885522,-0.08889655147253632,-0.16684197338702247,-0.11917267241794001,-0.11132446327451753,-0.12853722200245135,-0.1755796145322505,0,-1.2212820385676062,33
76,6,0.14571108324767337,0.5959735246316525,-0.09531341119590998,-0.17286517485589822,-0.11896919759421017,-0.11787642618224232,-0.10767525684945053,-0.1755796145322505,0,-1.2212820385676062,33
37,5,0.17568393592622086,0.6624026137184603,-0.07930041259508194,-0.17066540259246846,-0.11900716090412419,-0.12351851485954586,-0.09057219768953048,-0.1755796145322505,0,-1.2212820385676062,33
166,9,0.12493355213916078,0.5445614667258243,-0.09742151396357182,-0.11575270691560523,-0.12943273349153106,-0.1348369208863554,-0.0981002572875028,-0.1755796145322505,0,-1.2212820385676062,33
129,11,0.11898128827332168,0.5342069987935335,-0.09507424251282134,-0.15657714496525565,-0.13541236039390625,-0.13100932709138874,-0.13397997457782876,-0.1755796145322505,0,-1.2212820385676062,33
90,20,0.04702706644170879,0.3531491156090515,-0.10627880282636201,-0.16873772872991308,-0.14013985715436056,-0.140039156383673,-0.12547302210924555,-0.1755796145322505,0,-1.2212820385676062,33
51,20,0.06418402468757617,0.38157496982977435,-0.09318107430722405,-0.16714003466540842,-0.13268631285639207,-0.1407179133658049,-0.09326576195876478,-0.1755796145322505,0,-1.2212820385676062,33
12,13,0.1210277428342842,0.4811979821636425,-0.03186051781669551,-0.15957106488705122,-0.13710752763520567,-0.13663282721413286,-0.12484000663247136,-0.15893744978669655,0,-1.2212820385676062,33
142,6,0.12213427664564994,0.5691047858022072,-0.11294551982561324,-0.15826296392224593,-0.14712955753886306,-0.14146818334514594,-0.1493584426508926,-0.1755796145322505,0,-1.2212820385676062,33
103,4,0.14947393409203558,0.6358148415339592,-0.10854160366541395,-0.14242765589215522,-0.14406065385868794,-0.1843416591845443,-0.005822234530404957,-0.1755796145322505,0,-1.2212820385676062,33
64,19,0.04883131977697133,0.35838782609849135,-0.09445892173602996,-0.15919753445575519,-0.15601184654394545,-0.1912983888729496,-0.0328580168853627,-0.1755796145322505,0,-1.2212820385676062,33
25,10,0.1360021826119355,0.6048881857471102,-0.10218434094425724,-0.14620744140744732,-0.15891718554671058,-0.17814332107898612,-0.08483820798649133,-0.1755796145322505,0,-1.2212820385676062,33
157,10,0.11021534303305087,0.5573714539603137,-0.11464803742043954,-0.13214905504790914,-0.1745835707602467,-0.18553006688966533,-0.1255775887401625,-0.1755796145322505,0,-1.2212820385676062,33
119,24,0.0690535367521003,0.41133345704539187,-0.07165869162937732,-0.1563752114734987,-0.1812539392753256,-0.16259262148645928,-0.22269781303008007,-0.1755796145322505,0,-1.2212820385676062,33
80,13,0.13785538698578417,0.6411248194132917,-0.12117053731496703,-0.15631881898686056,-0.17462381551907383,-0.15381751033978175,-0.22273425353767912,-0.1755796145322505,0,-1.2212820385676062,33
41,25,0.05545626444262246,0.4198443486723566,-0.12566528575125985,-0.15914830735108262,-0.17354440626953416,-0.152390828725856,-0.22273425353767912,-0.1755796145322505,0,-1.2212820385676062,33
2,23,0.05232659477563188,0.3655467006329444,-0.07989363364738902,-0.09573839923214073,-0.1776523122040547,-0.15782034850347162,-0.22273425353767912,-0.1755796145322505,0,-1.2212820385676062,33
118,16,0.0904809424859259,0.4999030671735157,-0.10956410418366204,-0.14933573550532445,-0.17431130771684358,-0.1534092992487034,-0.2227194559862244,-0.1755796145322505,0,-1.2212820385676062,33
79,13,0.08943682450636867,0.510557624969403,-0.12605076441038757,-0.15727563012153567,-0.17063942215882213,-0.14856133184887965,-0.22270338773090512,-0.1755796145322505,0,-1.2212820385676062,33
40,17,0.08701830440864386,0.4656217213474993,-0.09229509211707553,-0.16120002607286016,-0.1622573078736753,-0.1374723946260835,-0.22273425353767912,-0.1755796145322505,0,-1.2212820385676062,33
1,9,0.20098937584737692,0.7127740096233931,-0.028081099507904328,-0.15358182918983043,-0.1593987233639693,-0.13369413354152296,-0.22273425353767912,-0.1755796145322505,0,-1.2212820385676062,33
133,14,0.11086281136951064,0.5606990916413879,-0.12001925046542317,-0.16569346502054122,-0.16637155116628777,-0.1429137081513648,-0.22272380097363215,-0.1755796145322505,0,-1.2212820385676062,33
94,20,0.06890633905346166,0.4100180894947041,-0.07859911799346476,-0.16002685762558833,-0.171210666547344,-0.14930626783779916,-0.22273425353767912,-0.1755796145322505,0,-1.2212820385676062,33
55,14,0.075318589212324,0.4399939758475426,-0.09345249978471219,-0.09866178201718433,-0.17575666137204485,-0.15531482041984176,-0.22273425353767912,-0.1755796145322505,0,-1.2212820385676062,33
16,18,0.05716547371166134,0.37758431221271543,-0.09694997842916926,-0.15196496540214516,-0.14919676318936526,-0.12020995317775703,-0.22273425353767912,-0.1755796145322505,0,-1.2212820385676062,33
