LAB05/outputs/tables/q10_transformed_avocado.csv
Date,AveragePrice,Total Volume,4046,4225,4770,Total Bags,Small Bags,Large Bags,XLarge Bags,type,year,region
150,78,-0.22514701193676515,-0.23065411640199462,-0.20704348906539885,-0.20368683273852264,-0.21757743496855939,-0.22070727805209026,-0.19243350007891916,-0.16672440480977416,0,-1.2212820385676062,34
111,75,-0.226344976037593,-0.2307056913827666,-0.21130372794879304,-0.20320005204940714,-0.2165578605191806,-0.22126766869401382,-0.18687109638803934,-0.16295668744141856,0,-1.2212820385676062,34
72,72,-0.22739900873800908,-0.23067117630519907,-0.2129995848976079,-0.20360764130926678,-0.21817814553726556,-0.2233698506074774,-0.18607612765420792,-0.1755796145322505,0,-1.2212820385676062,34
33,74,-0.22840163198920554,-0.23028172353806997,-0.2106763482468039,-0.20247485956034633,-0.22514848909521204,-0.23246375479474984,-0.18643999985438434,-0.1755796145322505,0,-1.2212820385676062,34
160,79,-0.23045483052939708,-0.23049405529903783,-0.21534588465810484,-0.20361815673994355,-0.22624017760979068,-0.23352680032297915,-0.18760183309104095,-0.1755796145322505,0,-1.2212820385676062,34
122,83,-0.22797441871332036,-0.2303826362648563,-0.20991981679154328,-0.20212077802295686,-0.22448531752515158,-0.2273547301099491,-0.1993852339886544,-0.1755796145322505,0,-1.2212820385676062,34
83,77,-0.22763469184552756,-0.2307028217141553,-0.2094430656889423,-0.2034206899798015,-0.22332543903750354,-0.2257999389120049,-0.19945176148452984,-0.1755796145322505,0,-1.2212820385676062,34
44,46,-0.21055888142014736,-0.23051034047077149,-0.17435340386328663,-0.19100708448054168,-0.20797180498074838,-0.22617774089688616,-0.13622854655179267,-0.1755796145322505,0,-1.2212820385676062,34
5,69,-0.22269610973525403,-0.23043107279262914,-0.1948750535455735,-0.19665880277011158,-0.2249035932989932,-0.22809458674618077,-0.1988132532878251,-0.1755796145322505,0,-1.2212820385676062,34
138,75,-0.2262815814745782,-0.229816204789183,-0.21108940796005124,-0.20054374259217111,-0.21802786396241633,-0.2259673699228996,-0.1775240037127629,-0.1755796145322505,0,-1.2212820385676062,34
99,76,-0.22600906274671934,-0.23029122585672226,-0.20922754977373462,-0.19890100898388288,-0.21891647310441006,-0.22548262008986814,-0.18259886702413403,-0.1755796145322505,0,-1.2212820385676062,34
60,49,-0.22197810615188984,-0.23085978389122877,-0.1954455603000735,-0.19824942450955932,-0.2209696047500616,-0.2241433194245563,-0.19499503411758365,-0.1755796145322505,0,-1.2212820385676062,34
21,52,-0.2203899960478737,-0.23079122806148408,-0.1873607651888456,-0.19094008350631822,-0.22616373386154237,-0.22635124300743148,-0.20923950146766895,-0.1755796145322505,0,-1.2212820385676062,34
148,64,-0.2198048566735888,-0.23099122736230415,-0.19282847455054591,-0.19530100941609055,-0.2167074120303777,-0.2249303510514507,-0.17535778154731022,-0.1755796145322505,0,-1.2212820385676062,34
109,72,-0.22465002497109765,-0.2307364118572117,-0.2085143457377279,-0.20158849250551455,-0.21416441781387785,-0.21818647170443892,-0.18570401637413564,-0.1755796145322505,0,-1.2212820385676062,34
70,69,-0.22461057747043758,-0.2305762084566378,-0.20941509429771227,-0.20324685967445497,-0.2129513257978033,-0.21592457832400722,-0.1877181229898694,-0.1755796145322505,0,-1.2212820385676062,34
31,65,-0.2132439262410062,-0.23071932823773772,-0.17986713147878908,-0.19323049319876695,-0.21013195179008384,-0.21319302574676183,-0.18467523812922998,-0.1755796145322505,0,-1.2212820385676062,34
163,90,-0.22474158556501023,-0.2304548048729905,-0.21130253202232713,-0.17873855470185754,-0.2139318925406545,-0.21726712226992714,-0.18759146250788844,-0.1753648331641174,0,-1.2212820385676062,34
125,73,-0.22222639404325722,-0.2305193684640335,-0.2027593316526868,-0.19658435724319656,-0.21352758937393398,-0.21927926964155206,-0.1797872502668398,-0.1755796145322505,0,-1.2212820385676062,34
86,76,-0.22092580215718427,-0.23059660444842073,-0.20047147449316544,-0.1996877120895572,-0.2113293474376362,-0.21558351118270735,-0.18220437495986708,-0.1755796145322505,0,-1.2212820385676062,34
47,49,-0.2040607258805259,-0.2306029762194971,-0.16223022253313243,-0.18442163316964036,-0.2006172350065167,-0.2085025048782749,-0.16055772967529283,-0.1755796145322505,0,-1.2212820385676062,34
8,96,-0.22469216253474775,-0.23060065202508462,-0.20966192853724547,-0.20182001809422023,-0.21305977066947276,-0.21246224225504112,-0.1987461929161355,-0.1755796145322505,0,-1.2212820385676062,34
144,96,-0.22635549595023324,-0.23051159743305574,-0.21170898091983245,-0.202409905838113,-0.21643496647106156,-0.2166417990059124,-0.19960723825092266,-0.1755796145322505,0,-1.2212820385676062,34
105,97,-0.2250857804276293,-0.23061028083050772,-0.20883697181703706,-0.19694327773983555,-0.21596434918926688,-0.21241353943797625,-0.21063702977597296,-0.1755796145322505,0,-1.2212820385676062,34
66,101,-0.22638145549243519,-0.230663436895914,-0.21112242051353683,-0.18785273444824432,-0.21863345176191007,-0.21497913522278517,-0.21362662705519647,-0.17493696607023126,0,-1.2212820385676062,34
27,76,-0.21284928328644703,-0.23034254786395278,-0.1893820553221465,-0.16306991159514778,-0.2009027507331617,-0.20197616656775097,-0.18167297480180838,-0.1755796145322505,0,-1.2212820385676062,34
154,73,-0.21397553650466114,-0.2304116886950122,-0.19297955162235872,-0.17695874826713706,-0.19885227570802227,-0.20190403707918658,-0.17361999153644178,-0.17536539837824408,0,-1.2212820385676062,34
115,87,-0.22077337490659732,-0.23030687859460222,-0.2091722215645973,-0.1733587486993447,-0.2034131962785013,-0.204038464170927,-0.18551394367026972,-0.1755796145322505,0,-1.2212820385676062,34
76,83,-0.21947048966219487,-0.23035885675195594,-0.2081775512518159,-0.18324827860855125,-0.19892100308905786,-0.19855455913418937,-0.18412678594511817,-0.1755796145322505,0,-1.2212820385676062,34
37,86,-0.22183246052403988,-0.230264734783674,-0.20873739432866173,-0.19874011358883784,-0.20494112824458388,-0.20606960215669085,-0.18550894283570607,-0.17515796479375764,0,-1.2212820385676062,34
166,85,-0.2222808902601274,-0.23047172247857783,-0.2073272973648359,-0.19914286388944802,-0.20792364105924957,-0.21190098048402856,-0.1796998176428704,-0.1755796145322505,0,-1.2212820385676062,34
129,54,-0.19385662200226567,-0.22993026423470386,-0.14750663198361394,-0.18273144053794382,-0.183908612951065,-0.208956215711768,-0.09162475039383712,-0.1755796145322505,0,-1.2212820385676062,34
90,94,-0.22158659919110701,-0.23019485084283647,-0.20329879414934304,-0.19945069614324157,-0.210732479842877,-0.2106928718595114,-0.19474970629083407,-0.1755796145322505,0,-1.2212820385676062,34
51,99,-0.22254087949115323,-0.22997565717455556,-0.20503015516511408,-0.20063707867154082,-0.21211212776938088,-0.21279026926397882,-0.19391202551097544,-0.1755796145322505,0,-1.2212820385676062,34
12,51,-0.18584975520382357,-0.22747400182272703,-0.12436733180874612,-0.1643070101386579,-0.1892800461322991,-0.21157775138607304,-0.10532092952159959,-0.1755796145322505,0,-1.2212820385676062,34
142,97,-0.22315857760414634,-0.23019672442812816,-0.20833229084843052,-0.20035455789689838,-0.2099907351722493,-0.21367131582254908,-0.1826414970892668,-0.1755796145322505,0,-1.2212820385676062,34
103,102,-0.22437521578056374,-0.23027192871876026,-0.20897652148652587,-0.20056589013642834,-0.21334502276202114,-0.20530165495783725,-0.22180024520679933,-0.1755796145322505,0,-1.2212820385676062,34
64,103,-0.2262387113103506,-0.23026461620232647,-0.21293887501937406,-0.20154987388842743,-0.21493491888058353,-0.2072841303324942,-0.222163994435634,-0.1755796145322505,0,-1.2212820385676062,34
25,82,-0.2242676248435803,-0.22985151040906768,-0.20493456409829172,-0.19723063747372746,-0.21880582790201109,-0.2124779627846,-0.22207217583380964,-0.17357480002496617,0,-1.2212820385676062,34
157,78,-0.2261207336608319,-0.22960661621005568,-0.20233111523249322,-0.19854525242213783,-0.22864435833464447,-0.22536765785409973,-0.22229024501314257,-0.17538122437379072,0,-1.2212820385676062,34
119,76,-0.22648192311945584,-0.22957654398031066,-0.2063334990817692,-0.19979063303051722,-0.2249254343699213,-0.23071549252714457,-0.19088541385789148,-0.1755796145322505,0,-1.2212820385676062,34
80,76,-0.22549540260269163,-0.22969804242903605,-0.20808602135195062,-0.20051973390974104,-0.21909594708557406,-0.2205072400092971,-0.19854177355573446,-0.1755796145322505,0,-1.2212820385676062,34
41,48,-0.20006309826849003,-0.22993688107389854,-0.14866293508027864,-0.17781319680230404,-0.20475762877355982,-0.2177188228055227,-0.14910700724750384,-0.1755796145322505,0,-1.2212820385676062,34
2,78,-0.22735510192948608,-0.23097031751801506,-0.21267582933219206,-0.20113242059625153,-0.2183056937411674,-0.21739247104483295,-0.20487377289360226,-0.1755796145322505,0,-1.2212820385676062,34
118,79,-0.22594751850690217,-0.23045285223346706,-0.20955742615724324,-0.20148659519054968,-0.21780916933949282,-0.21849076379619944,-0.19950738552143865,-0.1755796145322505,0,-1.2212820385676062,34
79,96,-0.2288812797759879,-0.23023322376691174,-0.2180990236532175,-0.1980315782864243,-0.21831197026062163,-0.2176634860053959,-0.20407023715629705,-0.1755796145322505,0,-1.2212820385676062,34
40,91,-0.22710133545988714,-0.23012978921013363,-0.2141036658719286,-0.20332484136389842,-0.21651300216366257,-0.21703824315329706,-0.19871016231300886,-0.1755796145322505,0,-1.2212820385676062,34
1,78,-0.2138667496623872,-0.22951255748515917,-0.18255230198642353,-0.19239875054930908,-0.21067301007454214,-0.21662059706408612,-0.1763791405212649,-0.1755796145322505,0,-1.2212820385676062,34
133,85,-0.217730404029687,-0.2301749607981365,-0.186941709233179,-0.19022456893575637,-0.21823062900203985,-0.22058987665487279,-0.19479094268076058,-0.1755796145322505,0,-1.2212820385676062,34
94,100,-0.22914238672963394,-0.2299382012795682,-0.21462243219668903,-0.20253348541279192,-0.2233587887507266,-0.2276637397007759,-0.1938860785578706,-0.1755796145322505,0,-1.2212820385676062,34
55,107,-0.23049400583853824,-0.230456164605776,-0.2170900935783393,-0.20020790020887583,-0.2246680159541128,-0.2278722880046687,-0.1985408307754479,-0.1755796145322505,0,-1.2212820385676062,34
16,105,-0.2304035224280834,-0.2292536232545943,-0.2156800962750523,-0.19800682514872503,-0.22785491617207357,-0.22907999456960634,-0.20773019220973316,-0.1755796145322505,0,-1.2212820385676062,34
