LAB05/outputs/tables/q10_transformed_avocado.csv
Date,AveragePrice,Total Volume,4046,4225,4770,Total Bags,Small Bags,Large Bags,XLarge Bags,type,year,region
150,63,0.13212269480606786,0.22024048502475452,0.09109249943070222,0.021857523164065317,0.06657263663659045,0.12990865764332857,-0.12091959827725302,-0.10049374387530469,0,-1.2212820385676062,35
111,66,0.0837474310477395,0.1616095741388697,0.03829257019777027,0.04107507759572198,0.034748381274998436,0.09854534344619492,-0.15331184831614159,-0.10508271736970601,0,-1.2212820385676062,35
72,55,0.18006833320834878,0.3181233081775358,0.13959442674107042,-0.04570960929162775,0.05706241177243896,0.11255001673961085,-0.10584187711561131,-0.10643923127370443,0,-1.2212820385676062,35
33,61,0.11427572816412117,0.22614967816965323,0.08263718304621516,-0.09151798925442045,0.019175200854392192,0.08277995744019477,-0.1672354834356556,-0.11628752221673296,0,-1.2212820385676062,35
160,64,0.07210238870321167,0.13261438715216958,0.05779831356746124,-0.11345243319084022,0.024183843099351274,0.08879462132784596,-0.16470145398709124,-0.1256977722115953,0,-1.2212820385676062,35
122,63,0.12479380785509307,0.23042899440840245,0.0900961847190302,-0.0690287400286666,0.03896045309700471,0.10438131865472505,-0.15371371866091227,-0.11087672738215926,0,-1.2212820385676062,35
83,62,0.1286315548019711,0.20250147434815222,0.12130474126611424,-0.05184466516469329,0.04824449004602487,0.11809638843301865,-0.15709731611903585,-0.12512521030128265,0,-1.2212820385676062,35
44,65,0.12594445117079375,0.17439426401920982,0.143389915311747,-0.026649786320122264,0.045176813278376374,0.11282037500286064,-0.1555126254286201,-0.09546559900448388,0,-1.2212820385676062,35
5,65,0.14462282680723665,0.13943748674282916,0.24011766040967047,-0.05421380100185468,0.040326939598223276,0.11083807385402143,-0.16852610865754983,-0.10276533945037537,0,-1.2212820385676062,35
138,64,0.16236239362539404,0.21084696871151923,0.2398798620589907,-0.06721264139957506,0.012560367875744681,0.07398422063708827,-0.16802688600057689,-0.10315025027063493,0,-1.2212820385676062,35
99,65,0.1500654612800514,0.15807520173643325,0.2434627248700855,-0.07359560087726759,0.03350799299015023,0.10070972397660899,-0.16633500529062065,-0.08592987147350167,0,-1.2212820385676062,35
60,58,0.2056498245558006,0.3284406127154965,0.23337097413305763,-0.07680978650182292,0.022303675700631666,0.0891297111833971,-0.17642812410572034,-0.0829364974586785,0,-1.2212820385676062,35
21,67,0.13279525398839265,0.15775520601729043,0.22513878938995338,-0.06921652887030971,-0.0046621581522129,0.05486790927160475,-0.18017588069715101,-0.08944211205660424,0,-1.2212820385676062,35
148,52,0.20038332695226208,0.21461019520935237,0.36096853791164607,-0.07679136123391146,-0.005923322831829709,0.052656072308822285,-0.17854679735237108,-0.0889238107024515,0,-1.2212820385676062,35
109,69,0.15529624967283312,0.25192591913846657,0.1754235365446232,-0.06884904713807552,0.014001554084264655,0.07363643910081054,-0.1608781929918389,-0.1067207079087841,0,-1.2212820385676062,35
70,66,0.19584506617493677,0.3436580621847241,0.1627123414253155,-0.06688247548770702,0.05363835240501797,0.12014969330359955,-0.1443577310585841,-0.08672004082258074,0,-1.2212820385676062,35
31,65,0.2501863423664634,0.4459497082186529,0.20935512629904995,-0.06925179743868569,0.05603465452629186,0.12606460620957385,-0.1506308681142109,-0.11609987112667985,0,-1.2212820385676062,35
163,66,0.1825727963303407,0.32155092574546196,0.1512770669643964,-0.07635604101527596,0.05051175341677371,0.11786799178788399,-0.1487183768171926,-0.10464693727804651,0,-1.2212820385676062,35
125,59,0.25508716803827947,0.5037949307171982,0.16856413419859995,-0.0632602353187488,0.048151234554230246,0.12438143738789155,-0.17857659740751677,-0.09921240345015286,0,-1.2212820385676062,35
86,61,0.25400907824063934,0.48928769656029025,0.17710403746541417,-0.07502383831113195,0.053838835995728446,0.1281787694985069,-0.1669088305615759,-0.10320677168330153,0,-1.2212820385676062,35
47,67,0.2187000237644779,0.3926963270531025,0.16917603329689168,-0.016281385559034942,0.0573665441222148,0.1326008083817818,-0.16554692295192608,-0.11183815661161814,0,-1.2212820385676062,35
8,66,0.21496967085008023,0.3701929945207457,0.1758676737358939,0.09590551096534412,0.052773277676034513,0.12687673975621577,-0.16748777963843653,-0.09970866145336561,0,-1.2212820385676062,35
144,57,0.28789848889340575,0.4784890624270992,0.23396675313919452,0.2888704570379358,0.07728505326089838,0.14821499318191353,-0.13390865119962586,-0.09630381155432959,0,-1.2212820385676062,35
105,62,0.24651945640644204,0.4199236479721916,0.1632710384059648,0.13576978783160826,0.11050124595380627,0.20190479644721304,-0.16324785074695872,-0.10451015545939334,0,-1.2212820385676062,35
66,60,0.27746104738773675,0.5220067331320054,0.19543511528416208,-0.077956247616314,0.07193329123918174,0.14807640324485585,-0.16983710613172381,0.10663632062510052,0,-1.2212820385676062,35
27,59,0.3294293086913215,0.5018777233004511,0.2760546112212761,-0.029809533653120997,0.1760538438000923,0.28721970830385224,-0.15910843043212086,-0.10559988829560542,0,-1.2212820385676062,35
154,61,0.2824822309370346,0.5231258090253406,0.1541882758791294,-0.03910275489173835,0.13420608826776548,0.23573189154163718,-0.17169606390464268,-0.0932770899060331,0,-1.2212820385676062,35
115,61,0.3101467229003436,0.5976454109565362,0.14867019642009827,0.0005765248401419947,0.13791149591515017,0.2364253236984212,-0.15810104920067602,-0.10343455297634793,0,-1.2212820385676062,35
76,59,0.32551848700858077,0.6521328207737612,0.12298711082200818,0.04021430119076723,0.14888952389180787,0.2587865909202149,-0.18299876982743707,-0.09124344947828882,0,-1.2212820385676062,35
37,57,0.34047690513012463,0.7232428215964388,0.12450516506451549,-0.054018474550611456,0.11847602528012147,0.22946249610639327,-0.21727990066573194,-0.0771498352298719,0,-1.2212820385676062,35
166,62,0.29037830420466443,0.6266118063920453,0.10265795547046055,-0.10162536538676203,0.09884808147501054,0.2040174453117299,-0.21903347199878898,-0.07395920148484228,0,-1.2212820385676062,35
129,56,0.3405277383441074,0.7336348719104879,0.12901024497666644,-0.09949278021137307,0.10477951403656809,0.20915084820903512,-0.211138465917097,-0.06868688411130176,0,-1.2212820385676062,35
90,59,0.3231748051002826,0.7397954417013992,0.09864464218209355,-0.10622907677118594,0.07392052450045,0.1691695209449252,-0.21221159582591967,-0.08787138199859941,0,-1.2212820385676062,35
51,56,0.3634588053153815,0.8114038320225118,0.10734348739824283,-0.09835227473903518,0.11165755524137691,0.21758264068076744,-0.20685246376291805,-0.09999013808844529,0,-1.2212820385676062,35
12,54,0.42930824916093463,0.9427429277957287,0.17750477249202692,-0.050561782622130465,0.08291525344774295,0.17272514823832408,-0.19508759054745844,0.027439082410786176,0,-1.2212820385676062,35
142,66,0.27115711207947196,0.5770225888665637,0.12653579006828625,0.009663625026113449,0.05386644659746343,0.12937748333084947,-0.19715518969684434,0.2648425807495494,0,-1.2212820385676062,35
103,65,0.2754673313813894,0.6028190202861575,0.11472776027702943,0.09622367253599715,0.04085699622903394,0.12140154601036761,-0.19926525494957403,-0.0948619503172046,0,-1.2212820385676062,35
64,50,0.3791690482643408,0.8934353725924306,0.1464427003269249,-0.09767835660663711,0.01364356940036662,0.0859511487656504,-0.19926172977111112,-0.11676738901027238,0,-1.2212820385676062,35
25,66,0.23674852795659274,0.47848012929891515,0.11795573190937074,-0.10416721484636624,0.08265011866472169,0.16512831289536392,-0.18344765621519557,0.17254593993562373,0,-1.2212820385676062,35
157,61,0.23361001206523777,0.48939838039011674,0.12113794274430185,-0.1186885593264071,0.05535285619332753,0.13947955191374783,-0.1946719064219668,-0.11258706532945059,0,-1.2212820385676062,35
119,62,0.2317887641339704,0.4680510183610375,0.12875991431322947,-0.10506977380330203,0.06556648724659372,0.14945050886776742,-0.1841544544970072,-0.10879447853952169,0,-1.2212820385676062,35
80,63,0.2141152124461109,0.4319909048888564,0.11645270979813609,-0.11627801316489922,0.06617797639394271,0.158192624324953,-0.20744621039123343,-0.1222296183303727,0,-1.2212820385676062,35
41,64,0.19703238295432823,0.43096628299157624,0.09752321196897244,-0.1261469774972955,0.0318596005214559,0.11700447502698043,-0.21972436598707032,-0.12884658011125164,0,-1.2212820385676062,35
2,62,0.2225882274902594,0.4435898129151387,0.1377245375763335,-0.10629021516016487,0.05391149760866747,0.1462145457440524,-0.22051773609345926,-0.1205865408641546,0,-1.2212820385676062,35
118,61,0.2019212901124016,0.4156099826697615,0.11255419714544979,-0.023750877502051966,0.039166726498068016,0.12609344728341088,-0.21920821427538603,-0.11196532979011799,0,-1.2212820385676062,35
79,58,0.19029601350519337,0.4382136903601289,0.09499874408019227,-0.04829854554700568,-0.006425505226808752,0.06620123170881415,-0.2192728562106883,-0.12660041917188092,0,-1.2212820385676062,35
40,51,0.27332075377628656,0.6201831083634203,0.1621551642678832,-0.09632931060202858,-0.025855267169668218,0.04041042307775658,-0.21990320730839166,-0.1132687135662098,0,-1.2212820385676062,35
1,45,0.4953542239701007,0.8618894375760059,0.5242890148846251,-0.0844108609136622,-0.0018112494506278601,0.07113745118634075,-0.21762795055327253,-0.1002523974432183,0,-1.2212820385676062,35
133,61,0.19116906490642757,0.4334734168016628,0.13205663510726975,-0.08204879740155775,-0.038855368667440465,0.02144142634220617,-0.2148251877325828,-0.107947787777776,0,-1.2212820385676062,35
94,55,0.2386892419037695,0.5324360417054624,0.15779234146985915,-0.0775632682911114,-0.03129584346262867,0.032679849316664795,-0.21833064979035988,-0.11219424151141771,0,-1.2212820385676062,35
55,62,0.15989740696060678,0.3512817756016714,0.12711138781531123,-0.11939467514919591,-0.03283103550614138,0.030965226033878673,-0.21882134643430629,-0.11869081268331681,0,-1.2212820385676062,35
16,54,0.2412518237063566,0.5809172746463186,0.14242035114970444,-0.11504482301155218,-0.06165409045152625,-0.006479172293441479,-0.22092833740349274,-0.11712403912419865,0,-1.2212820385676062,35
