LAB05/outputs/tables/q10_transformed_avocado.csv
Date,AveragePrice,Total Volume,4046,4225,4770,Total Bags,Small Bags,Large Bags,XLarge Bags,type,year,region
150,54,-0.12551316834730838,-0.16226654568406065,-0.13616341894543385,-0.061946737053242176,-0.05838699476932671,-0.0005781438449463597,-0.22255123119073897,-0.16150013063700025,0,-1.2212820385676062,36
111,51,-0.12577135358560784,-0.16648178056258034,-0.13304499085535035,-0.08899661231471788,-0.05474438273580353,0.004402248578382603,-0.22261222497623662,-0.16765418204813975,0,-1.2212820385676062,36
72,46,-0.12206356071508032,-0.15686825632247747,-0.10997564407369231,-0.09633768572380651,-0.0814572292536175,-0.031073411409913904,-0.22228467031231752,-0.16505871877848943,0,-1.2212820385676062,36
33,26,-0.030946963291594173,-0.159698619169784,-0.020734124585772742,-0.08821539956665354,0.1313964180227564,0.2433989532911521,-0.20415836661786957,-0.12562429437512873,0,-1.2212820385676062,36
160,57,-0.14386360242959614,-0.16952514713182437,-0.15057387608196623,-0.08530941842352632,-0.09319530419107243,-0.046808361505745015,-0.2223694385572161,-0.15459264879501497,0,-1.2212820385676062,36
122,56,-0.13607188565292197,-0.16600648280523003,-0.13578272399216973,-0.07475453161751691,-0.08963291804110687,-0.04251106830800667,-0.22270392060671926,-0.13263860168705388,0,-1.2212820385676062,36
83,43,-0.08172395814310887,-0.16523128491443925,-0.07956066778717684,-0.060478392091752355,0.02948599121203766,0.10281811100958306,-0.21389183524885888,0.25671310596571223,0,-1.2212820385676062,36
44,57,-0.1285948135851389,-0.15224950492900624,-0.11867008761604352,-0.07215963971998579,-0.10227134397762833,-0.06065615115123547,-0.2217665920496128,-0.08480905186032298,0,-1.2212820385676062,36
5,59,-0.12369316265180277,-0.15395479957221347,-0.0934165555503762,-0.1009305094499191,-0.11061737081085637,-0.06973109152834092,-0.2222284724091473,-0.16094113386572756,0,-1.2212820385676062,36
138,44,-0.10721098455522825,-0.1562988524076916,-0.08644942016188384,-0.08529657657013348,-0.06010464188724989,-0.005344278718353435,-0.21731187321458154,-0.12848427785605873,0,-1.2212820385676062,36
99,58,-0.11943456128622588,-0.14221616319137184,-0.08823812751270341,-0.06284715570127916,-0.12123343931262076,-0.0835636297137819,-0.2223564035949928,-0.16756883471501316,0,-1.2212820385676062,36
60,32,-0.05588259339080952,-0.1650161862553613,0.024277150827047844,0.08177649441214534,-0.022578589402033642,0.03954465478320777,-0.20634889611853738,-0.08100572600198741,0,-1.2212820385676062,36
21,66,-0.1242852747620188,-0.14930132756017228,-0.1020295764325079,0.2083525015493825,-0.14184415019131238,-0.11093809742059263,-0.22205602559759588,-0.16611058226821485,0,-1.2212820385676062,36
148,43,-0.10599414078734444,-0.10532303156332239,-0.08975612361989639,-0.09062343319162802,-0.1166093276771353,-0.07717125765515132,-0.22272671129538643,-0.17429544803646535,0,-1.2212820385676062,36
109,47,-0.08231132717132524,-0.13564384733998713,-0.0031452603248743305,-0.09313066548121675,-0.10025969414310343,-0.05583166403085519,-0.22249273782252316,-0.1661297995485215,0,-1.2212820385676062,36
70,53,-0.09124923085149166,-0.05571073810760276,-0.09460090478367505,-0.07199511510550363,-0.12472596242698065,-0.0879511316791767,-0.22264399257284997,-0.1732464106173732,0,-1.2212820385676062,36
31,63,-0.11159434229740635,-0.093359082716665,-0.08870025343123196,-0.08823540680201195,-0.15311438614476017,-0.1257448661731487,-0.22178651340697292,-0.17359627816177947,0,-1.2212820385676062,36
163,67,-0.12244769823527153,-0.10952665337520286,-0.09054977032082416,-0.08937386502235967,-0.16800055638910727,-0.14529581734607055,-0.22216628990067963,-0.17360871287256613,0,-1.2212820385676062,36
125,61,-0.08841806551545205,-0.1106735168309865,-0.016799659393705563,-0.07004240893452304,-0.13951648419311757,-0.10791805369306148,-0.2213732067274214,-0.17314354164632,0,-1.2212820385676062,36
86,70,-0.11140936209942011,-0.08878973231259357,-0.08654209615794559,-0.06985797014159112,-0.16296484095037936,-0.13854031847721085,-0.2223450492411065,-0.17534731152619076,0,-1.2212820385676062,36
47,72,-0.11655244691002521,-0.09394571254854193,-0.0914021752144338,-0.04935381089102589,-0.17066168910021398,-0.14871174233757503,-0.22236710210172325,-0.17511444330600437,0,-1.2212820385676062,36
8,67,-0.10121395676714702,-0.07848494996493671,-0.06451400268592446,-0.02519102622022272,-0.17224218564925445,-0.15068222293477654,-0.22270424853029722,-0.1754631804221573,0,-1.2212820385676062,36
144,71,-0.12064592937153258,-0.09020204406763553,-0.10267289351566404,-0.052578232775532044,-0.17568572352050682,-0.15540297868364272,-0.22217784920680217,-0.1755796145322505,0,-1.2212820385676062,36
105,71,-0.11692116796589032,-0.0826240556183132,-0.09541268970266885,-0.05950799464841528,-0.18047146313676934,-0.16856418458718678,-0.20130428375723156,-0.17511218244949772,0,-1.2212820385676062,36
66,55,-0.08180636846893913,-0.022771756852405404,-0.08931362252247135,-0.0540870574922819,-0.1423150412469766,-0.12585263154244386,-0.17805142779743902,-0.1701309503511902,0,-1.2212820385676062,36
27,72,-0.07981725944883193,-0.061031807295645106,-0.01821071974274001,0.0012084743067417416,-0.1791119933584302,-0.16412466951418914,-0.20938723103953286,-0.1751087911647377,0,-1.2212820385676062,36
154,69,-0.09916745587571321,-0.07608443659716653,-0.059817964876341154,-0.01152133856808952,-0.17537785973428638,-0.1549768491373041,-0.2223308255559132,-0.17428075246917202,0,-1.2212820385676062,36
115,61,-0.07849714216475924,-0.09693642899946264,-0.008609606143389346,0.09138573691251692,-0.14998494802009074,-0.12378671540305224,-0.2226734647044177,-0.06950700980909415,0,-1.2212820385676062,36
76,61,-0.06595241708496132,-0.08898012652426007,0.02346621302263405,-0.03937327132516575,-0.1411758681756866,-0.11022248497700551,-0.22112173033358537,-0.17192211391859477,0,-1.2212820385676062,36
37,69,-0.08880967092848639,-0.07817345257570342,-0.04600671672949023,-0.03354390739699493,-0.15089108882951005,-0.12309478426869835,-0.22079450359324423,-0.1751076607364844,0,-1.2212820385676062,36
166,54,-0.07249002591655176,-0.03420374977384113,-0.05695317285756561,-0.052307995512830566,-0.13473202218824634,-0.10119466598261881,-0.2225214721260405,-0.17416488357320548,0,-1.2212820385676062,36
129,54,-0.07082913353777305,-0.08124968989449527,0.0001476567586008218,-0.06822584502088827,-0.13655420022548137,-0.10378110185563244,-0.2221730123340275,-0.17146202961948864,0,-1.2212820385676062,36
90,59,-0.10529159999877767,-0.06551925751565806,-0.10995419214271039,-0.03337677718907075,-0.14678054655402323,-0.11720286917067213,-0.22273425353767912,-0.167714659959693,0,-1.2212820385676062,36
51,44,-0.05078232951830624,-0.04046664736228669,0.0003579072753406338,-0.061671567774382596,-0.11963652647117892,-0.0818046324554036,-0.22134525124240165,-0.16667975289376755,0,-1.2212820385676062,36
12,48,-0.0597154988034364,-0.05238938523795014,0.008977406092495928,-0.05627873380465965,-0.14673678329398346,-0.11700438575825313,-0.2227041255589555,-0.1740614493880256,0,-1.2212820385676062,36
142,48,-0.08084709895626446,-0.04295453937237333,-0.05859633429647711,-0.08355818045975948,-0.14736080520069506,-0.11794984226146119,-0.22238452304180156,-0.17337923593713975,0,-1.2212820385676062,36
103,52,-0.06949147148334876,-0.11739065212945303,0.03490920287026709,-0.08732140184531298,-0.1258746770246139,-0.09051210377882125,-0.21990402711733656,-0.16705335943149377,0,-1.2212820385676062,36
64,69,-0.1207316262651709,-0.11249955100229464,-0.07933143193779102,-0.06397640128767115,-0.17464225976606462,-0.153899677915848,-0.22255750272916713,-0.1755796145322505,0,-1.2212820385676062,36
25,75,-0.1210135587656676,-0.10451128690120899,-0.09663647959420746,-0.03260645209931771,-0.16816567245177813,-0.14603621006174158,-0.22214296633619834,-0.15190901212160476,0,-1.2212820385676062,36
157,73,-0.12996250357627645,-0.10310862766785964,-0.1096531259599669,-0.040503726651370094,-0.1845487165376708,-0.16747802063313558,-0.22108295337049347,-0.17546883256342397,0,-1.2212820385676062,36
119,63,-0.12290988522568157,-0.10998255122408988,-0.0678026426712751,-0.05947012048659727,-0.20006502297181658,-0.1874972640003008,-0.2225786128094973,-0.1754699629916773,0,-1.2212820385676062,36
80,74,-0.13257503252258265,-0.10791076906806724,-0.11204762820107521,-0.0515441844066826,-0.18341117596982526,-0.1654319796389578,-0.22273425353767912,-0.1755796145322505,0,-1.2212820385676062,36
41,70,-0.1247431906621056,-0.1147145082773794,-0.07775595661483108,-0.050203885751486585,-0.18927287731282547,-0.17348019386984992,-0.2218305781377592,-0.1753603114511041,0,-1.2212820385676062,36
2,47,-0.07293827901771743,-0.1217541690304037,0.05367467606261565,-0.06130064293652859,-0.1580940286390905,-0.13777058881422144,-0.20506351767389028,-0.17459331588121832,0,-1.2212820385676062,36
118,64,-0.10297281782315044,-0.13905059459074012,-0.0061951717945161605,-0.06760869160276288,-0.16729811347842263,-0.14423420583034152,-0.22243067828539723,-0.1755796145322505,0,-1.2212820385676062,36
79,76,-0.14094742067871546,-0.1205707429924511,-0.1180570008963308,-0.05937706357795352,-0.18830037168946726,-0.1752183644420095,-0.21259883258102463,-0.17514100836995766,0,-1.2212820385676062,36
40,61,-0.1166781762265238,-0.10361465380507823,-0.05224337358857964,-0.08796768207584388,-0.20230240443169026,-0.1919093720119618,-0.21812077870047555,-0.1755796145322505,0,-1.2212820385676062,36
1,51,-0.021545430585098356,-0.10099073317847664,0.19946226477733583,-0.06454358314585484,-0.18240376924798304,-0.1795794376910444,-0.1753992638799202,-0.17546939777755063,0,-1.2212820385676062,36
133,62,-0.12100185742600915,-0.12765529864366731,-0.05446556275806066,-0.08798936433555786,-0.18389188232570228,-0.18999543439362562,-0.14954933516370342,-0.1755796145322505,0,-1.2212820385676062,36
94,64,-0.11901904355869027,-0.10851179467553976,-0.061592728056770206,-0.07581351923788288,-0.19412779046013326,-0.19807132372557415,-0.16622802022331631,-0.1755796145322505,0,-1.2212820385676062,36
55,58,-0.09859452747627111,-0.1355084353464796,-0.0018154897553409582,-0.0008979618773182949,-0.16912610160555636,-0.15728983088830575,-0.18988930499943849,-0.1755796145322505,0,-1.2212820385676062,36
16,50,-0.07258773108922094,-0.13164322098430878,0.06808826420107608,-0.02845834733961365,-0.16535886162274016,-0.16201118972654122,-0.1602196404664323,-0.1755796145322505,0,-1.2212820385676062,36
