LAB05/outputs/tables/q10_transformed_avocado.csv
Date,AveragePrice,Total Volume,4046,4225,4770,Total Bags,Small Bags,Large Bags,XLarge Bags,type,year,region
150,49,-0.1859641567200886,-0.19412863438396682,-0.17352742562255527,-0.010890412727484861,-0.18914693119304932,-0.1736870133175508,-0.22067296691716862,-0.1755796145322505,0,-1.2212820385676062,37
111,51,-0.19142007355989507,-0.19750819488443247,-0.17982433558240893,-0.01792625947622196,-0.19546263072998385,-0.1817003823848852,-0.2216952686714099,-0.1755796145322505,0,-1.2212820385676062,37
72,51,-0.18619527917183817,-0.19128416035629883,-0.17319352129226917,0.011178777612651083,-0.19641707741772324,-0.18309908065207695,-0.2212756904534302,-0.1755796145322505,0,-1.2212820385676062,37
33,50,-0.18539848483071433,-0.18891682604958013,-0.1749343500592285,0.03406658957812613,-0.197031872131053,-0.18370608340125194,-0.22190448391413836,-0.1755796145322505,0,-1.2212820385676062,37
160,51,-0.19253501924745678,-0.19283195525365687,-0.184629999984699,-0.009083061447805817,-0.20046103180426633,-0.18841597013948536,-0.22136164742129885,-0.1755796145322505,0,-1.2212820385676062,37
122,55,-0.1944608553220363,-0.19675642076249936,-0.1823156746470749,0.023514494479376053,-0.20854864652393704,-0.19918249578547095,-0.22112636225412383,-0.1755796145322505,0,-1.2212820385676062,37
83,53,-0.17711375682194128,-0.1902267230474331,-0.15179589699894072,0.1450306252660176,-0.20668207656073953,-0.19771046185097627,-0.2180829445176702,-0.1755796145322505,0,-1.2212820385676062,37
44,60,-0.18158058469948068,-0.18331842671125245,-0.1881991345565708,0.2755612718498885,-0.20096216980263182,-0.1911698906313376,-0.21496455525320912,-0.1755796145322505,0,-1.2212820385676062,37
5,65,-0.17985306620731376,-0.18686020649520074,-0.19500612376421733,0.38062010222906445,-0.19350684090462464,-0.18144295703810978,-0.21457625274647585,-0.1755796145322505,0,-1.2212820385676062,37
138,75,-0.1886291085946742,-0.18994395396600566,-0.20346049337358554,0.253553871297092,-0.1961151453986769,-0.18396736851999068,-0.21739942880989263,-0.1755796145322505,0,-1.2212820385676062,37
99,76,-0.18331312425647509,-0.19226315215103207,-0.19134850724395933,0.2813064192757367,-0.19233710655767197,-0.179017224379027,-0.21726674273216692,-0.1755796145322505,0,-1.2212820385676062,37
60,70,-0.18185787836153822,-0.1937781869747667,-0.1998268369078699,0.43344180916870256,-0.19152381564912943,-0.17901447697190037,-0.21398738398138242,-0.1755796145322505,0,-1.2212820385676062,37
21,82,-0.19196780107860278,-0.19335935765513165,-0.19793018058341375,0.21491915536473782,-0.2059678917929821,-0.19820704563763133,-0.21367700431485817,-0.1755796145322505,0,-1.2212820385676062,37
148,65,-0.1817874850017022,-0.19441940375364403,-0.18613627767353524,0.4324670380506592,-0.20706369705537733,-0.19915478047845664,-0.2152081614811745,-0.1755796145322505,0,-1.2212820385676062,37
109,75,-0.18362059642927764,-0.19199047829499483,-0.19214885611612303,0.22704381916265876,-0.18687374619489935,-0.1743521538819232,-0.20944916760531707,-0.1755796145322505,0,-1.2212820385676062,37
70,69,-0.1771388505634608,-0.18110033098316852,-0.19898958872120648,0.13660367078996496,-0.1599379564892971,-0.13676523883565211,-0.21552104156498056,-0.1755796145322505,0,-1.2212820385676062,37
31,57,-0.15897224131303114,-0.1870178169169743,-0.17597003898878102,0.5072810703238934,-0.15722873083510217,-0.13224480257128468,-0.21839479984029525,-0.1755796145322505,0,-1.2212820385676062,37
163,69,-0.1728897035096842,-0.19033286916435913,-0.19382918263097107,0.1786709769114614,-0.1441008681981962,-0.11371896930625819,-0.2219867927322024,-0.1755796145322505,0,-1.2212820385676062,37
125,66,-0.16582436744471662,-0.1913657364180073,-0.18824062656090135,0.22123595138038463,-0.1294964214054119,-0.09460808574509803,-0.2213990307091845,-0.1755796145322505,0,-1.2212820385676062,37
86,76,-0.17649687817915935,-0.1918235948118409,-0.1959474424685481,0.23338648499890852,-0.1581958826583443,-0.1326307261596721,-0.22112418976041995,-0.1755796145322505,0,-1.2212820385676062,37
47,76,-0.17853832615356668,-0.1977012848454005,-0.19108806934087655,0.2010157087580915,-0.16021120309067605,-0.13558260738649,-0.22024277217335297,-0.1755796145322505,0,-1.2212820385676062,37
8,75,-0.17588070607606476,-0.19229778580994716,-0.19162615320007906,0.20175123056401176,-0.157258866240301,-0.1312890801468131,-0.22143973422329685,-0.1755796145322505,0,-1.2212820385676062,37
144,73,-0.17907861184032134,-0.19165895646886769,-0.20115674866316663,0.17314925912326687,-0.15452379430486385,-0.12751270874227624,-0.22193325920810297,-0.1755796145322505,0,-1.2212820385676062,37
105,73,-0.1749353994091791,-0.1950481853018723,-0.19217183617536693,0.20664667535703382,-0.15028809681189073,-0.12307189367663814,-0.2183926683370386,-0.1755796145322505,0,-1.2212820385676062,37
66,72,-0.17474604677296363,-0.20136264996566663,-0.17964597643809294,0.18020464782281917,-0.15393771542852036,-0.12830944340702288,-0.2171271702593044,-0.1755796145322505,0,-1.2212820385676062,37
27,69,-0.16649245573656068,-0.19839881985895277,-0.1595136340406336,0.16798543820571615,-0.15208593939405268,-0.12591907858895118,-0.21695230501136561,-0.1755796145322505,0,-1.2212820385676062,37
154,70,-0.17221097368771268,-0.20017723966649795,-0.17524012520243143,0.2067291237780922,-0.1548504166710365,-0.12794935884761208,-0.22191813373307032,-0.1755796145322505,0,-1.2212820385676062,37
115,70,-0.1698033875812154,-0.19573308744919624,-0.1722684555608117,0.17242853336582092,-0.15201061102082855,-0.12468732886115874,-0.22041513700400997,-0.1755796145322505,0,-1.2212820385676062,37
76,64,-0.16326545154067135,-0.1840787307847878,-0.1658891844706646,0.1715458885873349,-0.15175725865397185,-0.12398077616009662,-0.22155196606784827,-0.1755796145322505,0,-1.2212820385676062,37
37,67,-0.1710367105186108,-0.17376153692275143,-0.19404900055943802,0.17729466523262022,-0.15844882943428315,-0.13323159079926655,-0.22030897174565048,-0.1755796145322505,0,-1.2212820385676062,37
166,69,-0.17036741763451288,-0.1705807661933606,-0.19471472465373982,0.1926057836963207,-0.1610404742813833,-0.13623411813111697,-0.2216024662988517,-0.1755796145322505,0,-1.2212820385676062,37
129,74,-0.1689965453191277,-0.18510771647565866,-0.1779449288362143,0.2534216374299092,-0.16470850672568485,-0.1415444942533373,-0.22018866478299218,-0.1755796145322505,0,-1.2212820385676062,37
90,69,-0.16960863744509316,-0.17031646418046217,-0.19114930243693923,0.1704718257477687,-0.160663741157306,-0.1361425289589042,-0.22035963593844288,-0.1755796145322505,0,-1.2212820385676062,37
51,64,-0.16881329382685198,-0.17100161139590442,-0.19465559273403735,0.1391635732898461,-0.14930754020881254,-0.12102468670967981,-0.22069018290501072,-0.1755796145322505,0,-1.2212820385676062,37
12,54,-0.14917817368842048,-0.1755191101293929,-0.15493107636459164,0.539638632483683,-0.16689390156965866,-0.14521828685715468,-0.2180315834872747,-0.1722041557678011,0,-1.2212820385676062,37
142,69,-0.1711391008601905,-0.17179473088102537,-0.19339261964065096,0.15002052282131312,-0.15915957681901147,-0.13487782374757776,-0.2187221495519781,-0.16765079076337974,0,-1.2212820385676062,37
103,66,-0.17235151427675596,-0.17830654652887726,-0.1965821139999612,0.12690397697439174,-0.14863986657956357,-0.12000131105996235,-0.22112111547687674,-0.1755796145322505,0,-1.2212820385676062,37
64,63,-0.1666908254407535,-0.17520739138831076,-0.18471901345595898,0.13589988138989226,-0.1482568873553509,-0.12072732344467285,-0.21735237177645764,-0.1755796145322505,0,-1.2212820385676062,37
25,65,-0.1752311383901241,-0.17714073377375114,-0.20083200479740745,0.13370169109390945,-0.15577075316258177,-0.13001945640663062,-0.2193071652150307,-0.1755796145322505,0,-1.2212820385676062,37
157,76,-0.1771132182302124,-0.18715157667703897,-0.18596393968677324,0.19835325754488498,-0.17471832834271395,-0.1553576129610878,-0.21840586726105088,-0.1755796145322505,0,-1.2212820385676062,37
119,72,-0.17547250856299504,-0.1697820812903268,-0.19525593951487039,0.14042440134506032,-0.17359487191949194,-0.1534514618966082,-0.21969427899879396,-0.1755796145322505,0,-1.2212820385676062,37
80,71,-0.17319392096687766,-0.17896241996231485,-0.1861384120700751,0.22081896337275198,-0.17373266129407033,-0.15288999909580592,-0.22196855198317922,-0.1755796145322505,0,-1.2212820385676062,37
41,77,-0.18872252530309333,-0.19896667431079698,-0.2002302627690309,0.1399371553714016,-0.1764332174423955,-0.15640296786781857,-0.22214112176607242,-0.1755796145322505,0,-1.2212820385676062,37
2,73,-0.18352732739923575,-0.18638089278287923,-0.19927205160336942,0.12553631958805442,-0.17398478674840048,-0.15338727978573213,-0.2214668289089245,-0.1755796145322505,0,-1.2212820385676062,37
118,64,-0.17139828509927746,-0.17953032975212127,-0.1877548395694469,0.43300872231587445,-0.18786376320613724,-0.17206628434856663,-0.22044276456545175,-0.1755796145322505,0,-1.2212820385676062,37
79,74,-0.17953401431233995,-0.17945518079945139,-0.19934417261329862,0.2388117027728395,-0.18113926858306664,-0.17767848659712646,-0.17609360106576993,-0.1755796145322505,0,-1.2212820385676062,37
40,67,-0.18189346885046231,-0.17781691623931675,-0.20553589087442317,0.10117420701893631,-0.16894572518460002,-0.16101615927717938,-0.177763019010637,-0.1755796145322505,0,-1.2212820385676062,37
1,52,-0.14662296711773393,-0.1687811993788312,-0.14935653921031655,0.6105515330327537,-0.18112150370086327,-0.18897172369425858,-0.1414810214710679,-0.1755796145322505,0,-1.2212820385676062,37
133,69,-0.17876809923033957,-0.18328697893787554,-0.19581619784396131,0.12309311045161259,-0.16524075354745213,-0.15946813608215693,-0.16752020308220575,-0.1755796145322505,0,-1.2212820385676062,37
94,75,-0.18709953414549496,-0.1932044983206218,-0.19871773138138343,0.1554440655708885,-0.18167708214018183,-0.18212727584442487,-0.1646609554252151,-0.1755796145322505,0,-1.2212820385676062,37
55,77,-0.18673593260670882,-0.19686214789199727,-0.20012620886145338,0.17153137170958652,-0.17574571041726195,-0.17607058332872874,-0.15920775028579073,-0.1755796145322505,0,-1.2212820385676062,37
16,73,-0.18229811339551402,-0.18948687820906607,-0.18518265919770457,0.1590181953180779,-0.18654685005485716,-0.1851538597411161,-0.17509027788860215,-0.1755796145322505,0,-1.2212820385676062,37
