LAB05/outputs/tables/q10_transformed_avocado.csv
Date,AveragePrice,Total Volume,4046,4225,4770,Total Bags,Small Bags,Large Bags,XLarge Bags,type,year,region
150,51,-0.1995298229611744,-0.19460840661083229,-0.1886737429575871,-0.15683323757784323,-0.2016399426457361,-0.18953703286503817,-0.2227201528238275,-0.17528287711575086,0,-1.2212820385676062,38
111,52,-0.20031376928347502,-0.19558814942076683,-0.1837935906075707,-0.16205382320966663,-0.2085178621732696,-0.19863369786142332,-0.22271273355287652,-0.17513422580043767,0,-1.2212820385676062,38
72,51,-0.19582246733446979,-0.18593852111303896,-0.18274503716346494,-0.146499826214406,-0.20814253847763195,-0.19812002654263897,-0.22273425353767912,-0.1755796145322505,0,-1.2212820385676062,38
33,51,-0.19514185823275612,-0.17987524336510122,-0.18076768071769578,-0.14713372987608728,-0.21588132472837587,-0.20835673147672987,-0.22270929035530812,-0.1755796145322505,0,-1.2212820385676062,38
160,52,-0.20550582250659297,-0.1946719662131325,-0.19077721151019358,-0.1613583158744632,-0.219423471891539,-0.21303031223493338,-0.22273425353767912,-0.1755796145322505,0,-1.2212820385676062,38
122,54,-0.20339109420485654,-0.1964860078574892,-0.18741287934560583,-0.15162865773430662,-0.21485927617439804,-0.2070047793366494,-0.22272343205960696,-0.17543039800281068,0,-1.2212820385676062,38
83,47,-0.18871263374747016,-0.18624146483440052,-0.16085535556978103,-0.12003295248558343,-0.2124667257691146,-0.20468592751578685,-0.22013291777474164,-0.1755796145322505,0,-1.2212820385676062,38
44,48,-0.1875839829273661,-0.16551794346406717,-0.18182409903932376,-0.09793966040610877,-0.2119014739864045,-0.20426172785542993,-0.21914529393886797,-0.1755796145322505,0,-1.2212820385676062,38
5,53,-0.18468181324840013,-0.17470012409965427,-0.1671589012605114,-0.06000249906094819,-0.21200024551468238,-0.20440417756445098,-0.21910889442171613,-0.1755796145322505,0,-1.2212820385676062,38
138,55,-0.1941038008579762,-0.17739337528747134,-0.18688248595798262,-0.08984994416698111,-0.2142058185068209,-0.20722999971110592,-0.21938213674303822,-0.1755796145322505,0,-1.2212820385676062,38
99,53,-0.1834173504429802,-0.17597711082084358,-0.15704890433983373,-0.08965582745555026,-0.2150468923932386,-0.20765355607613567,-0.22158652101487414,-0.17420388334794543,0,-1.2212820385676062,38
60,54,-0.19065352143391426,-0.18281409233459261,-0.17446482434569227,-0.06360575562054308,-0.21319168911551478,-0.20565783953932681,-0.22020194568789891,-0.1740495798913656,0,-1.2212820385676062,38
21,57,-0.18816620637761336,-0.17845758754399518,-0.16923432367648375,-0.10685106914856081,-0.21174347604434246,-0.2034013203552746,-0.22113816750292983,-0.1755796145322505,0,-1.2212820385676062,38
148,50,-0.18733982134359917,-0.1827375836491372,-0.16084346274548134,-0.05964041462941534,-0.2187488018189565,-0.21316547126357926,-0.2195934834890233,-0.1755796145322505,0,-1.2212820385676062,38
109,57,-0.18963686004991298,-0.17099101022343122,-0.18480957997061562,-0.10373719887152343,-0.20779338553597088,-0.1985162696602339,-0.2201108649141249,-0.1755796145322505,0,-1.2212820385676062,38
70,54,-0.17994273014755738,-0.1634843445019637,-0.17097087534531855,-0.1241446719940078,-0.19814781498252115,-0.18586821239802076,-0.21980278071264622,-0.1755796145322505,0,-1.2212820385676062,38
31,51,-0.17309950236201654,-0.17467371998626086,-0.15131450337623947,-0.0312208347296122,-0.1939569352859743,-0.17943970858517808,-0.22253385124110792,-0.1754270067180507,0,-1.2212820385676062,38
163,59,-0.18460468170064398,-0.17579202905354843,-0.17357737216259608,-0.11425011701173449,-0.19658222389971297,-0.18284047593053493,-0.22273425353767912,-0.1755796145322505,0,-1.2212820385676062,38
125,57,-0.17911637407008776,-0.17104013452301997,-0.16514232839271484,-0.09942270835916432,-0.19537278220189944,-0.18124192724835386,-0.22273425353767912,-0.1755796145322505,0,-1.2212820385676062,38
86,58,-0.18183191881933625,-0.17599547511887137,-0.16616983685303888,-0.09556242861789538,-0.19769209302718582,-0.18430741711035584,-0.22273425353767912,-0.1755796145322505,0,-1.2212820385676062,38
47,59,-0.1836029155631666,-0.17461096673712415,-0.17259184570425182,-0.09406049011238517,-0.19799236212346888,-0.18470429012129197,-0.22273425353767912,-0.1755796145322505,0,-1.2212820385676062,38
8,58,-0.17812282000864887,-0.17085921100831314,-0.16049495814625747,-0.09148355819822226,-0.1986648217255489,-0.1855930964297468,-0.22273425353767912,-0.1755796145322505,0,-1.2212820385676062,38
144,56,-0.1817779380289593,-0.17301075097871474,-0.17294767535307926,-0.10308319491757512,-0.19223671266572256,-0.17709690741536263,-0.22273425353767912,-0.1755796145322505,0,-1.2212820385676062,38
105,55,-0.18108962069508258,-0.1724071640141346,-0.1753208585439241,-0.09711275671590036,-0.18835369675539615,-0.17196995087331562,-0.22271798033012363,-0.1755796145322505,0,-1.2212820385676062,38
66,55,-0.17839409360509142,-0.16809510351260834,-0.1699052218137595,-0.09418546554069374,-0.19137652530729957,-0.17617440851414468,-0.22207840638179058,-0.1755796145322505,0,-1.2212820385676062,38
27,54,-0.16304621285481102,-0.15662865875699047,-0.14710891168830062,-0.0709791197769311,-0.18270084431578773,-0.16523171376240298,-0.22047522899966823,-0.1755796145322505,0,-1.2212820385676062,38
154,53,-0.17791864741292535,-0.16964167306937478,-0.16958007100080014,-0.10650731692803077,-0.18678231586223518,-0.16989364819478658,-0.2227160537791032,-0.1755796145322505,0,-1.2212820385676062,38
115,54,-0.1696046327549799,-0.15614951105855557,-0.16232882002620935,-0.10905465674524495,-0.1835500908592008,-0.1656155868469349,-0.22273425353767912,-0.1755796145322505,0,-1.2212820385676062,38
76,51,-0.1625484411667858,-0.15080868621800725,-0.15063894610877368,-0.11027118971194476,-0.1798314203888013,-0.1607005291052766,-0.22273425353767912,-0.1755796145322505,0,-1.2212820385676062,38
37,55,-0.17431775052231174,-0.16464708204747605,-0.16955770551487895,-0.11638186467494567,-0.1795305631856873,-0.16148522878660984,-0.2191179943010041,-0.1755796145322505,0,-1.2212820385676062,38
166,55,-0.1679603874936712,-0.15061543814857575,-0.16366238600126295,-0.10583125848673387,-0.18361365709580627,-0.17235890331053536,-0.20236655119753483,-0.1755796145322505,0,-1.2212820385676062,38
129,56,-0.16516908952818787,-0.15966263368350658,-0.148299149198435,-0.09105270471120167,-0.182602620335249,-0.16871724866910695,-0.2094282214867759,-0.17543209364519066,0,-1.2212820385676062,38
90,57,-0.17030340919275327,-0.1594776784029822,-0.15885178009725615,-0.10762976936009176,-0.18612862497988028,-0.17366586498366848,-0.2085574614159921,-0.17528400754400417,0,-1.2212820385676062,38
51,59,-0.17015338533536523,-0.17453884556152902,-0.1490548169290258,-0.10983577643640063,-0.17800621055945506,-0.16700887071178921,-0.1960614825835057,-0.1755796145322505,0,-1.2212820385676062,38
12,52,-0.16154850218727046,-0.1607138652351825,-0.1384659926445216,-0.015540931736956577,-0.18880945926982326,-0.17462662655486996,-0.21765889834094104,-0.15870175549587684,0,-1.2212820385676062,38
142,64,-0.1781110983994092,-0.17094939607585555,-0.1641207248193162,-0.10893517167454636,-0.19217975756107858,-0.17770890910530954,-0.2211331666683662,-0.16867156747613857,0,-1.2212820385676062,38
103,63,-0.17924182250810408,-0.1716347488323003,-0.16943232425199303,-0.11143793723252018,-0.18850244722453038,-0.17313574942808213,-0.2197536741568491,-0.1755796145322505,0,-1.2212820385676062,38
64,64,-0.1846302792860389,-0.1837211922110027,-0.16514798412829312,-0.12075488798284169,-0.196084442166193,-0.18452397980186688,-0.215572894480743,-0.1755796145322505,0,-1.2212820385676062,38
25,67,-0.18199807436770116,-0.17635338524754554,-0.1657426502584132,-0.12108933451250736,-0.19555492294334853,-0.1828102812561136,-0.21867369884333684,-0.1755796145322505,0,-1.2212820385676062,38
157,68,-0.18667993933648463,-0.18839615116322445,-0.16506190233788362,-0.10503217881220994,-0.19908380728349678,-0.187321697983914,-0.2191410309323547,-0.1755796145322505,0,-1.2212820385676062,38
119,65,-0.18461448638663347,-0.18273776547387013,-0.16873736639963607,-0.11594580000104103,-0.19343219189618793,-0.1787514629969697,-0.22250651061279683,-0.1755796145322505,0,-1.2212820385676062,38
80,69,-0.18547233849762582,-0.17899217597513303,-0.1722820675294061,-0.10438952780111616,-0.1981717955455411,-0.18494145166526,-0.22273425353767912,-0.1755796145322505,0,-1.2212820385676062,38
41,72,-0.1949072667869677,-0.19154488911792367,-0.1911737524891308,-0.11673045585472518,-0.19069983741990063,-0.175065581801795,-0.22273425353767912,-0.1755796145322505,0,-1.2212820385676062,38
2,66,-0.18991023010018201,-0.18902307493700737,-0.1753765770901718,-0.12096454519801608,-0.19526186322563088,-0.1811344165167924,-0.2226146844030712,-0.1755796145322505,0,-1.2212820385676062,38
118,63,-0.18092442650399715,-0.17190962039597923,-0.1704856697070073,-0.054171925392965,-0.19899573321567812,-0.18648651302138006,-0.22133943059889313,-0.1755796145322505,0,-1.2212820385676062,38
79,66,-0.18630474938856387,-0.1756035400488663,-0.18046824232375308,-0.11071656007671378,-0.19474899350996558,-0.18823954639599555,-0.1988100970233874,-0.1755796145322505,0,-1.2212820385676062,38
40,59,-0.18467214755382455,-0.1726657108789641,-0.17774091540819595,-0.1391796906097622,-0.19302864921243848,-0.186589480479693,-0.19690231962780205,-0.1755796145322505,0,-1.2212820385676062,38
1,50,-0.15699743682593878,-0.15303195209284545,-0.128687616166782,-0.010736124372953498,-0.19518812679675945,-0.1903155944367909,-0.19423564509195917,-0.1755796145322505,0,-1.2212820385676062,38
133,70,-0.19011649046276863,-0.18890914197825728,-0.18266870549577038,-0.13209861820342422,-0.18601397456716723,-0.18269109739476033,-0.18046855249046628,-0.1755796145322505,0,-1.2212820385676062,38
94,71,-0.19447378152352987,-0.1885830986103881,-0.18951363214852937,-0.119870847350726,-0.19466547220020017,-0.19485956458854575,-0.17822489937017152,-0.1755796145322505,0,-1.2212820385676062,38
55,68,-0.19000804530772053,-0.17491959445774616,-0.18960799406870624,-0.11062257259898359,-0.1974455140286578,-0.19571475871615338,-0.18684769084266356,-0.1755796145322505,0,-1.2212820385676062,38
16,66,-0.19341409360996037,-0.18713296731089285,-0.17835788058387791,-0.12169355302033127,-0.20623637270107595,-0.2015877502099706,-0.20442234509811474,-0.1755796145322505,0,-1.2212820385676062,38
150,49,-0.2177703264176779,-0.20534567884936486,-0.2188166791932917,-0.21111705466609199,-0.20902412075697338,-0.20011513999007857,-0.22273425353767912,-0.14057929495258462,0,-1.2212820385676062,39
111,53,-0.22078235433106674,-0.20988570013346938,-0.21864800373133145,-0.21145364150465648,-0.2139174737835237,-0.20680122997352854,-0.22269781303008007,-0.13186991047478813,0,-1.2212820385676062,39
72,54,-0.21739355833807836,-0.2012958254235965,-0.2166014745665733,-0.21135602480748916,-0.21557781090474976,-0.20795138841065203,-0.22272207937484795,-0.1755796145322505,0,-1.2212820385676062,39
33,54,-0.2174995624564197,-0.19907190339863506,-0.2155095023477197,-0.2116049520381112,-0.22010757195296227,-0.2139345040232975,-0.22273425353767912,-0.1755796145322505,0,-1.2212820385676062,39
160,56,-0.22496630572475665,-0.21253143972802477,-0.22009084748720598,-0.21147336956928894,-0.22341124179618208,-0.2183010452826138,-0.22273425353767912,-0.1755796145322505,0,-1.2212820385676062,39
122,53,-0.222004054111474,-0.20874459973117787,-0.22077321489149146,-0.21101804211529504,-0.21711189771301123,-0.209975048088237,-0.22273425353767912,-0.1755796145322505,0,-1.2212820385676062,39
83,53,-0.2144855191675292,-0.19905422687242322,-0.2074169835447329,-0.21161825917604726,-0.21945475309108084,-0.21307165736169317,-0.22273425353767912,-0.1755796145322505,0,-1.2212820385676062,39
44,54,-0.21327057205331434,-0.18958613079698639,-0.2153519141207037,-0.21128278902038652,-0.21769311963811305,-0.2108412988542812,-0.22243440841609632,-0.1755796145322505,0,-1.2212820385676062,39
5,53,-0.2124961669124477,-0.18828877180028367,-0.21183765928554452,-0.21089176389026545,-0.22097862914798458,-0.21612027412334164,-0.21957028289588376,-0.1755796145322505,0,-1.2212820385676062,39
138,52,-0.21420532405970633,-0.18637630763743965,-0.21703131877556764,-0.21111249487756845,-0.223051533350883,-0.2184028199641742,-0.22096883596536884,-0.1755796145322505,0,-1.2212820385676062,39
99,51,-0.21228837474865359,-0.19326193912538717,-0.20585246257599876,-0.21146927506530863,-0.22111674299529727,-0.215268350080314,-0.22273425353767912,-0.1755796145322505,0,-1.2212820385676062,39
60,54,-0.21214554948824418,-0.18917245581325923,-0.21371024758987459,-0.2111324090560182,-0.21630492388301475,-0.20891257884540498,-0.22272162847992827,-0.1755796145322505,0,-1.2212820385676062,39
21,57,-0.2131656132662318,-0.19117795099598744,-0.2132406056057097,-0.21135844428711392,-0.21785334833022343,-0.2109550415093251,-0.22273425353767912,-0.1755796145322505,0,-1.2212820385676062,39
148,54,-0.2146748544298179,-0.19607402463432083,-0.20806490992780965,-0.2117548667179363,-0.22313431445722332,-0.21793912465112325,-0.22273425353767912,-0.1754066590094907,0,-1.2212820385676062,39
109,53,-0.20992367038900173,-0.18046472705474312,-0.21435204484981363,-0.2113476496857112,-0.21888632755943827,-0.21232035542943134,-0.22273425353767912,-0.1755796145322505,0,-1.2212820385676062,39
70,52,-0.2035721334171276,-0.1767624434641404,-0.20374208422603377,-0.21086142733804758,-0.2144005629860433,-0.20640778787100422,-0.22268416321114812,-0.1755796145322505,0,-1.2212820385676062,39
31,62,-0.20832678934763704,-0.19783410386010772,-0.1992412648019176,-0.21124175092367464,-0.20947647630769026,-0.19994852650032885,-0.2225592243279514,-0.17523483391498423,0,-1.2212820385676062,39
163,67,-0.21329100379115895,-0.20015515981957946,-0.20890147710079113,-0.210109806686932,-0.2122117206192675,-0.20402033128389102,-0.22113779858890464,-0.1755796145322505,0,-1.2212820385676062,39
125,65,-0.21284090326245012,-0.20082271746846478,-0.20607915708164457,-0.2095766836573119,-0.21328327154477317,-0.2068690440226062,-0.21675669859712185,-0.1755796145322505,0,-1.2212820385676062,39
86,66,-0.21336007673256288,-0.19948629777587082,-0.20883532741814645,-0.20871339471582376,-0.21354442139702623,-0.20525982735958204,-0.22273425353767912,-0.1755796145322505,0,-1.2212820385676062,39
47,62,-0.2126355608223262,-0.19593136336776487,-0.21110737177217434,-0.21183005670012042,-0.2124534730858727,-0.2038178942856068,-0.22273425353767912,-0.1755796145322505,0,-1.2212820385676062,39
8,57,-0.21082545536940717,-0.1936064969943244,-0.20698962254416428,-0.21167883922357433,-0.21414085298154872,-0.2060481455771309,-0.22273425353767912,-0.1755796145322505,0,-1.2212820385676062,39
144,57,-0.2120165712474455,-0.19327854841947084,-0.21290820448855086,-0.21191110926754916,-0.2114810384409251,-0.20253260362380934,-0.22273425353767912,-0.1755796145322505,0,-1.2212820385676062,39
105,57,-0.21033954138638103,-0.19308749805768108,-0.21061593735018652,-0.21151366321073167,-0.20869557183394083,-0.1988509842601775,-0.22273425353767912,-0.1755796145322505,0,-1.2212820385676062,39
66,59,-0.20923698041292949,-0.19159618740888462,-0.21005048836803186,-0.20564744874673793,-0.2080770862432583,-0.198033516723114,-0.22273425353767912,-0.1755796145322505,0,-1.2212820385676062,39
27,58,-0.2035340352914442,-0.18821202595213307,-0.20255451263531293,-0.1888845494512863,-0.20342611434923594,-0.1918862133801819,-0.22273425353767912,-0.1755796145322505,0,-1.2212820385676062,39
